|===============================================================================
|
|  DFTB+ development version (commit: a23bfb2)
|
|  Copyright (C) 2006 - 2025  DFTB+ developers group
|
|===============================================================================
|
|  When publishing results obtained with DFTB+, please cite the following
|  reference:
|
|    Recent Developments in DFTB+, a Software Package for Efficient Atomistic
|    Quantum Mechanical Simulations, J. Phys. Chem. A 129, 5373−5390 (2025).
|    [https://doi.org/10.1021/acs.jpca.5c01146]
|
|  You should also cite additional publications crediting the parametrization
|  data you use. Please consult the documentation of the SK-files for the
|  references.
|
|===============================================================================

Reading input file 'dftb_in.hsd'
Parser version: 14

--------------------------------------------------------------------------------
Reading SK-files:
./skf/O-O.skf
./skf/O-H.skf
./skf/H-H.skf
Done.


Processed input in HSD format written to 'dftb_pin.hsd'

Starting initialization...
--------------------------------------------------------------------------------
OpenMP threads:              1
Chosen random seed:          27141552
Current stacksize:           8 [Mb] (recommended: unlimited)
WARNING!
-> Current stacksize not set to unlimited or hard limit, which might cause
   random crashes (e.g. segmentation faults). It is advised to unlimit the
   stacksize by issuing 'ulimit -s unlimited' (Linux) or setting it to the 
   hard limit by 'ulimit -s hard' (Mac) in advance.
Mode:                        MD without scaling of velocities
                             (a.k.a. NVE ensemble)
Self consistent charges:     Yes
SCC-tolerance:                 0.100000E-04
Max. scc iterations:                    100
Shell resolved Hubbard:      No
Spin polarisation:           No
Nr. of up electrons:             4.000000
Nr. of down electrons:           4.000000
Periodic boundaries:         No
Electronic solver:           Relatively robust
Mixer:                       Broyden mixer
Mixing parameter:                  0.200000
Nr. of chrg. vec. in memory:            100
Max. SCC-cycles:                        100
Electronic temperature:              0.100000E-07 H      0.272114E-06 eV
Time step:                     0.206707E+02
Initial charges:             Set automatically (system chrg:   0.000E+00)
Included shells:             O:  s, p
                             H:  s
Extra options:
                             Mulliken analysis
Force type                   original

--------------------------------------------------------------------------------

***  Geometry step: 0

 iSCC Total electronic   Diff electronic      SCC error    
    1   -0.41266876E+01    0.00000000E+00    0.78319623E+00
    2   -0.41299054E+01   -0.41266876E+01    0.58180215E+00
    3   -0.41339226E+01   -0.32177758E-02    0.12229899E-01
    4   -0.41339246E+01   -0.40171773E-02    0.76940642E-02
    5   -0.41339257E+01   -0.20815220E-05    0.14236166E-03
    6   -0.41339257E+01   -0.10796120E-05    0.92069389E-06

Total Energy:                       -4.0709809573 H         -110.7770 eV
Extrapolated to 0K:                 -4.0709809573 H         -110.7770 eV
Total Mermin free energy:           -4.0709809573 H         -110.7770 eV
Force related energy:               -4.0709809573 H         -110.7770 eV

>> Charges saved for restart in charges.bin
 TempProfile:           2   1.0000000000000000E-008
MD Temperature:                      0.0186381601 H         5885.4585 K
MD Kinetic Energy:                   0.0559144804 H            1.5215 eV
Total MD Energy:                    -4.0150664769 H         -109.2555 eV

--------------------------------------------------------------------------------

***  Geometry step: 1

 iSCC Total electronic   Diff electronic      SCC error    
    1   -0.41012595E+01    0.00000000E+00    0.13856503E-01
    2   -0.41012611E+01    0.32666246E-01    0.10122139E-01
    3   -0.41012630E+01   -0.16239042E-05    0.39956578E-03
    4   -0.41012630E+01   -0.19154043E-05    0.11636445E-03
    5   -0.41012630E+01   -0.34932208E-08    0.99936248E-09

Total Energy:                       -4.0656476655 H         -110.6319 eV
Extrapolated to 0K:                 -4.0656476655 H         -110.6319 eV
Total Mermin free energy:           -4.0656476655 H         -110.6319 eV
Force related energy:               -4.0656476655 H         -110.6319 eV

>> Charges saved for restart in charges.bin
 TempProfile:           3   1.0000000000000000E-008
MD Temperature:                      0.0170707218 H         5390.5012 K
MD Kinetic Energy:                   0.0512121653 H            1.3936 eV
Total MD Energy:                    -4.0144355002 H         -109.2383 eV

--------------------------------------------------------------------------------

***  Geometry step: 2

 iSCC Total electronic   Diff electronic      SCC error    
    1   -0.40754978E+01    0.00000000E+00    0.18278397E-01
    2   -0.40755020E+01    0.25765178E-01    0.13038188E-01
    3   -0.40755064E+01   -0.41105294E-05    0.54203506E-03
    4   -0.40755064E+01   -0.44223929E-05    0.14747192E-03
    5   -0.40755064E+01   -0.70535338E-08    0.53947006E-08

Total Energy:                       -4.0536683814 H         -110.3059 eV
Extrapolated to 0K:                 -4.0536683814 H         -110.3059 eV
Total Mermin free energy:           -4.0536683814 H         -110.3059 eV
Force related energy:               -4.0536683814 H         -110.3059 eV

>> Charges saved for restart in charges.bin
 TempProfile:           4   1.0000000000000000E-008
MD Temperature:                      0.0132202903 H         4174.6325 K
MD Kinetic Energy:                   0.0396608709 H            1.0792 eV
Total MD Energy:                    -4.0140075106 H         -109.2267 eV

--------------------------------------------------------------------------------

***  Geometry step: 3

 iSCC Total electronic   Diff electronic      SCC error    
    1   -0.40567593E+01    0.00000000E+00    0.19377438E-01
    2   -0.40567658E+01    0.18747092E-01    0.13454264E-01
    3   -0.40567721E+01   -0.64714431E-05    0.62962701E-03
    4   -0.40567721E+01   -0.63176451E-05    0.14890185E-03
    5   -0.40567721E+01   -0.10068115E-07    0.13126707E-07

Total Energy:                       -4.0409389812 H         -109.9595 eV
Extrapolated to 0K:                 -4.0409389812 H         -109.9595 eV
Total Mermin free energy:           -4.0409389812 H         -109.9595 eV
Force related energy:               -4.0409389812 H         -109.9595 eV

>> Charges saved for restart in charges.bin
 TempProfile:           5   1.0000000000000000E-008
MD Temperature:                      0.0090506653 H         2857.9707 K
MD Kinetic Energy:                   0.0271519960 H            0.7388 eV
Total MD Energy:                    -4.0137869852 H         -109.2207 eV

--------------------------------------------------------------------------------

***  Geometry step: 4

 iSCC Total electronic   Diff electronic      SCC error    
    1   -0.40445698E+01    0.00000000E+00    0.17803051E-01
    2   -0.40445767E+01    0.12202330E-01    0.12319991E-01
    3   -0.40445828E+01   -0.69084882E-05    0.71786974E-03
    4   -0.40445829E+01   -0.61730463E-05    0.11800173E-03
    5   -0.40445829E+01   -0.13199118E-07    0.16810126E-07

Total Energy:                       -4.0306188618 H         -109.6787 eV
Extrapolated to 0K:                 -4.0306188618 H         -109.6787 eV
Total Mermin free energy:           -4.0306188618 H         -109.6787 eV
Force related energy:               -4.0306188618 H         -109.6787 eV

>> Charges saved for restart in charges.bin
 TempProfile:           6   1.0000000000000000E-008
MD Temperature:                      0.0056371826 H         1780.0794 K
MD Kinetic Energy:                   0.0169115478 H            0.4602 eV
Total MD Energy:                    -4.0137073140 H         -109.2185 eV

--------------------------------------------------------------------------------

***  Geometry step: 5

 iSCC Total electronic   Diff electronic      SCC error    
    1   -0.40384401E+01    0.00000000E+00    0.14707385E-01
    2   -0.40384452E+01    0.61427818E-02    0.10011199E-01
    3   -0.40384496E+01   -0.51652896E-05    0.84988264E-03
    4   -0.40384496E+01   -0.43275715E-05    0.67215828E-04
    5   -0.40384496E+01   -0.17389275E-07    0.12315769E-07

Total Energy:                       -4.0239379596 H         -109.4969 eV
Extrapolated to 0K:                 -4.0239379596 H         -109.4969 eV
Total Mermin free energy:           -4.0239379596 H         -109.4969 eV
Force related energy:               -4.0239379596 H         -109.4969 eV

>> Charges saved for restart in charges.bin
 TempProfile:           7   1.0000000000000000E-008
MD Temperature:                      0.0034150032 H         1078.3714 K
MD Kinetic Energy:                   0.0102450095 H            0.2788 eV
Total MD Energy:                    -4.0136929502 H         -109.2181 eV

--------------------------------------------------------------------------------

***  Geometry step: 6

 iSCC Total electronic   Diff electronic      SCC error    
    1   -0.40379862E+01    0.00000000E+00    0.10357074E-01
    2   -0.40379887E+01    0.46343438E-03    0.70113409E-02
    3   -0.40379909E+01   -0.25916045E-05    0.96887904E-03
    4   -0.40379909E+01   -0.21378605E-05    0.24423395E-04
    5   -0.40379909E+01   -0.20127067E-07    0.47343840E-08

Total Energy:                       -4.0211087766 H         -109.4199 eV
Extrapolated to 0K:                 -4.0211087766 H         -109.4199 eV
Total Mermin free energy:           -4.0211087766 H         -109.4199 eV
Force related energy:               -4.0211087766 H         -109.4199 eV

>> Charges saved for restart in charges.bin
 TempProfile:           8   1.0000000000000000E-008
MD Temperature:                      0.0024641457 H          778.1147 K
MD Kinetic Energy:                   0.0073924371 H            0.2012 eV
Total MD Energy:                    -4.0137163395 H         -109.2188 eV

--------------------------------------------------------------------------------

***  Geometry step: 7

 iSCC Total electronic   Diff electronic      SCC error    
    1   -0.40428941E+01    0.00000000E+00    0.55096468E-02
    2   -0.40428948E+01   -0.49031578E-02    0.38303888E-02
    3   -0.40428955E+01   -0.72798122E-06    0.83946088E-03
    4   -0.40428955E+01   -0.67916854E-06    0.53037839E-05

Total Energy:                       -4.0217734100 H         -109.4380 eV
Extrapolated to 0K:                 -4.0217734100 H         -109.4380 eV
Total Mermin free energy:           -4.0217734100 H         -109.4380 eV
Force related energy:               -4.0217734100 H         -109.4380 eV

>> Charges saved for restart in charges.bin
 TempProfile:           9   1.0000000000000000E-008
MD Temperature:                      0.0026703096 H          843.2161 K
MD Kinetic Energy:                   0.0080109287 H            0.2180 eV
Total MD Energy:                    -4.0137624813 H         -109.2200 eV

--------------------------------------------------------------------------------

***  Geometry step: 8

 iSCC Total electronic   Diff electronic      SCC error    
    1   -0.40528345E+01    0.00000000E+00    0.52495120E-02
    2   -0.40528348E+01   -0.99390496E-02    0.39279234E-02
    3   -0.40528350E+01   -0.21889756E-06    0.21356206E-03
    4   -0.40528350E+01   -0.26885827E-06    0.61111439E-05

Total Energy:                       -4.0252450904 H         -109.5325 eV
Extrapolated to 0K:                 -4.0252450904 H         -109.5325 eV
Total Mermin free energy:           -4.0252450904 H         -109.5325 eV
Force related energy:               -4.0252450904 H         -109.5325 eV

>> Charges saved for restart in charges.bin
 TempProfile:          10   1.0000000000000000E-008
MD Temperature:                      0.0038090386 H         1202.7978 K
MD Kinetic Energy:                   0.0114271157 H            0.3109 eV
Total MD Energy:                    -4.0138179747 H         -109.2215 eV

--------------------------------------------------------------------------------

***  Geometry step: 9

 iSCC Total electronic   Diff electronic      SCC error    
    1   -0.40673378E+01    0.00000000E+00    0.81758540E-02
    2   -0.40673385E+01   -0.14502759E-01    0.57047151E-02
    3   -0.40673392E+01   -0.75985568E-06    0.50656080E-03
    4   -0.40673392E+01   -0.65657021E-06    0.14426190E-04
    5   -0.40673392E+01   -0.87441236E-08    0.52748650E-09

Total Energy:                       -4.0307392438 H         -109.6820 eV
Extrapolated to 0K:                 -4.0307392438 H         -109.6820 eV
Total Mermin free energy:           -4.0307392438 H         -109.6820 eV
Force related energy:               -4.0307392438 H         -109.6820 eV

>> Charges saved for restart in charges.bin
 TempProfile:          11   1.0000000000000000E-008
MD Temperature:                      0.0056253568 H         1776.3451 K
MD Kinetic Energy:                   0.0168760704 H            0.4592 eV
Total MD Energy:                    -4.0138631734 H         -109.2228 eV

--------------------------------------------------------------------------------

***  Geometry step: 10

 iSCC Total electronic   Diff electronic      SCC error    
    1   -0.40856503E+01    0.00000000E+00    0.10381874E-01
    2   -0.40856519E+01   -0.18311060E-01    0.71792488E-02
    3   -0.40856534E+01   -0.16514582E-05    0.25395114E-03
    4   -0.40856534E+01   -0.14537123E-05    0.76333146E-04
    5   -0.40856534E+01   -0.12202888E-08    0.17015234E-08

Total Energy:                       -4.0377082915 H         -109.8716 eV
Extrapolated to 0K:                 -4.0377082915 H         -109.8716 eV
Total Mermin free energy:           -4.0377082915 H         -109.8716 eV
Force related energy:               -4.0377082915 H         -109.8716 eV

>> Charges saved for restart in charges.bin
 TempProfile:          12   1.0000000000000000E-008
MD Temperature:                      0.0079462860 H         2509.2357 K
MD Kinetic Energy:                   0.0238388581 H            0.6487 eV
Total MD Energy:                    -4.0138694334 H         -109.2229 eV

Molecular dynamics completed
MD information accumulated in md.out

--------------------------------------------------------------------------------
DFTB+ running times                          cpu [s]             wall clock [s]
--------------------------------------------------------------------------------
SCC                                    +       0.02 ( 79.3%)       0.05 ( 90.6%)
--------------------------------------------------------------------------------
Missing                                +       0.01 ( 20.7%)       0.00 (  9.4%)
Total                                  =       0.03 (100.0%)       0.05 (100.0%)
--------------------------------------------------------------------------------
