 Fermi distribution function

Calculation with static geometry


********************************************************************************
 iSCC Total electronic   Diff electronic      SCC error    
    6   -0.57643678E+01   -0.17301364E-07    0.25747905E-06
********************************************************************************

 Total charge:     0.00000000

 Atomic gross charges (e)
 Atom           Charge
    1      -0.17931324
    2      -0.20218353
    3       0.06352417
    4       0.06352402
    5       0.06352402
    6       0.06364161
    7       0.06364148
    8       0.06364148

Nr. of electrons (up):     14.00000000
Atom populations (up)
 Atom       Population
    1       4.17931324
    2       4.20218353
    3       0.93647583
    4       0.93647598
    5       0.93647598
    6       0.93635839
    7       0.93635852
    8       0.93635852

l-shell populations (up)
 Atom Sh.   l       Population
    1   1   0       1.24456051
    1   2   1       2.93475274
    2   1   0       1.23657948
    2   2   1       2.96560405
    3   1   0       0.93647583
    4   1   0       0.93647598
    5   1   0       0.93647598
    6   1   0       0.93635839
    7   1   0       0.93635852
    8   1   0       0.93635852

Orbital populations (up)
 Atom Sh.   l   m       Population  Label
    1   1   0   0       1.24456051  s
    1   2   1  -1       0.98910189  p_y
    1   2   1   0       0.95654897  p_z
    1   2   1   1       0.98910187  p_x
    2   1   0   0       1.23657948  s
    2   2   1  -1       1.00964517  p_y
    2   2   1   0       0.94631371  p_z
    2   2   1   1       1.00964517  p_x
    3   1   0   0       0.93647583  s
    4   1   0   0       0.93647598  s
    5   1   0   0       0.93647598  s
    6   1   0   0       0.93635839  s
    7   1   0   0       0.93635852  s
    8   1   0   0       0.93635852  s

Fermi level:                        -0.0046920243 H           -0.1277 eV
Band energy:                        -5.5822561381 H         -151.9009 eV
TS:                                  0.0000000000 H            0.0000 eV
Band free energy (E-TS):            -5.5822561381 H         -151.9009 eV
Extrapolated E(0K):                 -5.5822561381 H         -151.9009 eV
Input / Output electrons (q):     14.0000000000     14.0000000000

Energy H0:                          -5.7661933298 H         -156.9061 eV
Energy SCC:                          0.0018255532 H            0.0497 eV
Total Electronic energy:            -5.7643677766 H         -156.8564 eV
Repulsive energy:                    0.0702560169 H            1.9118 eV
Total energy:                       -5.6941117597 H         -154.9447 eV
Extrapolated to 0:                  -5.6941117597 H         -154.9447 eV
Total Mermin free energy:           -5.6941117597 H         -154.9447 eV
Force related energy:               -5.6941117597 H         -154.9447 eV

Non-constrained calculation

SCC converged

Total Forces
    1     -0.000000005099     -0.000000342969      0.011677151296
    2      0.000000202796      0.000000245674     -0.019665846139
    3      0.000741619908      0.002435771744      0.002304091102
    4     -0.002480006581     -0.000575460256      0.002303973952
    5      0.001738386160     -0.001859982766      0.002303974440
    6     -0.014816851765     -0.018682929023      0.000358796200
    7     -0.008771388442      0.022172970564      0.000358930179
    8      0.023588043023     -0.003490272968      0.000358928970

Maximal derivative component:        0.235880E-01 au

Dipole moment:   -0.00000006    0.00000007    0.00549518 au
Dipole moment:   -0.00000016    0.00000017    0.01396735 Debye


