 KPT            1  SPIN            1  KWEIGHT    6.2500000000000000E-002
     1    -23.1928  2.00000
     2    -22.3647  2.00000
     3    -17.9310  2.00000
     4    -17.9306  2.00000
     5    -17.9304  2.00000
     6    -16.3051  2.00000
     7    -16.3047  2.00000
     8    -16.3047  2.00000
     9    -12.0364  2.00000
    10    -11.3107  2.00000
    11    -10.6202  2.00000
    12    -10.6200  2.00000
    13    -10.6198  2.00000
    14     -8.7263  2.00000
    15     -7.8294  2.00000
    16     -7.8293  2.00000
    17     -7.7735  2.00000
    18     -7.7719  2.00000
    19     -7.7644  2.00000
    20     -7.1242  2.00000
    21     -2.9366  0.00000
    22     -2.9361  0.00000
    23     -2.9356  0.00000
    24      4.6657  0.00000
    25      8.2188  0.00000
    26      8.2188  0.00000
    27     10.3952  0.00000
    28     12.0033  0.00000
    29     12.0047  0.00000
    30     12.0136  0.00000
    31     15.1276  0.00000
    32     15.9624  0.00000
    33     21.5326  0.00000
    34     21.5328  0.00000
    35     21.5330  0.00000
    36     25.6025  0.00000
    37     25.6032  0.00000
    38     25.6041  0.00000

 KPT            2  SPIN            1  KWEIGHT   0.12500000000000000     
     1    -23.1909  2.00000
     2    -22.0239  2.00000
     3    -19.4445  2.00000
     4    -18.2956  2.00000
     5    -18.2954  2.00000
     6    -15.4623  2.00000
     7    -15.4619  2.00000
     8    -14.3563  2.00000
     9    -11.6614  2.00000
    10    -11.3746  2.00000
    11    -11.3734  2.00000
    12    -11.3127  2.00000
    13    -10.3283  2.00000
    14     -9.0033  2.00000
    15     -8.9177  2.00000
    16     -8.7124  2.00000
    17     -8.4133  2.00000
    18     -7.8293  2.00000
    19     -7.8193  2.00000
    20     -7.1245  2.00000
    21     -2.8508  0.00000
    22     -2.8503  0.00000
    23     -1.3478  0.00000
    24      3.7577  0.00000
    25      9.3356  0.00000
    26     10.1591  0.00000
    27     10.3472  0.00000
    28     11.7893  0.00000
    29     13.4171  0.00000
    30     13.4205  0.00000
    31     15.1837  0.00000
    32     16.8285  0.00000
    33     19.4941  0.00000
    34     20.1189  0.00000
    35     20.1205  0.00000
    36     23.7603  0.00000
    37     26.0330  0.00000
    38     26.0337  0.00000

 KPT            3  SPIN            1  KWEIGHT    6.2500000000000000E-002
     1    -23.1891  2.00000
     2    -21.0244  2.00000
     3    -21.0238  2.00000
     4    -18.5334  2.00000
     5    -18.5332  2.00000
     6    -14.4164  2.00000
     7    -14.4159  2.00000
     8    -12.4407  2.00000
     9    -12.4405  2.00000
    10    -11.5706  2.00000
    11    -11.5682  2.00000
    12    -11.3369  2.00000
    13    -10.5533  2.00000
    14    -10.5320  2.00000
    15     -9.5034  2.00000
    16     -9.5033  2.00000
    17     -8.7197  2.00000
    18     -7.8832  2.00000
    19     -7.8723  2.00000
    20     -7.1249  2.00000
    21     -2.7668  0.00000
    22     -2.7663  0.00000
    23      1.4336  0.00000
    24      1.4339  0.00000
    25     10.2974  0.00000
    26     10.9867  0.00000
    27     10.9884  0.00000
    28     14.7650  0.00000
    29     14.7652  0.00000
    30     15.2345  0.00000
    31     15.8257  0.00000
    32     15.8282  0.00000
    33     17.8022  0.00000
    34     17.8069  0.00000
    35     19.8125  0.00000
    36     19.8142  0.00000
    37     26.3547  0.00000
    38     26.3548  0.00000

 KPT            4  SPIN            1  KWEIGHT   0.12500000000000000     
     1    -23.1909  2.00000
     2    -22.0238  2.00000
     3    -19.4443  2.00000
     4    -18.2959  2.00000
     5    -18.2955  2.00000
     6    -15.4621  2.00000
     7    -15.4619  2.00000
     8    -14.3563  2.00000
     9    -11.6573  2.00000
    10    -11.3741  2.00000
    11    -11.3733  2.00000
    12    -11.3128  2.00000
    13    -10.3283  2.00000
    14     -9.0033  2.00000
    15     -8.9342  2.00000
    16     -8.6939  2.00000
    17     -8.4133  2.00000
    18     -7.8276  2.00000
    19     -7.8242  2.00000
    20     -7.1249  2.00000
    21     -2.8505  0.00000
    22     -2.8499  0.00000
    23     -1.3482  0.00000
    24      3.7577  0.00000
    25      9.3355  0.00000
    26     10.1591  0.00000
    27     10.3721  0.00000
    28     11.7943  0.00000
    29     13.4146  0.00000
    30     13.4195  0.00000
    31     15.1573  0.00000
    32     16.8285  0.00000
    33     19.4942  0.00000
    34     20.1195  0.00000
    35     20.1197  0.00000
    36     23.7604  0.00000
    37     26.0334  0.00000
    38     26.0334  0.00000

 KPT            5  SPIN            1  KWEIGHT   0.12500000000000000     
     1    -23.1892  2.00000
     2    -21.3533  2.00000
     3    -20.0633  2.00000
     4    -20.0529  2.00000
     5    -17.0127  2.00000
     6    -15.9334  2.00000
     7    -13.0794  2.00000
     8    -12.9754  2.00000
     9    -12.9675  2.00000
    10    -11.3321  2.00000
    11    -10.9021  2.00000
    12    -10.7390  2.00000
    13    -10.7338  2.00000
    14    -10.5947  2.00000
    15     -9.5155  2.00000
    16     -9.5079  2.00000
    17     -9.4890  2.00000
    18     -8.7000  2.00000
    19     -7.1253  2.00000
    20     -6.4845  2.00000
    21     -4.4510  0.00000
    22     -0.4226  0.00000
    23     -0.4098  0.00000
    24      2.1454  0.00000
    25     10.3227  0.00000
    26     11.7859  0.00000
    27     12.1979  0.00000
    28     13.0576  0.00000
    29     13.0672  0.00000
    30     15.2097  0.00000
    31     16.4199  0.00000
    32     16.5060  0.00000
    33     16.5167  0.00000
    34     18.9426  0.00000
    35     19.0575  0.00000
    36     22.9015  0.00000
    37     22.9069  0.00000
    38     27.7883  0.00000

 KPT            6  SPIN            1  KWEIGHT   0.12500000000000000     
     1    -23.1892  2.00000
     2    -21.3533  2.00000
     3    -20.0633  2.00000
     4    -20.0529  2.00000
     5    -17.0127  2.00000
     6    -15.9334  2.00000
     7    -13.0794  2.00000
     8    -12.9754  2.00000
     9    -12.9675  2.00000
    10    -11.3321  2.00000
    11    -10.9021  2.00000
    12    -10.7390  2.00000
    13    -10.7338  2.00000
    14    -10.5947  2.00000
    15     -9.5155  2.00000
    16     -9.5079  2.00000
    17     -9.4890  2.00000
    18     -8.7000  2.00000
    19     -7.1253  2.00000
    20     -6.4845  2.00000
    21     -4.4510  0.00000
    22     -0.4226  0.00000
    23     -0.4098  0.00000
    24      2.1454  0.00000
    25     10.3227  0.00000
    26     11.7859  0.00000
    27     12.1979  0.00000
    28     13.0576  0.00000
    29     13.0672  0.00000
    30     15.2097  0.00000
    31     16.4199  0.00000
    32     16.5060  0.00000
    33     16.5167  0.00000
    34     18.9426  0.00000
    35     19.0575  0.00000
    36     22.9015  0.00000
    37     22.9069  0.00000
    38     27.7883  0.00000

 KPT            7  SPIN            1  KWEIGHT   0.12500000000000000     
     1    -23.1909  2.00000
     2    -22.0238  2.00000
     3    -19.4443  2.00000
     4    -18.2959  2.00000
     5    -18.2955  2.00000
     6    -15.4621  2.00000
     7    -15.4619  2.00000
     8    -14.3563  2.00000
     9    -11.6573  2.00000
    10    -11.3741  2.00000
    11    -11.3733  2.00000
    12    -11.3128  2.00000
    13    -10.3283  2.00000
    14     -9.0033  2.00000
    15     -8.9342  2.00000
    16     -8.6939  2.00000
    17     -8.4133  2.00000
    18     -7.8276  2.00000
    19     -7.8242  2.00000
    20     -7.1249  2.00000
    21     -2.8505  0.00000
    22     -2.8499  0.00000
    23     -1.3482  0.00000
    24      3.7577  0.00000
    25      9.3355  0.00000
    26     10.1591  0.00000
    27     10.3721  0.00000
    28     11.7943  0.00000
    29     13.4146  0.00000
    30     13.4195  0.00000
    31     15.1573  0.00000
    32     16.8285  0.00000
    33     19.4942  0.00000
    34     20.1195  0.00000
    35     20.1197  0.00000
    36     23.7604  0.00000
    37     26.0334  0.00000
    38     26.0334  0.00000

 KPT            8  SPIN            1  KWEIGHT    6.2500000000000000E-002
     1    -23.1892  2.00000
     2    -21.0291  2.00000
     3    -21.0189  2.00000
     4    -18.5337  2.00000
     5    -18.5333  2.00000
     6    -14.4162  2.00000
     7    -14.4159  2.00000
     8    -12.4406  2.00000
     9    -12.4406  2.00000
    10    -11.5696  2.00000
    11    -11.5688  2.00000
    12    -11.3204  2.00000
    13    -10.5625  2.00000
    14    -10.5355  2.00000
    15     -9.5104  2.00000
    16     -9.4963  2.00000
    17     -8.7137  2.00000
    18     -7.8814  2.00000
    19     -7.8776  2.00000
    20     -7.1257  2.00000
    21     -2.7665  0.00000
    22     -2.7659  0.00000
    23      1.4266  0.00000
    24      1.4405  0.00000
    25     10.3440  0.00000
    26     10.9899  0.00000
    27     10.9931  0.00000
    28     14.7581  0.00000
    29     14.7721  0.00000
    30     15.1758  0.00000
    31     15.8270  0.00000
    32     15.8318  0.00000
    33     17.8033  0.00000
    34     17.8044  0.00000
    35     19.8132  0.00000
    36     19.8136  0.00000
    37     26.3547  0.00000
    38     26.3547  0.00000

 KPT            9  SPIN            1  KWEIGHT   0.12500000000000000     
     1    -23.1892  2.00000
     2    -21.3532  2.00000
     3    -20.0584  2.00000
     4    -20.0579  2.00000
     5    -17.0130  2.00000
     6    -15.9331  2.00000
     7    -13.0796  2.00000
     8    -12.9717  2.00000
     9    -12.9708  2.00000
    10    -11.3210  2.00000
    11    -10.9106  2.00000
    12    -10.7366  2.00000
    13    -10.7362  2.00000
    14    -10.5946  2.00000
    15     -9.5108  2.00000
    16     -9.5078  2.00000
    17     -9.4933  2.00000
    18     -8.6994  2.00000
    19     -7.1257  2.00000
    20     -6.4853  2.00000
    21     -4.4504  0.00000
    22     -0.4165  0.00000
    23     -0.4160  0.00000
    24      2.1453  0.00000
    25     10.3484  0.00000
    26     11.7855  0.00000
    27     12.1979  0.00000
    28     13.0626  0.00000
    29     13.0668  0.00000
    30     15.1765  0.00000
    31     16.4222  0.00000
    32     16.5101  0.00000
    33     16.5139  0.00000
    34     18.9426  0.00000
    35     19.0570  0.00000
    36     22.9042  0.00000
    37     22.9042  0.00000
    38     27.7883  0.00000

 KPT           10  SPIN            1  KWEIGHT    6.2500000000000000E-002
     1    -23.1892  2.00000
     2    -21.0291  2.00000
     3    -21.0189  2.00000
     4    -18.5337  2.00000
     5    -18.5333  2.00000
     6    -14.4162  2.00000
     7    -14.4159  2.00000
     8    -12.4406  2.00000
     9    -12.4406  2.00000
    10    -11.5696  2.00000
    11    -11.5688  2.00000
    12    -11.3204  2.00000
    13    -10.5625  2.00000
    14    -10.5355  2.00000
    15     -9.5104  2.00000
    16     -9.4963  2.00000
    17     -8.7137  2.00000
    18     -7.8814  2.00000
    19     -7.8776  2.00000
    20     -7.1257  2.00000
    21     -2.7665  0.00000
    22     -2.7659  0.00000
    23      1.4266  0.00000
    24      1.4405  0.00000
    25     10.3440  0.00000
    26     10.9899  0.00000
    27     10.9931  0.00000
    28     14.7581  0.00000
    29     14.7721  0.00000
    30     15.1758  0.00000
    31     15.8270  0.00000
    32     15.8318  0.00000
    33     17.8033  0.00000
    34     17.8044  0.00000
    35     19.8132  0.00000
    36     19.8136  0.00000
    37     26.3547  0.00000
    38     26.3547  0.00000

