 Fermi distribution function

Calculation with static geometry


********************************************************************************
 iSCC Total electronic   Diff electronic      SCC error    
    7   -0.18643739E+02   -0.13019275E-09    0.10989975E-05
********************************************************************************

 Total charge:    -0.00000000

 Atomic gross charges (e)
 Atom           Charge
    1      -0.00004015
    2      -0.00300619
    3       0.00368295
    4      -0.00004015
    5      -0.00004015
    6       0.00368295
    7      -0.00300619
    8      -0.00004015
    9      -0.57538208
   10       0.28709458
   11       0.28709458

Nr. of electrons (up):     40.00000000
Atom populations (up)
 Atom       Population
    1       4.00004015
    2       4.00300619
    3       3.99631705
    4       4.00004015
    5       4.00004015
    6       3.99631705
    7       4.00300619
    8       4.00004015
    9       6.57538208
   10       0.71290542
   11       0.71290542

l-shell populations (up)
 Atom Sh.   l       Population
    1   1   0       1.17456156
    1   2   1       2.82547858
    2   1   0       1.17498226
    2   2   1       2.82802393
    3   1   0       1.17399058
    3   2   1       2.82232647
    4   1   0       1.17456156
    4   2   1       2.82547858
    5   1   0       1.17456156
    5   2   1       2.82547858
    6   1   0       1.17399058
    6   2   1       2.82232647
    7   1   0       1.17498226
    7   2   1       2.82802393
    8   1   0       1.17456156
    8   2   1       2.82547858
    9   1   0       1.73628873
    9   2   1       4.83909336
   10   1   0       0.71290542
   11   1   0       0.71290542

Orbital populations (up)
 Atom Sh.   l   m       Population  Label
    1   1   0   0       1.17456156  s
    1   2   1  -1       0.91274094  p_y
    1   2   1   0       0.99997687  p_z
    1   2   1   1       0.91276077  p_x
    2   1   0   0       1.17498226  s
    2   2   1  -1       0.91299765  p_y
    2   2   1   0       1.00158380  p_z
    2   2   1   1       0.91344248  p_x
    3   1   0   0       1.17399058  s
    3   2   1  -1       0.91242822  p_y
    3   2   1   0       0.99795958  p_z
    3   2   1   1       0.91193868  p_x
    4   1   0   0       1.17456156  s
    4   2   1  -1       0.91274094  p_y
    4   2   1   0       0.99997687  p_z
    4   2   1   1       0.91276077  p_x
    5   1   0   0       1.17456156  s
    5   2   1  -1       0.91274094  p_y
    5   2   1   0       0.99997687  p_z
    5   2   1   1       0.91276077  p_x
    6   1   0   0       1.17399058  s
    6   2   1  -1       0.91242822  p_y
    6   2   1   0       0.99795958  p_z
    6   2   1   1       0.91193868  p_x
    7   1   0   0       1.17498226  s
    7   2   1  -1       0.91299765  p_y
    7   2   1   0       1.00158380  p_z
    7   2   1   1       0.91344248  p_x
    8   1   0   0       1.17456156  s
    8   2   1  -1       0.91274094  p_y
    8   2   1   0       0.99997687  p_z
    8   2   1   1       0.91276077  p_x
    9   1   0   0       1.73628873  s
    9   2   1  -1       1.17840876  p_y
    9   2   1   0       1.66068690  p_z
    9   2   1   1       1.99999769  p_x
   10   1   0   0       0.71290542  s
   11   1   0   0       0.71290542  s

Fermi level:                        -0.2009361659 H           -5.4678 eV
Band energy:                       -19.1910874274 H         -522.2161 eV
TS:                                  0.0000000000 H            0.0000 eV
Band free energy (E-TS):           -19.1910874274 H         -522.2161 eV
Extrapolated E(0K):                -19.1910874274 H         -522.2161 eV
Input / Output electrons (q):     40.0000000000     40.0000000000

Energy H0:                         -18.6631075849 H         -507.8490 eV
Energy SCC:                          0.0193688871 H            0.5271 eV
Total Electronic energy:           -18.6437386978 H         -507.3219 eV
Repulsive energy:                    0.6871432871 H           18.6981 eV
Total energy:                      -17.9565954107 H         -488.6238 eV
Extrapolated to 0:                 -17.9565954107 H         -488.6238 eV
Total Mermin free energy:          -17.9565954107 H         -488.6238 eV
Force related energy:              -17.9565954107 H         -488.6238 eV

Non-constrained calculation

SCC converged

Total Forces
    1     -0.000250056908     -0.000017471401      0.000008189281
    2      0.000000000000     -0.000194198535      0.000235953972
    3     -0.000000000000     -0.000134421011     -0.000013133007
    4     -0.000250056908      0.000017471401      0.000008189281
    5      0.000250056908     -0.000017471402      0.000008189281
    6      0.000000000000      0.000134421011     -0.000013133007
    7     -0.000000000000      0.000194198535      0.000235953972
    8      0.000250056908      0.000017471401      0.000008189281
    9      0.000000000000      0.000000000000     -0.008843006012
   10     -0.000000000000      0.002638800553      0.004182303479
   11      0.000000000000     -0.002638800553      0.004182303478

Total stress tensor
      0.000061651736     -0.000000000000     -0.000000000000
      0.000000000000      0.000064997188      0.000000000000
      0.000000000000      0.000000000000     -0.000006487410

Total lattice derivs
     -0.014071162383     -0.008564827246     -0.000000000000
     -0.000000000000     -0.017129654493     -0.000000000000
     -0.000000000000     -0.000000000000      0.000485657194

Maximal derivative component:        0.884301E-02 au

Volume:                              0.212202E+04 au^3
Pressure:                            0.400538E-04 au     0.117842E+10 Pa

Warning: dipole moment is not defined absolutely!
Dipole moment:    0.00000000   -0.00000000   -0.65469025 au
Dipole moment:    0.00000000   -0.00000000   -1.66405676 Debye


