 Fermi distribution function

Calculation with static geometry


********************************************************************************
 iSCC Total electronic   Diff electronic      SCC error    
    4   -0.57483591E+01   -0.37495095E-03    0.15676795E-07
********************************************************************************

 Total charge:    -0.00000000

 Atomic gross charges (e)
 Atom           Charge
    1      -0.19161372
    2      -0.19161372
    3       0.06387134
    4       0.06387119
    5       0.06387119
    6       0.06387134
    7       0.06387119
    8       0.06387119

Nr. of electrons (up):     14.00000000
Atom populations (up)
 Atom       Population
    1       4.19161372
    2       4.19161372
    3       0.93612866
    4       0.93612881
    5       0.93612881
    6       0.93612866
    7       0.93612881
    8       0.93612881

l-shell populations (up)
 Atom Sh.   l       Population
    1   1   0       1.25630180
    1   2   1       2.93531192
    2   1   0       1.25630180
    2   2   1       2.93531192
    3   1   0       0.93612866
    4   1   0       0.93612881
    5   1   0       0.93612881
    6   1   0       0.93612866
    7   1   0       0.93612881
    8   1   0       0.93612881

Orbital populations (up)
 Atom Sh.   l   m       Population  Label
    1   1   0   0       1.25630180  s
    1   2   1  -1       0.98974386  p_y
    1   2   1   0       0.95582423  p_z
    1   2   1   1       0.98974383  p_x
    2   1   0   0       1.25630180  s
    2   2   1  -1       0.98974386  p_y
    2   2   1   0       0.95582423  p_z
    2   2   1   1       0.98974383  p_x
    3   1   0   0       0.93612866  s
    4   1   0   0       0.93612881  s
    5   1   0   0       0.93612881  s
    6   1   0   0       0.93612866  s
    7   1   0   0       0.93612881  s
    8   1   0   0       0.93612881  s

Fermi level:                        -0.0029238664 H           -0.0796 eV
Band energy:                        -5.5662060448 H         -151.4642 eV
TS:                                  0.0000000000 H            0.0000 eV
Band free energy (E-TS):            -5.5662060448 H         -151.4642 eV
Extrapolated E(0K):                 -5.5662060448 H         -151.4642 eV
Input / Output electrons (q):     14.0000000000     14.0000000000

Energy H0:                          -5.7501573944 H         -156.4697 eV
Energy SCC:                          0.0017983000 H            0.0489 eV
Total Electronic energy:            -5.7483590944 H         -156.4208 eV
Repulsive energy:                    0.0472635064 H            1.2861 eV
Total energy:                       -5.7010955881 H         -155.1347 eV
Extrapolated to 0:                  -5.7010955881 H         -155.1347 eV
Total Mermin free energy:           -5.7010955881 H         -155.1347 eV
Force related energy:               -5.7010955881 H         -155.1347 eV

Non-constrained calculation

SCC converged

Total Forces
    1      0.000000000000     -0.000000339915     -0.016013927864
    2      0.000000000000      0.000000339915      0.016013927864
    3     -0.000000000000      0.002823180295      0.000140107670
    4     -0.002444703446     -0.001411426668      0.000139990189
    5      0.002444703446     -0.001411426668      0.000139990189
    6     -0.000000000000     -0.002823180295     -0.000140107670
    7     -0.002444703446      0.001411426668     -0.000139990189
    8      0.002444703446      0.001411426668     -0.000139990189

Maximal derivative component:        0.160139E-01 au

Dipole moment:    0.00000000    0.00000000   -0.00000000 au
Dipole moment:    0.00000000    0.00000000   -0.00000000 Debye


