 Fermi distribution function

Calculation with static geometry


********************************************************************************
 iSCC Total electronic   Diff electronic      SCC error    
    4   -0.57450093E+01   -0.38943704E-03    0.16054915E-07
********************************************************************************

 Total charge:     0.00000000

 Atomic gross charges (e)
 Atom           Charge
    1      -0.19347468
    2      -0.19347468
    3       0.06449166
    4       0.06449151
    5       0.06449151
    6       0.06449166
    7       0.06449150
    8       0.06449151

Nr. of electrons (up):     14.00000000
Atom populations (up)
 Atom       Population
    1       4.19347468
    2       4.19347468
    3       0.93550834
    4       0.93550849
    5       0.93550849
    6       0.93550834
    7       0.93550850
    8       0.93550849

l-shell populations (up)
 Atom Sh.   l       Population
    1   1   0       1.25646285
    1   2   1       2.93701183
    2   1   0       1.25646285
    2   2   1       2.93701183
    3   1   0       0.93550834
    4   1   0       0.93550849
    5   1   0       0.93550849
    6   1   0       0.93550834
    7   1   0       0.93550850
    8   1   0       0.93550849

Orbital populations (up)
 Atom Sh.   l   m       Population  Label
    1   1   0   0       1.25646285  s
    1   2   1  -1       0.99094465  p_y
    1   2   1   0       0.95512256  p_z
    1   2   1   1       0.99094463  p_x
    2   1   0   0       1.25646285  s
    2   2   1  -1       0.99094463  p_y
    2   2   1   0       0.95512256  p_z
    2   2   1   1       0.99094464  p_x
    3   1   0   0       0.93550834  s
    4   1   0   0       0.93550849  s
    5   1   0   0       0.93550849  s
    6   1   0   0       0.93550834  s
    7   1   0   0       0.93550850  s
    8   1   0   0       0.93550849  s

Fermi level:                        -0.0087725160 H           -0.2387 eV
Band energy:                        -5.5614851425 H         -151.3357 eV
TS:                                  0.0000000000 H            0.0000 eV
Band free energy (E-TS):            -5.5614851425 H         -151.3357 eV
Extrapolated E(0K):                 -5.5614851425 H         -151.3357 eV
Input / Output electrons (q):     14.0000000000     14.0000000000

Energy H0:                          -5.7468565240 H         -156.3799 eV
Energy SCC:                          0.0018472488 H            0.0503 eV
Total Electronic energy:            -5.7450092751 H         -156.3297 eV
Repulsive energy:                    0.0472635043 H            1.2861 eV
Total energy:                       -5.6977457708 H         -155.0436 eV
Extrapolated to 0:                  -5.6977457708 H         -155.0436 eV
Total Mermin free energy:           -5.6977457708 H         -155.0436 eV
Force related energy:               -5.6977457708 H         -155.0436 eV

Non-constrained calculation

SCC converged

Total Forces
    1     -0.000000004465     -0.000000340188     -0.011483194290
    2      0.000000294524      0.000000175482      0.011483192379
    3     -0.000000000100      0.001830786275      0.001141803669
    4     -0.001585264578     -0.000915228660      0.001141685217
    5      0.001585263078     -0.000915227889      0.001141686971
    6     -0.001585506619     -0.000915392678     -0.001141803372
    7     -0.000000021303      0.001830490728     -0.001141684493
    8      0.001585239464     -0.000915263070     -0.001141686081

Maximal derivative component:        0.114832E-01 au

Dipole moment:   -0.00000013    0.00000008    0.00000000 au
Dipole moment:   -0.00000033    0.00000019    0.00000000 Debye


