|===============================================================================
|
|  DFTB+ development version (commit: a23bfb2)
|
|  Copyright (C) 2006 - 2025  DFTB+ developers group
|
|===============================================================================
|
|  When publishing results obtained with DFTB+, please cite the following
|  reference:
|
|    Recent Developments in DFTB+, a Software Package for Efficient Atomistic
|    Quantum Mechanical Simulations, J. Phys. Chem. A 129, 5373−5390 (2025).
|    [https://doi.org/10.1021/acs.jpca.5c01146]
|
|  You should also cite additional publications crediting the parametrization
|  data you use. Please consult the documentation of the SK-files for the
|  references.
|
|===============================================================================

Reading input file 'dftb_in.hsd'
Parser version: 14

--------------------------------------------------------------------------------
Reading SK-files:
./skf/O-O.skf
./skf/O-H.skf
./skf/H-H.skf
Done.


Processed input in HSD format written to 'dftb_pin.hsd'

Starting initialization...
--------------------------------------------------------------------------------
OpenMP threads:              1
Chosen random seed:          27122706
Current stacksize:           8 [Mb] (recommended: unlimited)
WARNING!
-> Current stacksize not set to unlimited or hard limit, which might cause
   random crashes (e.g. segmentation faults). It is advised to unlimit the
   stacksize by issuing 'ulimit -s unlimited' (Linux) or setting it to the 
   hard limit by 'ulimit -s hard' (Mac) in advance.
Mode:                        MD without scaling of velocities
                             (a.k.a. NVE ensemble)
Self consistent charges:     Yes
SCC-tolerance:                 0.100000E-04
Max. scc iterations:                    100
Shell resolved Hubbard:      No
Spin polarisation:           No
Nr. of up electrons:             4.000000
Nr. of down electrons:           4.000000
Periodic boundaries:         No
Electronic solver:           Relatively robust
Mixer:                       Broyden mixer
Mixing parameter:                  0.200000
Nr. of chrg. vec. in memory:            100
Max. SCC-cycles:                        100
Electronic temperature:              0.100000E-07 H      0.272114E-06 eV
Time step:                     0.206707E+02
Initial charges:             Set automatically (system chrg:   0.000E+00)
Included shells:             O:  s, p
                             H:  s
Extra options:
                             Mulliken analysis
Force type                   original

--------------------------------------------------------------------------------

***  Geometry step: 0

 iSCC Total electronic   Diff electronic      SCC error    
    1   -0.41441207E+01    0.00000000E+00    0.75944711E+00
    2   -0.41471685E+01   -0.41441207E+01    0.56420469E+00
    3   -0.41509945E+01   -0.30477807E-02    0.40007493E-02
    4   -0.41509947E+01   -0.38260408E-02    0.10779368E-02
    5   -0.41509948E+01   -0.21766730E-06    0.83751164E-04
    6   -0.41509948E+01   -0.20895468E-07    0.45499355E-07

Total Energy:                       -4.0775870555 H         -110.9568 eV
Extrapolated to 0K:                 -4.0775870555 H         -110.9568 eV
Total Mermin free energy:           -4.0775870555 H         -110.9568 eV
Force related energy:               -4.0775870555 H         -110.9568 eV

>> Charges saved for restart in charges.bin
 TempProfile:           2   1.0000000000000000E-008
MD Temperature:                      0.0009470995 H          299.0700 K
MD Kinetic Energy:                   0.0028412985 H            0.0773 eV
Total MD Energy:                    -4.0747457570 H         -110.8795 eV

--------------------------------------------------------------------------------

***  Geometry step: 1

 iSCC Total electronic   Diff electronic      SCC error    
    1   -0.41505804E+01    0.00000000E+00    0.11615738E-02
    2   -0.41505804E+01    0.41439932E-03    0.85886634E-03
    3   -0.41505804E+01   -0.10170896E-07    0.38574853E-04
    4   -0.41505804E+01   -0.12726511E-07    0.27297820E-06

Total Energy:                       -4.0777454058 H         -110.9611 eV
Extrapolated to 0K:                 -4.0777454058 H         -110.9611 eV
Total Mermin free energy:           -4.0777454058 H         -110.9611 eV
Force related energy:               -4.0777454058 H         -110.9611 eV

>> Charges saved for restart in charges.bin
 TempProfile:           3   1.0000000000000000E-008
MD Temperature:                      0.0009990404 H          315.4716 K
MD Kinetic Energy:                   0.0029971212 H            0.0816 eV
Total MD Energy:                    -4.0747482846 H         -110.8795 eV

--------------------------------------------------------------------------------

***  Geometry step: 2

 iSCC Total electronic   Diff electronic      SCC error    
    1   -0.41499517E+01    0.00000000E+00    0.12904096E-02
    2   -0.41499517E+01    0.62867884E-03    0.96991433E-03
    3   -0.41499517E+01   -0.12570673E-07    0.44695907E-04
    4   -0.41499517E+01   -0.15849722E-07    0.36329640E-06

Total Energy:                       -4.0778603798 H         -110.9642 eV
Extrapolated to 0K:                 -4.0778603798 H         -110.9642 eV
Total Mermin free energy:           -4.0778603798 H         -110.9642 eV
Force related energy:               -4.0778603798 H         -110.9642 eV

>> Charges saved for restart in charges.bin
 TempProfile:           4   1.0000000000000000E-008
MD Temperature:                      0.0010368616 H          327.4146 K
MD Kinetic Energy:                   0.0031105849 H            0.0846 eV
Total MD Energy:                    -4.0747497950 H         -110.8796 eV

--------------------------------------------------------------------------------

***  Geometry step: 3

 iSCC Total electronic   Diff electronic      SCC error    
    1   -0.41492060E+01    0.00000000E+00    0.13971227E-02
    2   -0.41492060E+01    0.74574449E-03    0.10345167E-02
    3   -0.41492060E+01   -0.14388552E-07    0.45427484E-04
    4   -0.41492060E+01   -0.18111641E-07    0.47921673E-06

Total Energy:                       -4.0779077142 H         -110.9655 eV
Extrapolated to 0K:                 -4.0779077142 H         -110.9655 eV
Total Mermin free energy:           -4.0779077142 H         -110.9655 eV
Force related energy:               -4.0779077142 H         -110.9655 eV

>> Charges saved for restart in charges.bin
 TempProfile:           5   1.0000000000000000E-008
MD Temperature:                      0.0010526566 H          332.4023 K
MD Kinetic Energy:                   0.0031579699 H            0.0859 eV
Total MD Energy:                    -4.0747497444 H         -110.8796 eV

--------------------------------------------------------------------------------

***  Geometry step: 4

 iSCC Total electronic   Diff electronic      SCC error    
    1   -0.41484472E+01    0.00000000E+00    0.15418749E-02
    2   -0.41484473E+01    0.75877316E-03    0.11422928E-02
    3   -0.41484473E+01   -0.15643577E-07    0.40823617E-04
    4   -0.41484473E+01   -0.19515688E-07    0.64225961E-06

Total Energy:                       -4.0778872129 H         -110.9650 eV
Extrapolated to 0K:                 -4.0778872129 H         -110.9650 eV
Total Mermin free energy:           -4.0778872129 H         -110.9650 eV
Force related energy:               -4.0778872129 H         -110.9650 eV

>> Charges saved for restart in charges.bin
 TempProfile:           6   1.0000000000000000E-008
MD Temperature:                      0.0010462800 H          330.3887 K
MD Kinetic Energy:                   0.0031388399 H            0.0854 eV
Total MD Energy:                    -4.0747483730 H         -110.8795 eV

--------------------------------------------------------------------------------

***  Geometry step: 5

 iSCC Total electronic   Diff electronic      SCC error    
    1   -0.41477747E+01    0.00000000E+00    0.16933270E-02
    2   -0.41477747E+01    0.67262824E-03    0.12547765E-02
    3   -0.41477747E+01   -0.16785051E-07    0.30585995E-04
    4   -0.41477747E+01   -0.20686068E-07    0.95743317E-06

Total Energy:                       -4.0778193346 H         -110.9631 eV
Extrapolated to 0K:                 -4.0778193346 H         -110.9631 eV
Total Mermin free energy:           -4.0778193346 H         -110.9631 eV
Force related energy:               -4.0778193346 H         -110.9631 eV

>> Charges saved for restart in charges.bin
 TempProfile:           7   1.0000000000000000E-008
MD Temperature:                      0.0010242804 H          323.4418 K
MD Kinetic Energy:                   0.0030728413 H            0.0836 eV
Total MD Energy:                    -4.0747464932 H         -110.8795 eV

--------------------------------------------------------------------------------

***  Geometry step: 6

 iSCC Total electronic   Diff electronic      SCC error    
    1   -0.41472749E+01    0.00000000E+00    0.18352339E-02
    2   -0.41472749E+01    0.49976879E-03    0.13600012E-02
    3   -0.41472750E+01   -0.18312402E-07    0.16046213E-04
    4   -0.41472750E+01   -0.22358933E-07    0.17989510E-05

Total Energy:                       -4.0777328738 H         -110.9608 eV
Extrapolated to 0K:                 -4.0777328738 H         -110.9608 eV
Total Mermin free energy:           -4.0777328738 H         -110.9608 eV
Force related energy:               -4.0777328738 H         -110.9608 eV

>> Charges saved for restart in charges.bin
 TempProfile:           8   1.0000000000000000E-008
MD Temperature:                      0.0009959528 H          314.4966 K
MD Kinetic Energy:                   0.0029878583 H            0.0813 eV
Total MD Energy:                    -4.0747450155 H         -110.8795 eV

--------------------------------------------------------------------------------

***  Geometry step: 7

 iSCC Total electronic   Diff electronic      SCC error    
    1   -0.41470172E+01    0.00000000E+00    0.19474129E-02
    2   -0.41470172E+01    0.25777054E-03    0.14432601E-02
    3   -0.41470172E+01   -0.20306749E-07    0.69620400E-06

Total Energy:                       -4.0776508673 H         -110.9585 eV
Extrapolated to 0K:                 -4.0776508673 H         -110.9585 eV
Total Mermin free energy:           -4.0776508673 H         -110.9585 eV
Force related energy:               -4.0776508673 H         -110.9585 eV

>> Charges saved for restart in charges.bin
 TempProfile:           9   1.0000000000000000E-008
MD Temperature:                      0.0009687810 H          305.9165 K
MD Kinetic Energy:                   0.0029063431 H            0.0791 eV
Total MD Energy:                    -4.0747445242 H         -110.8794 eV

--------------------------------------------------------------------------------

***  Geometry step: 8

 iSCC Total electronic   Diff electronic      SCC error    
    1   -0.41470480E+01    0.00000000E+00    0.20092279E-02
    2   -0.41470481E+01   -0.30795254E-04    0.14895317E-02
    3   -0.41470481E+01   -0.22226126E-07    0.14270658E-04
    4   -0.41470481E+01   -0.27221501E-07    0.27159606E-05

Total Energy:                       -4.0775813972 H         -110.9566 eV
Extrapolated to 0K:                 -4.0775813972 H         -110.9566 eV
Total Mermin free energy:           -4.0775813972 H         -110.9566 eV
Force related energy:               -4.0775813972 H         -110.9566 eV

>> Charges saved for restart in charges.bin
 TempProfile:          10   1.0000000000000000E-008
MD Temperature:                      0.0009454467 H          298.5481 K
MD Kinetic Energy:                   0.0028363401 H            0.0772 eV
Total MD Energy:                    -4.0747450571 H         -110.8795 eV

--------------------------------------------------------------------------------

***  Geometry step: 9

 iSCC Total electronic   Diff electronic      SCC error    
    1   -0.41473854E+01    0.00000000E+00    0.20025092E-02
    2   -0.41473855E+01   -0.33735224E-03    0.14854738E-02
    3   -0.41473855E+01   -0.23103738E-07    0.26833699E-04
    4   -0.41473855E+01   -0.28559934E-07    0.19914808E-05

Total Energy:                       -4.0775168602 H         -110.9549 eV
Extrapolated to 0K:                 -4.0775168602 H         -110.9549 eV
Total Mermin free energy:           -4.0775168602 H         -110.9549 eV
Force related energy:               -4.0775168602 H         -110.9549 eV

>> Charges saved for restart in charges.bin
 TempProfile:          11   1.0000000000000000E-008
MD Temperature:                      0.0009235774 H          291.6423 K
MD Kinetic Energy:                   0.0027707323 H            0.0754 eV
Total MD Energy:                    -4.0747461279 H         -110.8795 eV

--------------------------------------------------------------------------------

***  Geometry step: 10

 iSCC Total electronic   Diff electronic      SCC error    
    1   -0.41480125E+01    0.00000000E+00    0.19170315E-02
    2   -0.41480125E+01   -0.62701307E-03    0.14233730E-02
    3   -0.41480126E+01   -0.22026065E-07    0.34121421E-04
    4   -0.41480126E+01   -0.27506243E-07    0.15480990E-05

Total Energy:                       -4.0774414143 H         -110.9528 eV
Extrapolated to 0K:                 -4.0774414143 H         -110.9528 eV
Total Mermin free energy:           -4.0774414143 H         -110.9528 eV
Force related energy:               -4.0774414143 H         -110.9528 eV

>> Charges saved for restart in charges.bin
 TempProfile:          12   1.0000000000000000E-008
MD Temperature:                      0.0008981524 H          283.6138 K
MD Kinetic Energy:                   0.0026944572 H            0.0733 eV
Total MD Energy:                    -4.0747469570 H         -110.8795 eV

--------------------------------------------------------------------------------

***  Geometry step: 11

 iSCC Total electronic   Diff electronic      SCC error    
    1   -0.41488735E+01    0.00000000E+00    0.17496279E-02
    2   -0.41488735E+01   -0.86092799E-03    0.13004972E-02
    3   -0.41488735E+01   -0.18754632E-07    0.35691206E-04
    4   -0.41488735E+01   -0.23634310E-07    0.11381306E-05

Total Energy:                       -4.0773429775 H         -110.9501 eV
Extrapolated to 0K:                 -4.0773429775 H         -110.9501 eV
Total Mermin free energy:           -4.0773429775 H         -110.9501 eV
Force related energy:               -4.0773429775 H         -110.9501 eV

>> Charges saved for restart in charges.bin
 TempProfile:          13   1.0000000000000000E-008
MD Temperature:                      0.0008653803 H          273.2652 K
MD Kinetic Energy:                   0.0025961409 H            0.0706 eV
Total MD Energy:                    -4.0747468366 H         -110.8795 eV

--------------------------------------------------------------------------------

***  Geometry step: 12

 iSCC Total electronic   Diff electronic      SCC error    
    1   -0.41498755E+01    0.00000000E+00    0.15055687E-02
    2   -0.41498755E+01   -0.10019933E-02    0.11202956E-02
    3   -0.41498755E+01   -0.13828998E-07    0.32048509E-04
    4   -0.41498755E+01   -0.17537464E-07    0.72774799E-06

Total Energy:                       -4.0772239963 H         -110.9469 eV
Extrapolated to 0K:                 -4.0772239963 H         -110.9469 eV
Total Mermin free energy:           -4.0772239963 H         -110.9469 eV
Force related energy:               -4.0772239963 H         -110.9469 eV

>> Charges saved for restart in charges.bin
 TempProfile:          14   1.0000000000000000E-008
MD Temperature:                      0.0008261562 H          260.8792 K
MD Kinetic Energy:                   0.0024784685 H            0.0674 eV
Total MD Energy:                    -4.0747455278 H         -110.8795 eV

--------------------------------------------------------------------------------

***  Geometry step: 13

 iSCC Total electronic   Diff electronic      SCC error    
    1   -0.41508982E+01    0.00000000E+00    0.11964074E-02
    2   -0.41508983E+01   -0.10227022E-02    0.89100060E-03
    3   -0.41508983E+01   -0.83901179E-08    0.24258228E-04
    4   -0.41508983E+01   -0.10657984E-07    0.37270853E-06

Total Energy:                       -4.0771049019 H         -110.9437 eV
Extrapolated to 0K:                 -4.0771049019 H         -110.9437 eV
Total Mermin free energy:           -4.0771049019 H         -110.9437 eV
Force related energy:               -4.0771049019 H         -110.9437 eV

>> Charges saved for restart in charges.bin
 TempProfile:          15   1.0000000000000000E-008
MD Temperature:                      0.0007871454 H          248.5605 K
MD Kinetic Energy:                   0.0023614361 H            0.0643 eV
Total MD Energy:                    -4.0747434658 H         -110.8794 eV

--------------------------------------------------------------------------------

***  Geometry step: 14

 iSCC Total electronic   Diff electronic      SCC error    
    1   -0.41518110E+01    0.00000000E+00    0.83698386E-03
    2   -0.41518110E+01   -0.91275738E-03    0.62355849E-03
    3   -0.41518110E+01   -0.37472780E-08    0.13290569E-04
    4   -0.41518110E+01   -0.47307473E-08    0.13946270E-06

Total Energy:                       -4.0770171358 H         -110.9413 eV
Extrapolated to 0K:                 -4.0770171358 H         -110.9413 eV
Total Mermin free energy:           -4.0770171358 H         -110.9413 eV
Force related energy:               -4.0770171358 H         -110.9413 eV

>> Charges saved for restart in charges.bin
 TempProfile:          16   1.0000000000000000E-008
MD Temperature:                      0.0007584955 H          239.5136 K
MD Kinetic Energy:                   0.0022754864 H            0.0619 eV
Total MD Energy:                    -4.0747416494 H         -110.8794 eV

--------------------------------------------------------------------------------

***  Geometry step: 15

 iSCC Total electronic   Diff electronic      SCC error    
    1   -0.41524951E+01    0.00000000E+00    0.44285015E-03
    2   -0.41524951E+01   -0.68406806E-03    0.32974843E-03
    3   -0.41524951E+01   -0.95846264E-09    0.46067040E-07

Total Energy:                       -4.0769879153 H         -110.9405 eV
Extrapolated to 0K:                 -4.0769879153 H         -110.9405 eV
Total Mermin free energy:           -4.0769879153 H         -110.9405 eV
Force related energy:               -4.0769879153 H         -110.9405 eV

>> Charges saved for restart in charges.bin
 TempProfile:          17   1.0000000000000000E-008
MD Temperature:                      0.0007489384 H          236.4958 K
MD Kinetic Energy:                   0.0022468152 H            0.0611 eV
Total MD Energy:                    -4.0747411001 H         -110.8793 eV

--------------------------------------------------------------------------------

***  Geometry step: 16

 iSCC Total electronic   Diff electronic      SCC error    
    1   -0.41528643E+01    0.00000000E+00    0.26180612E-03
    2   -0.41528643E+01   -0.36923350E-03    0.19900541E-03
    3   -0.41528643E+01   -0.56871308E-09    0.29553157E-05

Total Energy:                       -4.0770249851 H         -110.9415 eV
Extrapolated to 0K:                 -4.0770249851 H         -110.9415 eV
Total Mermin free energy:           -4.0770249851 H         -110.9415 eV
Force related energy:               -4.0770249851 H         -110.9415 eV

>> Charges saved for restart in charges.bin
 TempProfile:          18   1.0000000000000000E-008
MD Temperature:                      0.0007609327 H          240.2832 K
MD Kinetic Energy:                   0.0022827980 H            0.0621 eV
Total MD Energy:                    -4.0747421871 H         -110.8794 eV

--------------------------------------------------------------------------------

***  Geometry step: 17

 iSCC Total electronic   Diff electronic      SCC error    
    1   -0.41528782E+01    0.00000000E+00    0.64654012E-03
    2   -0.41528782E+01   -0.13852316E-04    0.48971911E-03
    3   -0.41528782E+01   -0.25529907E-08    0.14723297E-04
    4   -0.41528782E+01   -0.34445859E-08    0.39500000E-07

Total Energy:                       -4.0771113997 H         -110.9438 eV
Extrapolated to 0K:                 -4.0771113997 H         -110.9438 eV
Total Mermin free energy:           -4.0771113997 H         -110.9438 eV
Force related energy:               -4.0771113997 H         -110.9438 eV

>> Charges saved for restart in charges.bin
 TempProfile:          19   1.0000000000000000E-008
MD Temperature:                      0.0007890227 H          249.1534 K
MD Kinetic Energy:                   0.0023670681 H            0.0644 eV
Total MD Energy:                    -4.0747443316 H         -110.8794 eV

--------------------------------------------------------------------------------

***  Geometry step: 18

 iSCC Total electronic   Diff electronic      SCC error    
    1   -0.41525439E+01    0.00000000E+00    0.99557924E-03
    2   -0.41525439E+01    0.33428532E-03    0.75188811E-03
    3   -0.41525439E+01   -0.63223027E-08    0.27373120E-04
    4   -0.41525439E+01   -0.83191525E-08    0.15028835E-06

Total Energy:                       -4.0772145588 H         -110.9467 eV
Extrapolated to 0K:                 -4.0772145588 H         -110.9467 eV
Total Mermin free energy:           -4.0772145588 H         -110.9467 eV
Force related energy:               -4.0772145588 H         -110.9467 eV

>> Charges saved for restart in charges.bin
 TempProfile:          20   1.0000000000000000E-008
MD Temperature:                      0.0008227316 H          259.7978 K
MD Kinetic Energy:                   0.0024681948 H            0.0672 eV
Total MD Energy:                    -4.0747463640 H         -110.8795 eV

--------------------------------------------------------------------------------

***  Geometry step: 19

 iSCC Total electronic   Diff electronic      SCC error    
    1   -0.41519094E+01    0.00000000E+00    0.12565924E-02
    2   -0.41519094E+01    0.63456536E-03    0.94661384E-03
    3   -0.41519094E+01   -0.11032782E-07    0.34759481E-04
    4   -0.41519094E+01   -0.14235671E-07    0.38973680E-06

Total Energy:                       -4.0773040326 H         -110.9491 eV
Extrapolated to 0K:                 -4.0773040326 H         -110.9491 eV
Total Mermin free energy:           -4.0773040326 H         -110.9491 eV
Force related energy:               -4.0773040326 H         -110.9491 eV

>> Charges saved for restart in charges.bin
 TempProfile:          21   1.0000000000000000E-008
MD Temperature:                      0.0008522499 H          269.1189 K
MD Kinetic Energy:                   0.0025567498 H            0.0696 eV
Total MD Energy:                    -4.0747472828 H         -110.8795 eV

--------------------------------------------------------------------------------

***  Geometry step: 20

 iSCC Total electronic   Diff electronic      SCC error    
    1   -0.41510509E+01    0.00000000E+00    0.15192174E-02
    2   -0.41510510E+01    0.85844385E-03    0.11288540E-02
    3   -0.41510510E+01   -0.15705413E-07    0.35771561E-04
    4   -0.41510510E+01   -0.19910510E-07    0.78163012E-06

Total Energy:                       -4.0773667573 H         -110.9508 eV
Extrapolated to 0K:                 -4.0773667573 H         -110.9508 eV
Total Mermin free energy:           -4.0773667573 H         -110.9508 eV
Force related energy:               -4.0773667573 H         -110.9508 eV

>> Charges saved for restart in charges.bin
 TempProfile:          22   1.0000000000000000E-008
MD Temperature:                      0.0008732998 H          275.7659 K
MD Kinetic Energy:                   0.0026198993 H            0.0713 eV
Total MD Energy:                    -4.0747468580 H         -110.8795 eV

Molecular dynamics completed
MD information accumulated in md.out

--------------------------------------------------------------------------------
DFTB+ running times                          cpu [s]             wall clock [s]
--------------------------------------------------------------------------------
SCC                                    +       0.04 ( 79.5%)       0.10 ( 92.0%)
--------------------------------------------------------------------------------
Missing                                +       0.01 ( 20.5%)       0.01 (  8.0%)
Total                                  =       0.05 (100.0%)       0.11 (100.0%)
--------------------------------------------------------------------------------
