9
 energy: -11.393351581694 gnorm: 0.019570961808 xtb: 6.7.1 (edcfbbe)
C           -0.87421512459222        0.22880378879943        0.03359218929687
C            0.43626293246405       -0.47254451799324       -0.25758335975815
O            1.41376422942082       -0.09135148382350        0.69954124718973
H           -1.64301505214081       -0.06709894972942       -0.68561551331356
H           -0.74975185724539        1.31576268375646       -0.01102914137249
H           -1.22315360510585       -0.01046335073074        1.04349476847296
H            0.80435967881176       -0.21792771018344       -1.25606385728162
H            0.31013376829090       -1.55772951714850       -0.20272293158157
H            1.52561503009671        0.87254905705296        0.63638659834785
9
 energy: -11.394212660538 gnorm: 0.008724990010 xtb: 6.7.1 (edcfbbe)
C           -0.88820584663707        0.23506000867338        0.03016325483342
C            0.43807988475072       -0.45322071447309       -0.25199148554801
O            1.43765409985507       -0.11080488454709        0.69150673748907
H           -1.64801991258779       -0.07697091085002       -0.68391009490969
H           -0.77747235944606        1.31900795480227       -0.03378512491260
H           -1.22918588284296       -0.01341510545441        1.03472518195274
H            0.78500432078657       -0.21029682461377       -1.26544377795220
H            0.32596823861733       -1.53690879495684       -0.17995637260480
H            1.55617745750416        0.84754927141956        0.65869168165209
9
 energy: -11.394311591314 gnorm: 0.003644900329 xtb: 6.7.1 (edcfbbe)
C           -0.88896251570895        0.23902724160854        0.03299361223800
C            0.43881411022779       -0.45109057747245       -0.25341145375338
O            1.43942484416808       -0.11550601269260        0.68456487597783
H           -1.63999507058003       -0.08368286547460       -0.68233528787258
H           -0.78230113645057        1.32111115655749       -0.04111399720839
H           -1.22891523124855       -0.00842197477051        1.03581530623469
H            0.77637250155897       -0.20799188105209       -1.27205025482924
H            0.33034533261655       -1.53500963974673       -0.17556727748658
H            1.55521716541669        0.84156455304295        0.67110447669966
9
 energy: -11.394331744455 gnorm: 0.001213905264 xtb: 6.7.1 (edcfbbe)
C           -0.88907049755155        0.23969923563808        0.03339295154357
C            0.44001379279168       -0.45085191124443       -0.25365480987829
O            1.44166206713995       -0.11662871531090        0.67994022859192
H           -1.63896075388801       -0.08808549671187       -0.68076794650074
H           -0.78243078122297        1.32069394377014       -0.04589878892558
H           -1.22686569754392       -0.00382942748870        1.03731152604970
H            0.77302314731454       -0.20722923119685       -1.27399788112069
H            0.32946963779829       -1.53467395847048       -0.17670319388504
H            1.55315908516196        0.84090556101500        0.68037791412518
9
 energy: -11.394337071635 gnorm: 0.001136340430 xtb: 6.7.1 (edcfbbe)
C           -0.88787634903996        0.24003403139369        0.03314993916039
C            0.44152564723499       -0.45139166037346       -0.25484684612791
O            1.44334985506530       -0.11746395329268        0.67586055594287
H           -1.64022700940561       -0.09165986322752       -0.67696331353617
H           -0.78176720082256        1.32070773707087       -0.05127137876479
H           -1.22255727156060        0.00163620091454        1.03968793868376
H            0.77258137826320       -0.20779337371965       -1.27574682706852
H            0.32812527011152       -1.53519003121004       -0.17993235657747
H            1.54684568015369        0.84112091244423        0.69006228828784
9
 energy: -11.394338680203 gnorm: 0.000485178902 xtb: 6.7.1 (edcfbbe)
C           -0.88720885954080        0.24004970397625        0.03285319612609
C            0.44150098437259       -0.45146437724417       -0.25542269429911
O            1.44344101830197       -0.11780091213931        0.67596994574588
H           -1.64104739615657       -0.09186018004901       -0.67560036943247
H           -0.78138484814581        1.32086143002533       -0.05254906829993
H           -1.22069357600539        0.00253296411788        1.04020928935415
H            0.77322903676710       -0.20786125361794       -1.27611262287660
H            0.32812243426101       -1.53531796488206       -0.18057884221885
H            1.54404120614589        0.84086058981302        0.69123116590084
