9
 energy: -11.393351567045 gnorm: 0.019571038548 xtb: 6.7.1 (edcfbbe)
C           -0.89189624042125        0.11254743530535        0.09790831597821
C            0.50100563466127       -0.47784120811962        0.02517312338996
O            1.34931434395621        0.37211552327918       -0.73301588376107
H           -1.30289860322043        0.25504081410781       -0.90692166489612
H           -0.87032030882878        1.09756138099136        0.57565712369072
H           -1.56240243986702       -0.53899030123009        0.66517503984717
H            0.92850897973693       -0.59944910141672        1.02504334097389
H            0.47671066036359       -1.45736233388177       -0.46113267084883
H            1.37197797361948        1.23637779096449       -0.28788672437395
9
 energy: -11.394212656791 gnorm: 0.008725056033 xtb: 6.7.1 (edcfbbe)
C           -0.90607536942956        0.11512188981126        0.10415055813577
C            0.50043840212596       -0.45782957387420        0.02785518435883
O            1.37559416494325        0.35420703187840       -0.73456545333637
H           -1.30782487642978        0.24810785447743       -0.89987339909223
H           -0.89612834268623        1.08797682021930        0.59887157781236
H           -1.56655343139298       -0.54789898973030        0.65980645037494
H            0.90939831923013       -0.59866951856643        1.03749369966410
H            0.48839270285995       -1.42739049868426       -0.47408564968058
H            1.40275843077928        1.22637498446880       -0.31965296823683
9
 energy: -11.394311589340 gnorm: 0.003644934781 xtb: 6.7.1 (edcfbbe)
C           -0.90745889776308        0.11976163955664        0.10321163938487
C            0.50108336272223       -0.45637040907342        0.02998767884393
O            1.37841408248964        0.34738514939844       -0.73021380500571
H           -1.30813741052848        0.25311232971038       -0.89884856244123
H           -0.90047895903143        1.08636071068485        0.60661181193655
H           -1.55808244803902       -0.55236921816604        0.65531333888844
H            0.90119444453383       -0.60028696036564        1.04481115131371
H            0.49216346138893       -1.42336874372664       -0.47749667373577
H            1.40130236422738        1.22577550198143       -0.33337657918478
9
 energy: -11.394331743713 gnorm: 0.001213917290 xtb: 6.7.1 (edcfbbe)
C           -0.90766627100833        0.12051810314584        0.10312490115717
C            0.50227085500538       -0.45610155332021        0.03025816286058
O            1.38114602526448        0.34479683999565       -0.72654050567397
H           -1.30668288786413        0.25813654598701       -0.89842945479295
H           -0.90014844799238        1.08405502390736        0.61081457790771
H           -1.55676587472062       -0.55561419661298        0.65205005650325
H            0.89796983667359       -0.60078829212405        1.04703507737002
H            0.49136196966525       -1.42362617354824       -0.47628784579739
H            1.39851479497676        1.22862370256962       -0.34202496953442
9
 energy: -11.394337071411 gnorm: 0.001136339413 xtb: 6.7.1 (edcfbbe)
C           -0.90649366517057        0.12087367106278        0.10343436697895
C            0.50392648088317       -0.45687982080552        0.03106519579615
O            1.38325738632603        0.34261907976380       -0.72322547186296
H           -1.30315083906325        0.26458608498017       -0.89855035819855
H           -0.89902204085412        1.08200489165396        0.61569671098085
H           -1.55800646779515       -0.55749945044573        0.64717525217816
H            0.89773983328393       -0.60205389749024        1.04841976067020
H            0.49036180282064       -1.42555149335807       -0.47349591311463
H            1.39138750956932        1.23190093463882       -0.35051954342817
9
 energy: -11.394338680122 gnorm: 0.000485241212 xtb: 6.7.1 (edcfbbe)
C           -0.90580738786985        0.12085245421821        0.10368447983467
C            0.50395953809993       -0.45717888740189        0.03156221538989
O            1.38337116933508        0.34236784564915       -0.72346588602907
H           -1.30143573423456        0.26584094218398       -0.89873714570660
H           -0.89854607549972        1.08168177830978        0.61691010993504
H           -1.55891958829537       -0.55723933916951        0.64588293017508
H            0.89842043052769       -0.60218113192931        1.04869981523432
H            0.49042796600562       -1.42592625793002       -0.47295770335650
H            1.38852968193118        1.23178259606960       -0.35157881547684
