                :-) GROMACS - gmx mdrun, 2026.3-conda_forge (-:

Executable:   /home/<user>/miniforge3/envs/gromacs/bin.AVX2_256/gmx
Data prefix:  /home/<user>/miniforge3/envs/gromacs
Working dir:  /home/<user>/adit/examples/gromacs_spce_nvt_generated
Command line:
  gmx mdrun -deffnm adit -ntmpi 1 -ntomp 1

The current CPU can measure timings more accurately than the code in
gmx mdrun was configured to use. This might affect your simulation
speed as accurate timings are needed for load-balancing.
Please consider rebuilding gmx mdrun with the GMX_USE_RDTSCP=ON CMake option.
Reading file adit.tpr, VERSION 2026.3-conda_forge (single precision)
Changing nstlist from 10 to 25, rlist from 0.853 to 0.907


Using 1 MPI thread
Using 1 OpenMP thread 


NOTE: Thread affinity was not set.
starting mdrun 'SPC/E water'
250 steps,      0.5 ps.

Writing final coordinates.

               Core t (s)   Wall t (s)        (%)
       Time:        0.108        0.108      100.0
                 (ns/day)    (hour/ns)    (ms/step)  (Matom*steps/s) 
Performance:      402.395        0.060        0.429            1.509 

GROMACS reminds you: "Sincerity is the key to success. Once you can fake that you've got it made." (Groucho Marx)

