 Fermi distribution function

Calculation with static geometry


********************************************************************************
 iSCC Total electronic   Diff electronic      SCC error    
    1   -0.14316725E+02    0.00000000E+00    0.88817842E-14
********************************************************************************

 Total charge:     0.00000000

 Atomic gross charges (e)
 Atom           Charge
    1       0.00000000
    2       0.00000000
    3      -0.00000000
    4      -0.00000000
    5       0.00000000
    6       0.00000000
    7      -0.00000000
    8      -0.00000000

Nr. of electrons (up):     32.00000000
Atom populations (up)
 Atom       Population
    1       4.00000000
    2       4.00000000
    3       4.00000000
    4       4.00000000
    5       4.00000000
    6       4.00000000
    7       4.00000000
    8       4.00000000

l-shell populations (up)
 Atom Sh.   l       Population
    1   1   0       1.20297837
    1   2   1       2.79702163
    2   1   0       1.20297837
    2   2   1       2.79702163
    3   1   0       1.20297837
    3   2   1       2.79702163
    4   1   0       1.20297837
    4   2   1       2.79702163
    5   1   0       1.20297837
    5   2   1       2.79702163
    6   1   0       1.20297837
    6   2   1       2.79702163
    7   1   0       1.20297837
    7   2   1       2.79702163
    8   1   0       1.20297837
    8   2   1       2.79702163

Orbital populations (up)
 Atom Sh.   l   m       Population  Label
    1   1   0   0       1.20297837  s
    1   2   1  -1       0.93234144  p_y
    1   2   1   0       0.93234144  p_z
    1   2   1   1       0.93233876  p_x
    2   1   0   0       1.20297837  s
    2   2   1  -1       0.93234144  p_y
    2   2   1   0       0.93234144  p_z
    2   2   1   1       0.93233876  p_x
    3   1   0   0       1.20297837  s
    3   2   1  -1       0.93234144  p_y
    3   2   1   0       0.93234144  p_z
    3   2   1   1       0.93233876  p_x
    4   1   0   0       1.20297837  s
    4   2   1  -1       0.93234144  p_y
    4   2   1   0       0.93234144  p_z
    4   2   1   1       0.93233876  p_x
    5   1   0   0       1.20297837  s
    5   2   1  -1       0.93234144  p_y
    5   2   1   0       0.93234144  p_z
    5   2   1   1       0.93233876  p_x
    6   1   0   0       1.20297837  s
    6   2   1  -1       0.93234144  p_y
    6   2   1   0       0.93234144  p_z
    6   2   1   1       0.93233876  p_x
    7   1   0   0       1.20297837  s
    7   2   1  -1       0.93234144  p_y
    7   2   1   0       0.93234144  p_z
    7   2   1   1       0.93233876  p_x
    8   1   0   0       1.20297837  s
    8   2   1  -1       0.93234144  p_y
    8   2   1   0       0.93234144  p_z
    8   2   1   1       0.93233876  p_x

Fermi level:                        -0.0472415537 H           -1.2855 eV
Band energy:                       -14.3167248640 H         -389.5779 eV
TS:                                  0.0000000000 H            0.0000 eV
Band free energy (E-TS):           -14.3167248640 H         -389.5779 eV
Extrapolated E(0K):                -14.3167248640 H         -389.5779 eV
Input / Output electrons (q):     32.0000000000     32.0000000000

Energy H0:                         -14.3167248640 H         -389.5779 eV
Energy SCC:                          0.0000000000 H            0.0000 eV
Total Electronic energy:           -14.3167248640 H         -389.5779 eV
Repulsive energy:                    0.4311424412 H           11.7320 eV
Total energy:                      -13.8855824229 H         -377.8459 eV
Extrapolated to 0:                 -13.8855824229 H         -377.8459 eV
Total Mermin free energy:          -13.8855824229 H         -377.8459 eV
Force related energy:              -13.8855824229 H         -377.8459 eV

Non-constrained calculation

SCC converged

Total Forces
    1      0.000702152777     -0.000000000000     -0.000000000000
    2     -0.000702152778     -0.000000000000     -0.000000000000
    3      0.000702152778     -0.000000000000      0.000000000001
    4     -0.000702152776     -0.000000000001     -0.000000000000
    5      0.000702152776      0.000000000001     -0.000000000001
    6     -0.000702152777      0.000000000000     -0.000000000000
    7      0.000702152776      0.000000000000      0.000000000000
    8     -0.000702152777     -0.000000000000      0.000000000001

Total stress tensor
     -0.000138298577      0.000000000000     -0.000000000000
     -0.000000000000     -0.000137818021     -0.000108563925
     -0.000000000000     -0.000108563925     -0.000137818021

Total lattice derivs
      0.006283749834     -0.000000000000      0.000000000000
      0.000000000000      0.006249622518      0.004917098783
      0.000000000000      0.004917098783      0.006249622518

Maximal derivative component:        0.702153E-03 au

Volume:                              0.306269E+03 au^3
Pressure:                           -0.137978E-03 au    -0.405946E+10 Pa

Warning: dipole moment is not defined absolutely!
Dipole moment:    0.00000000   -0.00000000   -0.00000000 au
Dipole moment:    0.00000000   -0.00000000   -0.00000000 Debye


