 Fermi distribution function

Calculation with static geometry


********************************************************************************
 iSCC Total electronic   Diff electronic      SCC error    
    6   -0.57637960E+01   -0.64341936E-08    0.46378340E-06
********************************************************************************

 Total charge:    -0.00000000

 Atomic gross charges (e)
 Atom           Charge
    1      -0.18387235
    2      -0.20077635
    3       0.06335091
    4       0.06335076
    5       0.06335076
    6       0.06486552
    7       0.06486538
    8       0.06486538

Nr. of electrons (up):     14.00000000
Atom populations (up)
 Atom       Population
    1       4.18387235
    2       4.20077635
    3       0.93664909
    4       0.93664924
    5       0.93664924
    6       0.93513448
    7       0.93513462
    8       0.93513462

l-shell populations (up)
 Atom Sh.   l       Population
    1   1   0       1.24979735
    1   2   1       2.93407500
    2   1   0       1.24228569
    2   2   1       2.95849066
    3   1   0       0.93664909
    4   1   0       0.93664924
    5   1   0       0.93664924
    6   1   0       0.93513448
    7   1   0       0.93513462
    8   1   0       0.93513462

Orbital populations (up)
 Atom Sh.   l   m       Population  Label
    1   1   0   0       1.24979735  s
    1   2   1  -1       0.98899047  p_y
    1   2   1   0       0.95609407  p_z
    1   2   1   1       0.98899045  p_x
    2   1   0   0       1.24228569  s
    2   2   1  -1       1.00361555  p_y
    2   2   1   0       0.95125959  p_z
    2   2   1   1       1.00361553  p_x
    3   1   0   0       0.93664909  s
    4   1   0   0       0.93664924  s
    5   1   0   0       0.93664924  s
    6   1   0   0       0.93513448  s
    7   1   0   0       0.93513462  s
    8   1   0   0       0.93513462  s

Fermi level:                         0.0008482229 H            0.0231 eV
Band energy:                        -5.5815768193 H         -151.8824 eV
TS:                                  0.0000000000 H            0.0000 eV
Band free energy (E-TS):            -5.5815768193 H         -151.8824 eV
Extrapolated E(0K):                 -5.5815768193 H         -151.8824 eV
Input / Output electrons (q):     14.0000000000     14.0000000000

Energy H0:                          -5.7656079556 H         -156.8902 eV
Energy SCC:                          0.0018119064 H            0.0493 eV
Total Electronic energy:            -5.7637960492 H         -156.8409 eV
Repulsive energy:                    0.0650537397 H            1.7702 eV
Total energy:                       -5.6987423094 H         -155.0707 eV
Extrapolated to 0:                  -5.6987423094 H         -155.0707 eV
Total Mermin free energy:           -5.6987423094 H         -155.0707 eV
Force related energy:               -5.6987423094 H         -155.0707 eV

Non-constrained calculation

SCC converged

Total Forces
    1     -0.000000001336     -0.000000341723     -0.003807084490
    2      0.000000053909      0.000000327358      0.004966458380
    3      0.000400937680      0.002921496249      0.000941347172
    4     -0.002730315614     -0.001113362208      0.000941229680
    5      0.002329378098     -0.001807806301      0.000941229808
    6     -0.002980034734     -0.020331610377     -0.001327814448
    7     -0.016117461947      0.012746394448     -0.001327682971
    8      0.019097443944      0.007584902555     -0.001327683132

Maximal derivative component:        0.203316E-01 au

Dipole moment:   -0.00000002    0.00000004   -0.00024458 au
Dipole moment:   -0.00000004    0.00000009   -0.00062166 Debye


