     diagonalizing the dynamical matrix ...

 q =      0.00000000     0.00000000     0.00000000
 **************************************************************************
     freq (    1) =       0.000000 [THz] =       0.000000 [cm-1]
 (  0.000000   0.000000    -0.707107   0.000000     0.000000   0.000000   )
 (  0.000000   0.000000    -0.707107   0.000000     0.000000   0.000000   )
     freq (    2) =       0.000000 [THz] =       0.000000 [cm-1]
 ( -0.707107   0.000000     0.000000   0.000000     0.000000   0.000000   )
 ( -0.707107   0.000000     0.000000   0.000000     0.000000   0.000000   )
     freq (    3) =       0.000000 [THz] =       0.000000 [cm-1]
 (  0.000000   0.000000     0.000000   0.000000    -0.707107   0.000000   )
 (  0.000000   0.000000     0.000000   0.000000    -0.707107   0.000000   )
     freq (    4) =      17.611282 [THz] =     587.449126 [cm-1]
 (  0.000000   0.000000     0.707107   0.000000     0.000000   0.000000   )
 (  0.000000   0.000000    -0.707107   0.000000     0.000000   0.000000   )
     freq (    5) =      17.611282 [THz] =     587.449126 [cm-1]
 (  0.000000   0.000000     0.000000   0.000000    -0.707107   0.000000   )
 (  0.000000   0.000000     0.000000   0.000000     0.707107   0.000000   )
     freq (    6) =      17.611282 [THz] =     587.449126 [cm-1]
 ( -0.707107   0.000000     0.000000   0.000000     0.000000   0.000000   )
 (  0.707107   0.000000     0.000000   0.000000     0.000000   0.000000   )
 **************************************************************************
