PLUMED: PLUMED is starting
PLUMED: Version: 2.9.2 (git: Unknown) compiled on May 17 2026 at 07:51:56
PLUMED: Please cite these papers when using PLUMED [1][2]
PLUMED: For further information see the PLUMED web page at http://www.plumed.org
PLUMED: Root: /home/<user>/miniforge3/envs/lammps/lib/plumed
PLUMED: For installed feature, see /home/<user>/miniforge3/envs/lammps/lib/plumed/src/config/config.txt
PLUMED: Molecular dynamics engine: LAMMPS
PLUMED: Precision of reals: 8
PLUMED: Running over 1 node
PLUMED: Number of threads: 1
PLUMED: Cache line size: 512
PLUMED: Number of atoms: 108
PLUMED: File suffix: 
PLUMED: FILE: plumed.dat
PLUMED: Action DISTANCE
PLUMED:   with label d1
PLUMED:   between atoms 1 2
PLUMED:   using periodic boundary conditions
PLUMED: Action COORDINATION
PLUMED:   with label cn
PLUMED:   between two groups of 32 and 32 atoms
PLUMED:   first group:
PLUMED:   1  2  3  4  5  6  7  8  9  10  11  12  13  14  15  16  17  18  19  20  21  22  23  24  
PLUMED:   25  26  27  28  29  30  31  32  
PLUMED:   second group:
PLUMED:   1  2  3  4  5  6  7  8  9  10  11  12  13  14  15  16  17  18  19  20  21  22  23  24  
PLUMED:   25  26  27  28  29  30  31  32  
PLUMED:   using periodic boundary conditions
PLUMED:   contacts are counted with cutoff 3.  Using rational switching function with parameters d0=0 nn=6 mm=12
PLUMED: Action PRINT
PLUMED:   with label @2
PLUMED:   with stride 50
PLUMED:   with arguments d1 cn
PLUMED:   on file COLVAR
PLUMED:   with format  %f
PLUMED: END FILE: plumed.dat
PLUMED: Timestep: 0.001000
PLUMED: KbT has not been set by the MD engine
PLUMED: It should be set by hand where needed
PLUMED: Relevant bibliography:
PLUMED:   [1] The PLUMED consortium, Nat. Methods 16, 670 (2019)
PLUMED:   [2] Tribello, Bonomi, Branduardi, Camilloni, and Bussi, Comput. Phys. Commun. 185, 604 (2014)
PLUMED: Please read and cite where appropriate!
PLUMED: Finished setup
PLUMED:                                               Cycles        Total      Average      Minimum      Maximum
PLUMED:                                                    1     0.002272     0.002272     0.002272     0.002272
PLUMED: 1 Prepare dependencies                           301     0.000125     0.000000     0.000000     0.000054
PLUMED: 2 Sharing data                                     7     0.000120     0.000017     0.000011     0.000026
PLUMED: 3 Waiting for data                                 7     0.000037     0.000005     0.000003     0.000008
PLUMED: 4 Calculating (forward loop)                       7     0.000412     0.000059     0.000044     0.000112
PLUMED: 5 Applying (backward loop)                         7     0.000024     0.000003     0.000003     0.000004
PLUMED: 6 Update                                           7     0.000111     0.000016     0.000012     0.000032
