 KPT            1  SPIN            1  KWEIGHT    1.6666666666666666E-002
     1    -18.8782  2.00000
     2    -18.0348  2.00000
     3    -17.8618  2.00000
     4    -17.4816  2.00000
     5     -5.2731  2.00000
     6     -5.2660  2.00000
     7     -4.9375  2.00000
     8     -4.9031  2.00000
     9     -4.1756  2.00000
    10     -4.1727  2.00000
    11     -3.8533  2.00000
    12     -2.5327  2.00000
    13     -2.5178  2.00000
    14     -2.4744  2.00000
    15     -2.3061  2.00000
    16     -2.2698  2.00000
    17      1.1727  0.00000
    18      1.6102  0.00000
    19      2.4448  0.00000
    20      2.4521  0.00000
    21      2.6669  0.00000
    22      2.7134  0.00000
    23      5.2638  0.00000
    24      5.5431  0.00000
    25      5.7457  0.00000
    26      6.3411  0.00000
    27     14.2944  0.00000
    28     16.4325  0.00000
    29     16.7480  0.00000
    30     16.7520  0.00000
    31     17.6863  0.00000
    32     19.0933  0.00000
    33     19.2664  0.00000
    34     22.4872  0.00000

 KPT            2  SPIN            1  KWEIGHT    1.6666666666666666E-002
     1    -18.8610  2.00000
     2    -18.0332  2.00000
     3    -17.8567  2.00000
     4    -17.4894  2.00000
     5     -5.3253  2.00000
     6     -5.2710  2.00000
     7     -4.9505  2.00000
     8     -4.9279  2.00000
     9     -4.1920  2.00000
    10     -4.1253  2.00000
    11     -3.8191  2.00000
    12     -2.5828  2.00000
    13     -2.5569  2.00000
    14     -2.5001  2.00000
    15     -2.3858  2.00000
    16     -2.2327  2.00000
    17      1.2628  0.00000
    18      1.6276  0.00000
    19      2.3886  0.00000
    20      2.4199  0.00000
    21      2.6229  0.00000
    22      2.7066  0.00000
    23      5.3707  0.00000
    24      5.6690  0.00000
    25      5.7622  0.00000
    26      6.3723  0.00000
    27     14.1807  0.00000
    28     16.4604  0.00000
    29     16.7233  0.00000
    30     16.7682  0.00000
    31     17.7290  0.00000
    32     19.3070  0.00000
    33     19.4356  0.00000
    34     22.6559  0.00000

 KPT            3  SPIN            1  KWEIGHT    1.6666666666666666E-002
     1    -18.8100  2.00000
     2    -18.0282  2.00000
     3    -17.8425  2.00000
     4    -17.5119  2.00000
     5     -5.4557  2.00000
     6     -5.2867  2.00000
     7     -4.9894  2.00000
     8     -4.9724  2.00000
     9     -4.2406  2.00000
    10     -4.0171  2.00000
    11     -3.7434  2.00000
    12     -2.7314  2.00000
    13     -2.6544  2.00000
    14     -2.6001  2.00000
    15     -2.5327  2.00000
    16     -2.1773  2.00000
    17      1.5064  0.00000
    18      1.6682  0.00000
    19      2.2463  0.00000
    20      2.3564  0.00000
    21      2.5258  0.00000
    22      2.7105  0.00000
    23      5.6454  0.00000
    24      5.8068  0.00000
    25      5.9872  0.00000
    26      6.4519  0.00000
    27     13.9649  0.00000
    28     16.5382  0.00000
    29     16.6725  0.00000
    30     16.8206  0.00000
    31     17.8491  0.00000
    32     19.8326  0.00000
    33     19.9185  0.00000
    34     23.0887  0.00000

 KPT            4  SPIN            1  KWEIGHT    1.6666666666666666E-002
     1    -18.7274  2.00000
     2    -18.0191  2.00000
     3    -17.8226  2.00000
     4    -17.5469  2.00000
     5     -5.6145  2.00000
     6     -5.3129  2.00000
     7     -5.0507  2.00000
     8     -4.9939  2.00000
     9     -4.2989  2.00000
    10     -3.9359  2.00000
    11     -3.6746  2.00000
    12     -2.9698  2.00000
    13     -2.8977  2.00000
    14     -2.7500  2.00000
    15     -2.5437  2.00000
    16     -2.1621  2.00000
    17      1.7098  0.00000
    18      1.8462  0.00000
    19      2.1142  0.00000
    20      2.2816  0.00000
    21      2.4344  0.00000
    22      2.7711  0.00000
    23      5.8697  0.00000
    24      5.9989  0.00000
    25      6.3728  0.00000
    26      6.5486  0.00000
    27     13.8699  0.00000
    28     16.6340  0.00000
    29     16.6485  0.00000
    30     16.9123  0.00000
    31     18.0324  0.00000
    32     20.4685  0.00000
    33     20.6346  0.00000
    34     23.6198  0.00000

 KPT            5  SPIN            1  KWEIGHT    1.6666666666666666E-002
     1    -18.6171  2.00000
     2    -18.0049  2.00000
     3    -17.8021  2.00000
     4    -17.5911  2.00000
     5     -5.7614  2.00000
     6     -5.3447  2.00000
     7     -5.1230  2.00000
     8     -4.9742  2.00000
     9     -4.3534  2.00000
    10     -3.9581  2.00000
    11     -3.6478  2.00000
    12     -3.2739  2.00000
    13     -3.2304  2.00000
    14     -2.7637  2.00000
    15     -2.5585  2.00000
    16     -2.1953  2.00000
    17      1.7460  0.00000
    18      2.0523  0.00000
    19      2.1730  0.00000
    20      2.2745  0.00000
    21      2.3802  0.00000
    22      2.9065  0.00000
    23      5.9437  0.00000
    24      6.3576  0.00000
    25      6.6315  0.00000
    26      6.7127  0.00000
    27     14.0351  0.00000
    28     16.6217  0.00000
    29     16.7597  0.00000
    30     17.0311  0.00000
    31     18.2888  0.00000
    32     21.0798  0.00000
    33     21.4376  0.00000
    34     24.0847  0.00000

 KPT            6  SPIN            1  KWEIGHT    1.6666666666666666E-002
     1    -18.4852  2.00000
     2    -17.9851  2.00000
     3    -17.7879  2.00000
     4    -17.6410  2.00000
     5     -5.8689  2.00000
     6     -5.3711  2.00000
     7     -5.1903  2.00000
     8     -4.9205  2.00000
     9     -4.4107  2.00000
    10     -4.0782  2.00000
    11     -3.6950  2.00000
    12     -3.5967  2.00000
    13     -3.5434  2.00000
    14     -2.6753  2.00000
    15     -2.6543  2.00000
    16     -2.2195  2.00000
    17      1.7888  0.00000
    18      2.0730  0.00000
    19      2.1615  0.00000
    20      2.3653  0.00000
    21      2.6271  0.00000
    22      3.0922  0.00000
    23      6.0279  0.00000
    24      6.6746  0.00000
    25      6.6803  0.00000
    26      6.9517  0.00000
    27     14.4586  0.00000
    28     16.6225  0.00000
    29     16.8298  0.00000
    30     17.1445  0.00000
    31     18.6718  0.00000
    32     21.6175  0.00000
    33     22.1349  0.00000
    34     24.3741  0.00000

 KPT            7  SPIN            1  KWEIGHT    1.6666666666666666E-002
     1    -18.3407  2.00000
     2    -17.9591  2.00000
     3    -17.7881  2.00000
     4    -17.6936  2.00000
     5     -5.9178  2.00000
     6     -5.3784  2.00000
     7     -5.2473  2.00000
     8     -4.8771  2.00000
     9     -4.5008  2.00000
    10     -4.1917  2.00000
    11     -3.9315  2.00000
    12     -3.8591  2.00000
    13     -3.6905  2.00000
    14     -2.8674  2.00000
    15     -2.5355  2.00000
    16     -2.1978  2.00000
    17      1.8464  0.00000
    18      2.1388  0.00000
    19      2.1516  0.00000
    20      2.3770  0.00000
    21      2.9719  0.00000
    22      3.2858  0.00000
    23      6.1244  0.00000
    24      6.6856  0.00000
    25      6.9244  0.00000
    26      7.0973  0.00000
    27     15.0200  0.00000
    28     16.6119  0.00000
    29     16.8475  0.00000
    30     17.2104  0.00000
    31     19.2332  0.00000
    32     22.0975  0.00000
    33     22.5470  0.00000
    34     24.4440  0.00000

 KPT            8  SPIN            1  KWEIGHT    1.6666666666666666E-002
     1    -18.1949  2.00000
     2    -17.9268  2.00000
     3    -17.8110  2.00000
     4    -17.7464  2.00000
     5     -5.8955  2.00000
     6     -5.3536  2.00000
     7     -5.3196  2.00000
     8     -4.9228  2.00000
     9     -4.6268  2.00000
    10     -4.2110  2.00000
    11     -4.1700  2.00000
    12     -3.9865  2.00000
    13     -3.7835  2.00000
    14     -3.1487  2.00000
    15     -2.3928  2.00000
    16     -2.1683  2.00000
    17      1.9153  0.00000
    18      2.1194  0.00000
    19      2.2498  0.00000
    20      2.3969  0.00000
    21      3.2525  0.00000
    22      3.4461  0.00000
    23      6.2337  0.00000
    24      6.6471  0.00000
    25      7.0978  0.00000
    26      7.1818  0.00000
    27     15.5666  0.00000
    28     16.5669  0.00000
    29     16.8545  0.00000
    30     17.1991  0.00000
    31     19.9623  0.00000
    32     22.5666  0.00000
    33     22.5745  0.00000
    34     24.3010  0.00000

 KPT            9  SPIN            1  KWEIGHT    1.6666666666666666E-002
     1    -18.0598  2.00000
     2    -17.8886  2.00000
     3    -17.8629  2.00000
     4    -17.7974  2.00000
     5     -5.7985  2.00000
     6     -5.4560  2.00000
     7     -5.2890  2.00000
     8     -5.0493  2.00000
     9     -4.6839  2.00000
    10     -4.4459  2.00000
    11     -4.0003  2.00000
    12     -3.9986  2.00000
    13     -3.8755  2.00000
    14     -3.4517  2.00000
    15     -2.2753  2.00000
    16     -2.1630  2.00000
    17      1.9854  0.00000
    18      2.0909  0.00000
    19      2.3348  0.00000
    20      2.4058  0.00000
    21      3.4470  0.00000
    22      3.5395  0.00000
    23      6.3515  0.00000
    24      6.5711  0.00000
    25      7.1979  0.00000
    26      7.2272  0.00000
    27     15.9972  0.00000
    28     16.4674  0.00000
    29     16.9004  0.00000
    30     17.1149  0.00000
    31     20.7845  0.00000
    32     22.2238  0.00000
    33     23.0550  0.00000
    34     23.9828  0.00000

 KPT           10  SPIN            1  KWEIGHT    1.6666666666666666E-002
     1    -17.9467  2.00000
     2    -17.9467  2.00000
     3    -17.8452  2.00000
     4    -17.8451  2.00000
     5     -5.6386  2.00000
     6     -5.6385  2.00000
     7     -5.1837  2.00000
     8     -5.1837  2.00000
     9     -4.6134  2.00000
    10     -4.6133  2.00000
    11     -3.9538  2.00000
    12     -3.9536  2.00000
    13     -3.7448  2.00000
    14     -3.7445  2.00000
    15     -2.1972  2.00000
    16     -2.1971  2.00000
    17      2.0461  0.00000
    18      2.0462  0.00000
    19      2.3878  0.00000
    20      2.3880  0.00000
    21      3.5432  0.00000
    22      3.5434  0.00000
    23      6.4680  0.00000
    24      6.4684  0.00000
    25      7.2358  0.00000
    26      7.2364  0.00000
    27     16.2888  0.00000
    28     16.2889  0.00000
    29     16.9976  0.00000
    30     16.9979  0.00000
    31     21.5834  0.00000
    32     21.5840  0.00000
    33     23.5454  0.00000
    34     23.5458  0.00000

 KPT           11  SPIN            1  KWEIGHT    1.6666666666666666E-002
     1    -18.0383  2.00000
     2    -17.9193  2.00000
     3    -17.8589  2.00000
     4    -17.7969  2.00000
     5     -5.7452  2.00000
     6     -5.5647  2.00000
     7     -5.2042  2.00000
     8     -5.0258  2.00000
     9     -4.6500  2.00000
    10     -4.5088  2.00000
    11     -4.0947  2.00000
    12     -3.9681  2.00000
    13     -3.7854  2.00000
    14     -3.4894  2.00000
    15     -2.2476  2.00000
    16     -2.1780  2.00000
    17      2.0036  0.00000
    18      2.0649  0.00000
    19      2.3497  0.00000
    20      2.3929  0.00000
    21      3.4599  0.00000
    22      3.5165  0.00000
    23      6.3812  0.00000
    24      6.5162  0.00000
    25      7.2038  0.00000
    26      7.2266  0.00000
    27     16.0680  0.00000
    28     16.3460  0.00000
    29     16.9981  0.00000
    30     17.1331  0.00000
    31     21.0434  0.00000
    32     21.8891  0.00000
    33     23.2083  0.00000
    34     23.7388  0.00000

 KPT           12  SPIN            1  KWEIGHT    1.6666666666666666E-002
     1    -18.1561  2.00000
     2    -17.9313  2.00000
     3    -17.8623  2.00000
     4    -17.7434  2.00000
     5     -5.7625  2.00000
     6     -5.5696  2.00000
     7     -5.1724  2.00000
     8     -4.8959  2.00000
     9     -4.4669  2.00000
    10     -4.3680  2.00000
    11     -4.2371  2.00000
    12     -4.0026  2.00000
    13     -3.7144  2.00000
    14     -3.2035  2.00000
    15     -2.3249  2.00000
    16     -2.1972  2.00000
    17      1.9557  0.00000
    18      2.0387  0.00000
    19      2.3074  0.00000
    20      2.3787  0.00000
    21      3.2882  0.00000
    22      3.3912  0.00000
    23      6.2810  0.00000
    24      6.5157  0.00000
    25      7.0961  0.00000
    26      7.1815  0.00000
    27     15.7476  0.00000
    28     16.2882  0.00000
    29     17.0680  0.00000
    30     17.3327  0.00000
    31     20.4738  0.00000
    32     21.5883  0.00000
    33     23.0619  0.00000
    34     23.6802  0.00000

 KPT           13  SPIN            1  KWEIGHT    1.6666666666666666E-002
     1    -18.2727  2.00000
     2    -17.9565  2.00000
     3    -17.8644  2.00000
     4    -17.7058  2.00000
     5     -5.6640  2.00000
     6     -5.6002  2.00000
     7     -5.1299  2.00000
     8     -4.9080  2.00000
     9     -4.3864  2.00000
    10     -4.2365  2.00000
    11     -3.9985  2.00000
    12     -3.9742  2.00000
    13     -3.6117  2.00000
    14     -2.9783  2.00000
    15     -2.4234  2.00000
    16     -2.2628  2.00000
    17      1.9266  0.00000
    18      1.9807  0.00000
    19      2.2949  0.00000
    20      2.3712  0.00000
    21      3.0870  0.00000
    22      3.2025  0.00000
    23      6.1800  0.00000
    24      6.4727  0.00000
    25      6.8869  0.00000
    26      7.0916  0.00000
    27     15.3857  0.00000
    28     16.2046  0.00000
    29     17.0886  0.00000
    30     17.5306  0.00000
    31     19.9829  0.00000
    32     20.7653  0.00000
    33     23.0871  0.00000
    34     23.3884  0.00000

 KPT           14  SPIN            1  KWEIGHT    1.6666666666666666E-002
     1    -18.3697  2.00000
     2    -17.9867  2.00000
     3    -17.8645  2.00000
     4    -17.6812  2.00000
     5     -5.6321  2.00000
     6     -5.4852  2.00000
     7     -5.0897  2.00000
     8     -4.9357  2.00000
     9     -4.4154  2.00000
    10     -4.2056  2.00000
    11     -3.8852  2.00000
    12     -3.5815  2.00000
    13     -3.4472  2.00000
    14     -2.8750  2.00000
    15     -2.5296  2.00000
    16     -2.3614  2.00000
    17      1.9369  0.00000
    18      1.9456  0.00000
    19      2.3003  0.00000
    20      2.3785  0.00000
    21      2.9449  0.00000
    22      2.9987  0.00000
    23      6.0608  0.00000
    24      6.3651  0.00000
    25      6.6349  0.00000
    26      6.9704  0.00000
    27     15.0494  0.00000
    28     16.1222  0.00000
    29     17.0258  0.00000
    30     17.6969  0.00000
    31     19.6297  0.00000
    32     19.8038  0.00000
    33     22.9581  0.00000
    34     23.0832  0.00000

 KPT           15  SPIN            1  KWEIGHT    1.6666666666666666E-002
     1    -18.4334  2.00000
     2    -18.0163  2.00000
     3    -17.8609  2.00000
     4    -17.6654  2.00000
     5     -5.6565  2.00000
     6     -5.2906  2.00000
     7     -5.0673  2.00000
     8     -4.9524  2.00000
     9     -4.4180  2.00000
    10     -4.2345  2.00000
    11     -3.7357  2.00000
    12     -3.4303  2.00000
    13     -3.1616  2.00000
    14     -2.9115  2.00000
    15     -2.6145  2.00000
    16     -2.4345  2.00000
    17      1.8995  0.00000
    18      2.0186  0.00000
    19      2.3063  0.00000
    20      2.3772  0.00000
    21      2.8373  0.00000
    22      2.9270  0.00000
    23      5.9171  0.00000
    24      6.1467  0.00000
    25      6.5029  0.00000
    26      6.8713  0.00000
    27     14.8203  0.00000
    28     16.0492  0.00000
    29     16.9265  0.00000
    30     17.8434  0.00000
    31     18.9840  0.00000
    32     19.4335  0.00000
    33     22.5543  0.00000
    34     23.0494  0.00000

 KPT           16  SPIN            1  KWEIGHT    1.6666666666666666E-002
     1    -18.4549  2.00000
     2    -18.0412  2.00000
     3    -17.8523  2.00000
     4    -17.6582  2.00000
     5     -5.6704  2.00000
     6     -5.1552  2.00000
     7     -5.0836  2.00000
     8     -4.9576  2.00000
     9     -4.4086  2.00000
    10     -4.2645  2.00000
    11     -3.6685  2.00000
    12     -3.3674  2.00000
    13     -3.0414  2.00000
    14     -2.9720  2.00000
    15     -2.6353  2.00000
    16     -2.4533  2.00000
    17      1.8646  0.00000
    18      2.0817  0.00000
    19      2.3059  0.00000
    20      2.3516  0.00000
    21      2.7650  0.00000
    22      2.9631  0.00000
    23      5.8367  0.00000
    24      6.0253  0.00000
    25      6.4585  0.00000
    26      6.8363  0.00000
    27     14.7492  0.00000
    28     15.9939  0.00000
    29     16.8944  0.00000
    30     17.9574  0.00000
    31     18.6121  0.00000
    32     19.3936  0.00000
    33     22.3378  0.00000
    34     23.0069  0.00000

 KPT           17  SPIN            1  KWEIGHT    1.6666666666666666E-002
     1    -18.4795  2.00000
     2    -17.9204  2.00000
     3    -17.9105  2.00000
     4    -17.6720  2.00000
     5     -5.5756  2.00000
     6     -5.4320  2.00000
     7     -5.1018  2.00000
     8     -4.9522  2.00000
     9     -4.4519  2.00000
    10     -4.0745  2.00000
    11     -3.5811  2.00000
    12     -3.5542  2.00000
    13     -2.9835  2.00000
    14     -2.9044  2.00000
    15     -2.7951  2.00000
    16     -2.4457  2.00000
    17      1.9783  0.00000
    18      2.0065  0.00000
    19      2.3184  0.00000
    20      2.3712  0.00000
    21      2.8345  0.00000
    22      2.9307  0.00000
    23      5.8558  0.00000
    24      6.0164  0.00000
    25      6.5905  0.00000
    26      6.8159  0.00000
    27     14.5654  0.00000
    28     16.2628  0.00000
    29     16.7396  0.00000
    30     17.7894  0.00000
    31     18.6868  0.00000
    32     19.0488  0.00000
    33     22.9095  0.00000
    34     23.1854  0.00000

 KPT           18  SPIN            1  KWEIGHT    1.6666666666666666E-002
     1    -18.5410  2.00000
     2    -17.9708  2.00000
     3    -17.8200  2.00000
     4    -17.6674  2.00000
     5     -5.6255  2.00000
     6     -5.4307  2.00000
     7     -5.1223  2.00000
     8     -4.9410  2.00000
     9     -4.4202  2.00000
    10     -3.8920  2.00000
    11     -3.7804  2.00000
    12     -3.3690  2.00000
    13     -2.9504  2.00000
    14     -2.8703  2.00000
    15     -2.8089  2.00000
    16     -2.4022  2.00000
    17      1.9248  0.00000
    18      2.0646  0.00000
    19      2.2785  0.00000
    20      2.3617  0.00000
    21      2.6248  0.00000
    22      2.9900  0.00000
    23      5.8383  0.00000
    24      5.9711  0.00000
    25      6.6834  0.00000
    26      6.7401  0.00000
    27     14.3415  0.00000
    28     16.4517  0.00000
    29     16.6983  0.00000
    30     17.5652  0.00000
    31     18.6213  0.00000
    32     18.7768  0.00000
    33     23.0245  0.00000
    34     23.3502  0.00000

 KPT           19  SPIN            1  KWEIGHT    1.6666666666666666E-002
     1    -18.6296  2.00000
     2    -18.0012  2.00000
     3    -17.8008  2.00000
     4    -17.6193  2.00000
     5     -5.6884  2.00000
     6     -5.2903  2.00000
     7     -5.1583  2.00000
     8     -4.9286  2.00000
     9     -4.3056  2.00000
    10     -3.9374  2.00000
    11     -3.7711  2.00000
    12     -3.1290  2.00000
    13     -3.0109  2.00000
    14     -2.7736  2.00000
    15     -2.7056  2.00000
    16     -2.3188  2.00000
    17      1.8401  0.00000
    18      2.0715  0.00000
    19      2.1951  0.00000
    20      2.3473  0.00000
    21      2.4117  0.00000
    22      2.9598  0.00000
    23      5.7957  0.00000
    24      5.8934  0.00000
    25      6.6091  0.00000
    26      6.6946  0.00000
    27     14.1085  0.00000
    28     16.4958  0.00000
    29     16.7590  0.00000
    30     17.3187  0.00000
    31     18.2452  0.00000
    32     18.8780  0.00000
    33     22.5021  0.00000
    34     23.5515  0.00000

 KPT           20  SPIN            1  KWEIGHT    1.6666666666666666E-002
     1    -18.7244  2.00000
     2    -18.0181  2.00000
     3    -17.8183  2.00000
     4    -17.5605  2.00000
     5     -5.6307  2.00000
     6     -5.1990  2.00000
     7     -5.1699  2.00000
     8     -4.9221  2.00000
     9     -4.1802  2.00000
    10     -4.0485  2.00000
    11     -3.7289  2.00000
    12     -2.9591  2.00000
    13     -2.8614  2.00000
    14     -2.6747  2.00000
    15     -2.6185  2.00000
    16     -2.2300  2.00000
    17      1.7568  0.00000
    18      1.8508  0.00000
    19      2.1365  0.00000
    20      2.3714  0.00000
    21      2.3787  0.00000
    22      2.8775  0.00000
    23      5.7533  0.00000
    24      5.7738  0.00000
    25      6.3853  0.00000
    26      6.6115  0.00000
    27     13.9553  0.00000
    28     16.4880  0.00000
    29     16.7860  0.00000
    30     17.0885  0.00000
    31     17.9797  0.00000
    32     18.9831  0.00000
    33     21.6421  0.00000
    34     23.4472  0.00000

 KPT           21  SPIN            1  KWEIGHT    1.6666666666666666E-002
     1    -18.8056  2.00000
     2    -18.0278  2.00000
     3    -17.8403  2.00000
     4    -17.5164  2.00000
     5     -5.4914  2.00000
     6     -5.2348  2.00000
     7     -5.0578  2.00000
     8     -4.9204  2.00000
     9     -4.1416  2.00000
    10     -4.1127  2.00000
    11     -3.7552  2.00000
    12     -2.7902  2.00000
    13     -2.6231  2.00000
    14     -2.5914  2.00000
    15     -2.5247  2.00000
    16     -2.2017  2.00000
    17      1.5267  0.00000
    18      1.6826  0.00000
    19      2.2111  0.00000
    20      2.4124  0.00000
    21      2.4665  0.00000
    22      2.7857  0.00000
    23      5.5919  0.00000
    24      5.7224  0.00000
    25      6.0637  0.00000
    26      6.4799  0.00000
    27     13.9817  0.00000
    28     16.4618  0.00000
    29     16.7751  0.00000
    30     16.9042  0.00000
    31     17.8132  0.00000
    32     19.0772  0.00000
    33     20.5790  0.00000
    34     23.0830  0.00000

 KPT           22  SPIN            1  KWEIGHT    1.6666666666666666E-002
     1    -18.8594  2.00000
     2    -18.0331  2.00000
     3    -17.8562  2.00000
     4    -17.4903  2.00000
     5     -5.3403  2.00000
     6     -5.2589  2.00000
     7     -4.9653  2.00000
     8     -4.9167  2.00000
     9     -4.1668  2.00000
    10     -4.1488  2.00000
    11     -3.8178  2.00000
    12     -2.6095  2.00000
    13     -2.5356  2.00000
    14     -2.5148  2.00000
    15     -2.3691  2.00000
    16     -2.2418  2.00000
    17      1.2708  0.00000
    18      1.6296  0.00000
    19      2.3624  0.00000
    20      2.4407  0.00000
    21      2.6072  0.00000
    22      2.7203  0.00000
    23      5.3737  0.00000
    24      5.6562  0.00000
    25      5.7852  0.00000
    26      6.3768  0.00000
    27     14.1695  0.00000
    28     16.4389  0.00000
    29     16.7574  0.00000
    30     16.7887  0.00000
    31     17.7182  0.00000
    32     19.1347  0.00000
    33     19.6191  0.00000
    34     22.6694  0.00000

 KPT           23  SPIN            1  KWEIGHT    1.6666666666666666E-002
     1    -18.8782  2.00000
     2    -18.0348  2.00000
     3    -17.8618  2.00000
     4    -17.4816  2.00000
     5     -5.2731  2.00000
     6     -5.2660  2.00000
     7     -4.9375  2.00000
     8     -4.9031  2.00000
     9     -4.1756  2.00000
    10     -4.1727  2.00000
    11     -3.8533  2.00000
    12     -2.5327  2.00000
    13     -2.5178  2.00000
    14     -2.4744  2.00000
    15     -2.3061  2.00000
    16     -2.2698  2.00000
    17      1.1727  0.00000
    18      1.6102  0.00000
    19      2.4448  0.00000
    20      2.4521  0.00000
    21      2.6669  0.00000
    22      2.7134  0.00000
    23      5.2638  0.00000
    24      5.5431  0.00000
    25      5.7457  0.00000
    26      6.3411  0.00000
    27     14.2944  0.00000
    28     16.4325  0.00000
    29     16.7480  0.00000
    30     16.7520  0.00000
    31     17.6863  0.00000
    32     19.0933  0.00000
    33     19.2664  0.00000
    34     22.4872  0.00000

 KPT           24  SPIN            1  KWEIGHT    1.6666666666666666E-002
     1    -18.8626  2.00000
     2    -18.0782  2.00000
     3    -17.8321  2.00000
     4    -17.4881  2.00000
     5     -5.2725  2.00000
     6     -5.2659  2.00000
     7     -4.9367  2.00000
     8     -4.9179  2.00000
     9     -4.1480  2.00000
    10     -4.1442  2.00000
    11     -3.7982  2.00000
    12     -2.6186  2.00000
    13     -2.6097  2.00000
    14     -2.5052  2.00000
    15     -2.2510  2.00000
    16     -2.2231  2.00000
    17      1.1827  0.00000
    18      1.5993  0.00000
    19      2.4198  0.00000
    20      2.4266  0.00000
    21      2.7024  0.00000
    22      2.7470  0.00000
    23      5.2658  0.00000
    24      5.5534  0.00000
    25      5.7497  0.00000
    26      6.3174  0.00000
    27     14.3264  0.00000
    28     16.5315  0.00000
    29     16.6551  0.00000
    30     16.8119  0.00000
    31     17.7869  0.00000
    32     19.0798  0.00000
    33     19.2302  0.00000
    34     22.3563  0.00000

 KPT           25  SPIN            1  KWEIGHT    1.6666666666666666E-002
     1    -18.8169  2.00000
     2    -18.1717  2.00000
     3    -17.7775  2.00000
     4    -17.5064  2.00000
     5     -5.2714  2.00000
     6     -5.2659  2.00000
     7     -4.9471  2.00000
     8     -4.9362  2.00000
     9     -4.0654  2.00000
    10     -4.0594  2.00000
    11     -3.6563  2.00000
    12     -2.7980  2.00000
    13     -2.7898  2.00000
    14     -2.5938  2.00000
    15     -2.1774  2.00000
    16     -2.1567  2.00000
    17      1.2120  0.00000
    18      1.5674  0.00000
    19      2.3754  0.00000
    20      2.3795  0.00000
    21      2.7751  0.00000
    22      2.8154  0.00000
    23      5.2779  0.00000
    24      5.5751  0.00000
    25      5.7638  0.00000
    26      6.2482  0.00000
    27     14.4224  0.00000
    28     16.3833  0.00000
    29     16.8052  0.00000
    30     16.9972  0.00000
    31     18.0742  0.00000
    32     19.0451  0.00000
    33     19.1222  0.00000
    34     21.9873  0.00000

 KPT           26  SPIN            1  KWEIGHT    1.6666666666666666E-002
     1    -18.7435  2.00000
     2    -18.2863  2.00000
     3    -17.7210  2.00000
     4    -17.5347  2.00000
     5     -5.2703  2.00000
     6     -5.2663  2.00000
     7     -4.9673  2.00000
     8     -4.9397  2.00000
     9     -3.9308  2.00000
    10     -3.9224  2.00000
    11     -3.4707  2.00000
    12     -3.0144  2.00000
    13     -3.0037  2.00000
    14     -2.7291  2.00000
    15     -2.1267  2.00000
    16     -2.1123  2.00000
    17      1.2584  0.00000
    18      1.5174  0.00000
    19      2.3390  0.00000
    20      2.3402  0.00000
    21      2.8485  0.00000
    22      2.8802  0.00000
    23      5.3141  0.00000
    24      5.5839  0.00000
    25      5.7927  0.00000
    26      6.1417  0.00000
    27     14.5849  0.00000
    28     15.9913  0.00000
    29     17.1902  0.00000
    30     17.2791  0.00000
    31     18.4282  0.00000
    32     18.9410  0.00000
    33     19.0748  0.00000
    34     21.4423  0.00000

 KPT           27  SPIN            1  KWEIGHT    1.6666666666666666E-002
     1    -18.6468  2.00000
     2    -18.4099  2.00000
     3    -17.6666  2.00000
     4    -17.5716  2.00000
     5     -5.2693  2.00000
     6     -5.2671  2.00000
     7     -4.9704  2.00000
     8     -4.9489  2.00000
     9     -3.7567  2.00000
    10     -3.7468  2.00000
    11     -3.2775  2.00000
    12     -3.2405  2.00000
    13     -3.2242  2.00000
    14     -2.8952  2.00000
    15     -2.0986  2.00000
    16     -2.0911  2.00000
    17      1.3180  0.00000
    18      1.4545  0.00000
    19      2.3170  0.00000
    20      2.3171  0.00000
    21      2.9040  0.00000
    22      2.9217  0.00000
    23      5.3849  0.00000
    24      5.5537  0.00000
    25      5.8411  0.00000
    26      6.0201  0.00000
    27     14.8247  0.00000
    28     15.5563  0.00000
    29     17.5881  0.00000
    30     17.5958  0.00000
    31     18.4939  0.00000
    32     18.6937  0.00000
    33     19.4754  0.00000
    34     20.7968  0.00000

 KPT           28  SPIN            1  KWEIGHT    1.6666666666666666E-002
     1    -18.5331  2.00000
     2    -18.5331  2.00000
     3    -17.6161  2.00000
     4    -17.6161  2.00000
     5     -5.2682  2.00000
     6     -5.2682  2.00000
     7     -4.9613  2.00000
     8     -4.9613  2.00000
     9     -3.6183  2.00000
    10     -3.6182  2.00000
    11     -3.3860  2.00000
    12     -3.3860  2.00000
    13     -3.0785  2.00000
    14     -3.0784  2.00000
    15     -2.0875  2.00000
    16     -2.0875  2.00000
    17      1.3855  0.00000
    18      1.3856  0.00000
    19      2.3097  0.00000
    20      2.3097  0.00000
    21      2.9301  0.00000
    22      2.9302  0.00000
    23      5.4775  0.00000
    24      5.4777  0.00000
    25      5.9149  0.00000
    26      5.9152  0.00000
    27     15.1521  0.00000
    28     15.1522  0.00000
    29     17.7861  0.00000
    30     17.7862  0.00000
    31     18.4759  0.00000
    32     18.4764  0.00000
    33     20.1171  0.00000
    34     20.1174  0.00000

 KPT           29  SPIN            1  KWEIGHT    1.6666666666666666E-002
     1    -18.5264  2.00000
     2    -18.5078  2.00000
     3    -17.6273  2.00000
     4    -17.6177  2.00000
     5     -5.3144  2.00000
     6     -5.2583  2.00000
     7     -4.9616  2.00000
     8     -4.9447  2.00000
     9     -3.7805  2.00000
    10     -3.6332  2.00000
    11     -3.4641  2.00000
    12     -3.3765  2.00000
    13     -3.0727  2.00000
    14     -2.8927  2.00000
    15     -2.1682  2.00000
    16     -2.1420  2.00000
    17      1.4146  0.00000
    18      1.4853  0.00000
    19      2.2697  0.00000
    20      2.3010  0.00000
    21      2.8050  0.00000
    22      2.9420  0.00000
    23      5.5553  0.00000
    24      5.6046  0.00000
    25      5.9222  0.00000
    26      5.9947  0.00000
    27     15.1357  0.00000
    28     15.1983  0.00000
    29     17.7429  0.00000
    30     17.8795  0.00000
    31     18.4835  0.00000
    32     18.5708  0.00000
    33     20.2992  0.00000
    34     20.3192  0.00000

 KPT           30  SPIN            1  KWEIGHT    1.6666666666666666E-002
     1    -18.5080  2.00000
     2    -18.4351  2.00000
     3    -17.6597  2.00000
     4    -17.6227  2.00000
     5     -5.4364  2.00000
     6     -5.2300  2.00000
     7     -4.9618  2.00000
     8     -4.8934  2.00000
     9     -4.0074  2.00000
    10     -3.7135  2.00000
    11     -3.6551  2.00000
    12     -3.3489  2.00000
    13     -3.0603  2.00000
    14     -2.6330  2.00000
    15     -2.3771  2.00000
    16     -2.2601  2.00000
    17      1.4945  0.00000
    18      1.7444  0.00000
    19      2.2121  0.00000
    20      2.2766  0.00000
    21      2.5672  0.00000
    22      2.9724  0.00000
    23      5.6622  0.00000
    24      5.8463  0.00000
    25      5.9627  0.00000
    26      6.2472  0.00000
    27     15.0887  0.00000
    28     15.3216  0.00000
    29     17.6087  0.00000
    30     18.0249  0.00000
    31     18.5007  0.00000
    32     18.8499  0.00000
    33     20.7354  0.00000
    34     20.9200  0.00000

 KPT           31  SPIN            1  KWEIGHT    1.6666666666666666E-002
     1    -18.4829  2.00000
     2    -18.3237  2.00000
     3    -17.7108  2.00000
     4    -17.6311  2.00000
     5     -5.5793  2.00000
     6     -5.1888  2.00000
     7     -4.9611  2.00000
     8     -4.8175  2.00000
     9     -4.1827  2.00000
    10     -4.0585  2.00000
    11     -3.7010  2.00000
    12     -3.3070  2.00000
    13     -3.0429  2.00000
    14     -2.6640  2.00000
    15     -2.4830  2.00000
    16     -2.3653  2.00000
    17      1.6079  0.00000
    18      2.0584  0.00000
    19      2.2088  0.00000
    20      2.2500  0.00000
    21      2.4145  0.00000
    22      3.0049  0.00000
    23      5.7323  0.00000
    24      5.9473  0.00000
    25      6.1377  0.00000
    26      6.5489  0.00000
    27     15.0106  0.00000
    28     15.4995  0.00000
    29     17.3875  0.00000
    30     18.0845  0.00000
    31     18.5220  0.00000
    32     19.2342  0.00000
    33     21.2320  0.00000
    34     21.7459  0.00000

 KPT           32  SPIN            1  KWEIGHT    1.6666666666666666E-002
     1    -18.4606  2.00000
     2    -18.1868  2.00000
     3    -17.7773  2.00000
     4    -17.6432  2.00000
     5     -5.6726  2.00000
     6     -5.1463  2.00000
     7     -4.9597  2.00000
     8     -4.8324  2.00000
     9     -4.3333  2.00000
    10     -4.3141  2.00000
    11     -3.7125  2.00000
    12     -3.2726  2.00000
    13     -3.0159  2.00000
    14     -2.9311  2.00000
    15     -2.5053  2.00000
    16     -2.4283  2.00000
    17      1.7361  0.00000
    18      2.1429  0.00000
    19      2.2549  0.00000
    20      2.3111  0.00000
    21      2.5125  0.00000
    22      3.0127  0.00000
    23      5.7903  0.00000
    24      5.9963  0.00000
    25      6.3118  0.00000
    26      6.7578  0.00000
    27     14.8982  0.00000
    28     15.7253  0.00000
    29     17.1282  0.00000
    30     18.0579  0.00000
    31     18.5560  0.00000
    32     19.4822  0.00000
    33     21.7480  0.00000
    34     22.5033  0.00000

 KPT           33  SPIN            1  KWEIGHT    1.6666666666666666E-002
     1    -18.4549  2.00000
     2    -18.0412  2.00000
     3    -17.8523  2.00000
     4    -17.6582  2.00000
     5     -5.6704  2.00000
     6     -5.1552  2.00000
     7     -5.0836  2.00000
     8     -4.9576  2.00000
     9     -4.4086  2.00000
    10     -4.2645  2.00000
    11     -3.6685  2.00000
    12     -3.3674  2.00000
    13     -3.0414  2.00000
    14     -2.9720  2.00000
    15     -2.6353  2.00000
    16     -2.4533  2.00000
    17      1.8646  0.00000
    18      2.0817  0.00000
    19      2.3059  0.00000
    20      2.3516  0.00000
    21      2.7650  0.00000
    22      2.9631  0.00000
    23      5.8367  0.00000
    24      6.0253  0.00000
    25      6.4585  0.00000
    26      6.8363  0.00000
    27     14.7492  0.00000
    28     15.9939  0.00000
    29     16.8944  0.00000
    30     17.9574  0.00000
    31     18.6121  0.00000
    32     19.3936  0.00000
    33     22.3378  0.00000
    34     23.0069  0.00000

 KPT           34  SPIN            1  KWEIGHT    1.6666666666666666E-002
     1    -18.4674  2.00000
     2    -17.9766  2.00000
     3    -17.8791  2.00000
     4    -17.6663  2.00000
     5     -5.6417  2.00000
     6     -5.3119  2.00000
     7     -5.1039  2.00000
     8     -4.9212  2.00000
     9     -4.5057  2.00000
    10     -4.0342  2.00000
    11     -3.6360  2.00000
    12     -3.4650  2.00000
    13     -3.1354  2.00000
    14     -3.0131  2.00000
    15     -2.5915  2.00000
    16     -2.4503  2.00000
    17      1.9057  0.00000
    18      2.0758  0.00000
    19      2.3100  0.00000
    20      2.3638  0.00000
    21      2.8105  0.00000
    22      2.9482  0.00000
    23      5.8550  0.00000
    24      6.0209  0.00000
    25      6.5250  0.00000
    26      6.8339  0.00000
    27     14.5310  0.00000
    28     16.3251  0.00000
    29     16.8181  0.00000
    30     17.6186  0.00000
    31     18.6568  0.00000
    32     19.7344  0.00000
    33     21.9256  0.00000
    34     23.5443  0.00000

 KPT           35  SPIN            1  KWEIGHT    1.6666666666666666E-002
     1    -18.4757  2.00000
     2    -17.9484  2.00000
     3    -17.8872  2.00000
     4    -17.6711  2.00000
     5     -5.6216  2.00000
     6     -5.3968  2.00000
     7     -5.1053  2.00000
     8     -4.8977  2.00000
     9     -4.5550  2.00000
    10     -3.8291  2.00000
    11     -3.6120  2.00000
    12     -3.5357  2.00000
    13     -3.3228  2.00000
    14     -2.9936  2.00000
    15     -2.5405  2.00000
    16     -2.4450  2.00000
    17      1.9130  0.00000
    18      2.0928  0.00000
    19      2.3049  0.00000
    20      2.3676  0.00000
    21      2.7985  0.00000
    22      2.9613  0.00000
    23      5.8670  0.00000
    24      6.0134  0.00000
    25      6.5559  0.00000
    26      6.8271  0.00000
    27     14.3882  0.00000
    28     16.5249  0.00000
    29     16.9521  0.00000
    30     17.2503  0.00000
    31     18.6844  0.00000
    32     20.1789  0.00000
    33     21.4484  0.00000
    34     23.8106  0.00000

 KPT           36  SPIN            1  KWEIGHT    1.6666666666666666E-002
     1    -18.4628  2.00000
     2    -17.9466  2.00000
     3    -17.8862  2.00000
     4    -17.6731  2.00000
     5     -5.6294  2.00000
     6     -5.3949  2.00000
     7     -5.1377  2.00000
     8     -4.8962  2.00000
     9     -4.5567  2.00000
    10     -3.8295  2.00000
    11     -3.6492  2.00000
    12     -3.6219  2.00000
    13     -3.2136  2.00000
    14     -3.0614  2.00000
    15     -2.5353  2.00000
    16     -2.4288  2.00000
    17      1.9184  0.00000
    18      2.0601  0.00000
    19      2.3044  0.00000
    20      2.3778  0.00000
    21      2.8079  0.00000
    22      2.9670  0.00000
    23      5.9075  0.00000
    24      6.0877  0.00000
    25      6.5645  0.00000
    26      6.8503  0.00000
    27     14.4220  0.00000
    28     16.5556  0.00000
    29     16.9562  0.00000
    30     17.2325  0.00000
    31     18.9008  0.00000
    32     20.2471  0.00000
    33     21.4461  0.00000
    34     23.8556  0.00000

 KPT           37  SPIN            1  KWEIGHT    1.6666666666666666E-002
     1    -18.4251  2.00000
     2    -17.9412  2.00000
     3    -17.8834  2.00000
     4    -17.6791  2.00000
     5     -5.6554  2.00000
     6     -5.3903  2.00000
     7     -5.2135  2.00000
     8     -4.8899  2.00000
     9     -4.5627  2.00000
    10     -3.8430  2.00000
    11     -3.7515  2.00000
    12     -3.7289  2.00000
    13     -3.2507  2.00000
    14     -3.0389  2.00000
    15     -2.5313  2.00000
    16     -2.3872  2.00000
    17      1.9335  0.00000
    18      2.0004  0.00000
    19      2.3020  0.00000
    20      2.3745  0.00000
    21      2.8499  0.00000
    22      3.0101  0.00000
    23      5.9983  0.00000
    24      6.2674  0.00000
    25      6.5981  0.00000
    26      6.9174  0.00000
    27     14.5327  0.00000
    28     16.6309  0.00000
    29     16.9744  0.00000
    30     17.2077  0.00000
    31     19.4431  0.00000
    32     20.4420  0.00000
    33     21.4386  0.00000
    34     23.9790  0.00000

 KPT           38  SPIN            1  KWEIGHT    1.6666666666666666E-002
     1    -18.3652  2.00000
     2    -17.9332  2.00000
     3    -17.8792  2.00000
     4    -17.6895  2.00000
     5     -5.7030  2.00000
     6     -5.3860  2.00000
     7     -5.2875  2.00000
     8     -4.8752  2.00000
     9     -4.5729  2.00000
    10     -3.9425  2.00000
    11     -3.8606  2.00000
    12     -3.7740  2.00000
    13     -3.5182  2.00000
    14     -2.8887  2.00000
    15     -2.5409  2.00000
    16     -2.3372  2.00000
    17      1.9500  0.00000
    18      1.9745  0.00000
    19      2.2968  0.00000
    20      2.3413  0.00000
    21      2.9426  0.00000
    22      3.1102  0.00000
    23      6.0909  0.00000
    24      6.4361  0.00000
    25      6.6969  0.00000
    26      7.0129  0.00000
    27     14.7294  0.00000
    28     16.7159  0.00000
    29     17.0066  0.00000
    30     17.1939  0.00000
    31     20.1139  0.00000
    32     20.7271  0.00000
    33     21.4508  0.00000
    34     24.1408  0.00000

 KPT           39  SPIN            1  KWEIGHT    1.6666666666666666E-002
     1    -18.2876  2.00000
     2    -17.9239  2.00000
     3    -17.8744  2.00000
     4    -17.7059  2.00000
     5     -5.7623  2.00000
     6     -5.3864  2.00000
     7     -5.3286  2.00000
     8     -4.8544  2.00000
     9     -4.5840  2.00000
    10     -4.1205  2.00000
    11     -3.9597  2.00000
    12     -3.8566  2.00000
    13     -3.7120  2.00000
    14     -2.8354  2.00000
    15     -2.5316  2.00000
    16     -2.2937  2.00000
    17      1.9657  0.00000
    18      2.0133  0.00000
    19      2.2830  0.00000
    20      2.3058  0.00000
    21      3.0814  0.00000
    22      3.2431  0.00000
    23      6.1695  0.00000
    24      6.5091  0.00000
    25      6.8756  0.00000
    26      7.1080  0.00000
    27     15.0007  0.00000
    28     16.7817  0.00000
    29     17.0316  0.00000
    30     17.1808  0.00000
    31     20.7051  0.00000
    32     21.0137  0.00000
    33     21.6081  0.00000
    34     24.2768  0.00000

 KPT           40  SPIN            1  KWEIGHT    1.6666666666666666E-002
     1    -18.1983  2.00000
     2    -17.9151  2.00000
     3    -17.8696  2.00000
     4    -17.7309  2.00000
     5     -5.8028  2.00000
     6     -5.3937  2.00000
     7     -5.3387  2.00000
     8     -4.8560  2.00000
     9     -4.5904  2.00000
    10     -4.3256  2.00000
    11     -4.0975  2.00000
    12     -4.0236  2.00000
    13     -3.6940  2.00000
    14     -2.9234  2.00000
    15     -2.4648  2.00000
    16     -2.2647  2.00000
    17      2.0186  0.00000
    18      2.0719  0.00000
    19      2.2575  0.00000
    20      2.2887  0.00000
    21      3.2405  0.00000
    22      3.3770  0.00000
    23      6.2424  0.00000
    24      6.5344  0.00000
    25      7.0420  0.00000
    26      7.1804  0.00000
    27     15.3213  0.00000
    28     16.8060  0.00000
    29     17.0314  0.00000
    30     17.1541  0.00000
    31     21.0086  0.00000
    32     21.2438  0.00000
    33     22.0622  0.00000
    34     24.3259  0.00000

 KPT           41  SPIN            1  KWEIGHT    1.6666666666666666E-002
     1    -18.1046  2.00000
     2    -17.9096  2.00000
     3    -17.8650  2.00000
     4    -17.7669  2.00000
     5     -5.7945  2.00000
     6     -5.4176  2.00000
     7     -5.3279  2.00000
     8     -4.9568  2.00000
     9     -4.5866  2.00000
    10     -4.4483  2.00000
    11     -4.2439  2.00000
    12     -4.1103  2.00000
    13     -3.6360  2.00000
    14     -3.0846  2.00000
    15     -2.3878  2.00000
    16     -2.2529  2.00000
    17      2.0867  0.00000
    18      2.1336  0.00000
    19      2.2385  0.00000
    20      2.2778  0.00000
    21      3.3888  0.00000
    22      3.4860  0.00000
    23      6.3181  0.00000
    24      6.5355  0.00000
    25      7.1547  0.00000
    26      7.2241  0.00000
    27     15.6647  0.00000
    28     16.7521  0.00000
    29     17.0181  0.00000
    30     17.1126  0.00000
    31     21.1329  0.00000
    32     21.4051  0.00000
    33     22.6484  0.00000
    34     24.2498  0.00000

 KPT           42  SPIN            1  KWEIGHT    1.6666666666666666E-002
     1    -18.0159  2.00000
     2    -17.9138  2.00000
     3    -17.8594  2.00000
     4    -17.8110  2.00000
     5     -5.7239  2.00000
     6     -5.4831  2.00000
     7     -5.2979  2.00000
     8     -5.1268  2.00000
     9     -4.5655  2.00000
    10     -4.4774  2.00000
    11     -4.3061  2.00000
    12     -4.1903  2.00000
    13     -3.5466  2.00000
    14     -3.2615  2.00000
    15     -2.3259  2.00000
    16     -2.2589  2.00000
    17      2.1419  0.00000
    18      2.1757  0.00000
    19      2.2353  0.00000
    20      2.2680  0.00000
    21      3.4998  0.00000
    22      3.5499  0.00000
    23      6.3951  0.00000
    24      6.5123  0.00000
    25      7.2159  0.00000
    26      7.2430  0.00000
    27     16.0076  0.00000
    28     16.5855  0.00000
    29     17.0194  0.00000
    30     17.0710  0.00000
    31     21.2519  0.00000
    32     21.4373  0.00000
    33     23.2097  0.00000
    34     24.0345  0.00000

 KPT           43  SPIN            1  KWEIGHT    1.6666666666666666E-002
     1    -17.9461  2.00000
     2    -17.9460  2.00000
     3    -17.8459  2.00000
     4    -17.8458  2.00000
     5     -5.6028  2.00000
     6     -5.6028  2.00000
     7     -5.2413  2.00000
     8     -5.2412  2.00000
     9     -4.5237  2.00000
    10     -4.5236  2.00000
    11     -4.2660  2.00000
    12     -4.2659  2.00000
    13     -3.4211  2.00000
    14     -3.4210  2.00000
    15     -2.2831  2.00000
    16     -2.2830  2.00000
    17      2.1733  0.00000
    18      2.1734  0.00000
    19      2.2533  0.00000
    20      2.2534  0.00000
    21      3.5558  0.00000
    22      3.5559  0.00000
    23      6.4635  0.00000
    24      6.4639  0.00000
    25      7.2409  0.00000
    26      7.2415  0.00000
    27     16.3249  0.00000
    28     16.3251  0.00000
    29     17.0384  0.00000
    30     17.0387  0.00000
    31     21.3685  0.00000
    32     21.3688  0.00000
    33     23.6824  0.00000
    34     23.6825  0.00000

 KPT           44  SPIN            1  KWEIGHT    1.6666666666666666E-002
     1    -17.9742  2.00000
     2    -17.9352  2.00000
     3    -17.8470  2.00000
     4    -17.8330  2.00000
     5     -5.6702  2.00000
     6     -5.5684  2.00000
     7     -5.2332  2.00000
     8     -5.1879  2.00000
     9     -4.5545  2.00000
    10     -4.5342  2.00000
    11     -4.2704  2.00000
    12     -4.1379  2.00000
    13     -3.5530  2.00000
    14     -3.3956  2.00000
    15     -2.2791  2.00000
    16     -2.2498  2.00000
    17      2.1042  0.00000
    18      2.1204  0.00000
    19      2.2959  0.00000
    20      2.3219  0.00000
    21      3.5334  0.00000
    22      3.5546  0.00000
    23      6.4339  0.00000
    24      6.4807  0.00000
    25      7.2361  0.00000
    26      7.2455  0.00000
    27     16.1093  0.00000
    28     16.3917  0.00000
    29     17.0886  0.00000
    30     17.1034  0.00000
    31     21.3630  0.00000
    32     21.4155  0.00000
    33     23.4418  0.00000
    34     23.8474  0.00000

 KPT           45  SPIN            1  KWEIGHT    1.6666666666666666E-002
     1    -17.9950  2.00000
     2    -17.9597  2.00000
     3    -17.8304  2.00000
     4    -17.8210  2.00000
     5     -5.6996  2.00000
     6     -5.6121  2.00000
     7     -5.1366  2.00000
     8     -5.1185  2.00000
     9     -4.5830  2.00000
    10     -4.5645  2.00000
    11     -4.2068  2.00000
    12     -3.9656  2.00000
    13     -3.7098  2.00000
    14     -3.4604  2.00000
    15     -2.2459  2.00000
    16     -2.2125  2.00000
    17      2.0389  0.00000
    18      2.0553  0.00000
    19      2.3454  0.00000
    20      2.3737  0.00000
    21      3.4985  0.00000
    22      3.5212  0.00000
    23      6.4181  0.00000
    24      6.4647  0.00000
    25      7.2279  0.00000
    26      7.2393  0.00000
    27     15.9895  0.00000
    28     16.2943  0.00000
    29     17.1594  0.00000
    30     17.1927  0.00000
    31     21.3297  0.00000
    32     21.4987  0.00000
    33     23.2933  0.00000
    34     23.7709  0.00000

 KPT           46  SPIN            1  KWEIGHT    1.6666666666666666E-002
     1    -18.0071  2.00000
     2    -18.0070  2.00000
     3    -17.8097  2.00000
     4    -17.8097  2.00000
     5     -5.6805  2.00000
     6     -5.6805  2.00000
     7     -5.0355  2.00000
     8     -5.0355  2.00000
     9     -4.5757  2.00000
    10     -4.5757  2.00000
    11     -4.1004  2.00000
    12     -4.1003  2.00000
    13     -3.5537  2.00000
    14     -3.5536  2.00000
    15     -2.2188  2.00000
    16     -2.2188  2.00000
    17      2.0150  0.00000
    18      2.0150  0.00000
    19      2.3667  0.00000
    20      2.3668  0.00000
    21      3.4595  0.00000
    22      3.4596  0.00000
    23      6.4173  0.00000
    24      6.4177  0.00000
    25      7.2171  0.00000
    26      7.2176  0.00000
    27     16.0556  0.00000
    28     16.0557  0.00000
    29     17.2562  0.00000
    30     17.2566  0.00000
    31     21.3354  0.00000
    32     21.3355  0.00000
    33     23.4185  0.00000
    34     23.4186  0.00000

 KPT           47  SPIN            1  KWEIGHT    1.6666666666666666E-002
     1    -18.0668  2.00000
     2    -18.0668  2.00000
     3    -17.7825  2.00000
     4    -17.7825  2.00000
     5     -5.6933  2.00000
     6     -5.6933  2.00000
     7     -4.8894  2.00000
     8     -4.8893  2.00000
     9     -4.5328  2.00000
    10     -4.5328  2.00000
    11     -4.1758  2.00000
    12     -4.1758  2.00000
    13     -3.4090  2.00000
    14     -3.4090  2.00000
    15     -2.2405  2.00000
    16     -2.2404  2.00000
    17      1.9907  0.00000
    18      1.9908  0.00000
    19      2.3318  0.00000
    20      2.3318  0.00000
    21      3.3431  0.00000
    22      3.3432  0.00000
    23      6.3646  0.00000
    24      6.3649  0.00000
    25      7.1660  0.00000
    26      7.1664  0.00000
    27     15.9337  0.00000
    28     15.9338  0.00000
    29     17.3904  0.00000
    30     17.3907  0.00000
    31     21.0682  0.00000
    32     21.0683  0.00000
    33     23.1925  0.00000
    34     23.1926  0.00000

 KPT           48  SPIN            1  KWEIGHT    1.6666666666666666E-002
     1    -18.1351  2.00000
     2    -18.1351  2.00000
     3    -17.7562  2.00000
     4    -17.7562  2.00000
     5     -5.6792  2.00000
     6     -5.6791  2.00000
     7     -4.7884  2.00000
     8     -4.7884  2.00000
     9     -4.4369  2.00000
    10     -4.4368  2.00000
    11     -4.2033  2.00000
    12     -4.2033  2.00000
    13     -3.2641  2.00000
    14     -3.2640  2.00000
    15     -2.2695  2.00000
    16     -2.2694  2.00000
    17      1.9621  0.00000
    18      1.9622  0.00000
    19      2.2901  0.00000
    20      2.2902  0.00000
    21      3.1914  0.00000
    22      3.1915  0.00000
    23      6.2984  0.00000
    24      6.2987  0.00000
    25      7.0795  0.00000
    26      7.0798  0.00000
    27     15.7905  0.00000
    28     15.7907  0.00000
    29     17.5437  0.00000
    30     17.5439  0.00000
    31     20.6934  0.00000
    32     20.6935  0.00000
    33     22.9134  0.00000
    34     22.9135  0.00000

 KPT           49  SPIN            1  KWEIGHT    1.6666666666666666E-002
     1    -18.2077  2.00000
     2    -18.2077  2.00000
     3    -17.7309  2.00000
     4    -17.7309  2.00000
     5     -5.6375  2.00000
     6     -5.6375  2.00000
     7     -4.7735  2.00000
     8     -4.7734  2.00000
     9     -4.2994  2.00000
    10     -4.2993  2.00000
    11     -4.1490  2.00000
    12     -4.1489  2.00000
    13     -3.1223  2.00000
    14     -3.1223  2.00000
    15     -2.3061  2.00000
    16     -2.3060  2.00000
    17      1.9334  0.00000
    18      1.9334  0.00000
    19      2.2480  0.00000
    20      2.2481  0.00000
    21      3.0226  0.00000
    22      3.0227  0.00000
    23      6.2238  0.00000
    24      6.2240  0.00000
    25      6.9509  0.00000
    26      6.9512  0.00000
    27     15.6427  0.00000
    28     15.6429  0.00000
    29     17.6917  0.00000
    30     17.6919  0.00000
    31     20.2466  0.00000
    32     20.2467  0.00000
    33     22.5907  0.00000
    34     22.5908  0.00000

 KPT           50  SPIN            1  KWEIGHT    1.6666666666666666E-002
     1    -18.2806  2.00000
     2    -18.2805  2.00000
     3    -17.7066  2.00000
     4    -17.7065  2.00000
     5     -5.5740  2.00000
     6     -5.5740  2.00000
     7     -4.8052  2.00000
     8     -4.8051  2.00000
     9     -4.2040  2.00000
    10     -4.2040  2.00000
    11     -3.9887  2.00000
    12     -3.9887  2.00000
    13     -2.9813  2.00000
    14     -2.9813  2.00000
    15     -2.3523  2.00000
    16     -2.3522  2.00000
    17      1.9027  0.00000
    18      1.9027  0.00000
    19      2.2104  0.00000
    20      2.2105  0.00000
    21      2.8643  0.00000
    22      2.8643  0.00000
    23      6.1436  0.00000
    24      6.1438  0.00000
    25      6.7786  0.00000
    26      6.7789  0.00000
    27     15.5040  0.00000
    28     15.5042  0.00000
    29     17.8127  0.00000
    30     17.8128  0.00000
    31     19.7816  0.00000
    32     19.7817  0.00000
    33     22.2188  0.00000
    34     22.2189  0.00000

 KPT           51  SPIN            1  KWEIGHT    1.6666666666666666E-002
     1    -18.3497  2.00000
     2    -18.3497  2.00000
     3    -17.6833  2.00000
     4    -17.6833  2.00000
     5     -5.4983  2.00000
     6     -5.4982  2.00000
     7     -4.8492  2.00000
     8     -4.8491  2.00000
     9     -4.1190  2.00000
    10     -4.1189  2.00000
    11     -3.8079  2.00000
    12     -3.8078  2.00000
    13     -2.8424  2.00000
    14     -2.8424  2.00000
    15     -2.4051  2.00000
    16     -2.4051  2.00000
    17      1.8532  0.00000
    18      1.8532  0.00000
    19      2.1854  0.00000
    20      2.1855  0.00000
    21      2.7531  0.00000
    22      2.7531  0.00000
    23      6.0578  0.00000
    24      6.0579  0.00000
    25      6.5689  0.00000
    26      6.5691  0.00000
    27     15.3847  0.00000
    28     15.3849  0.00000
    29     17.8896  0.00000
    30     17.8897  0.00000
    31     19.3531  0.00000
    32     19.3533  0.00000
    33     21.7950  0.00000
    34     21.7951  0.00000

 KPT           52  SPIN            1  KWEIGHT    1.6666666666666666E-002
     1    -18.4115  2.00000
     2    -18.4114  2.00000
     3    -17.6619  2.00000
     4    -17.6618  2.00000
     5     -5.4216  2.00000
     6     -5.4216  2.00000
     7     -4.8903  2.00000
     8     -4.8903  2.00000
     9     -4.0221  2.00000
    10     -4.0220  2.00000
    11     -3.6544  2.00000
    12     -3.6544  2.00000
    13     -2.7460  2.00000
    14     -2.7460  2.00000
    15     -2.4279  2.00000
    16     -2.4278  2.00000
    17      1.7607  0.00000
    18      1.7607  0.00000
    19      2.1876  0.00000
    20      2.1876  0.00000
    21      2.7175  0.00000
    22      2.7176  0.00000
    23      5.9616  0.00000
    24      5.9617  0.00000
    25      6.3408  0.00000
    26      6.3408  0.00000
    27     15.2907  0.00000
    28     15.2909  0.00000
    29     17.9143  0.00000
    30     17.9143  0.00000
    31     19.0024  0.00000
    32     19.0027  0.00000
    33     21.3348  0.00000
    34     21.3349  0.00000

 KPT           53  SPIN            1  KWEIGHT    1.6666666666666666E-002
     1    -18.4628  2.00000
     2    -18.4628  2.00000
     3    -17.6433  2.00000
     4    -17.6432  2.00000
     5     -5.3551  2.00000
     6     -5.3550  2.00000
     7     -4.9227  2.00000
     8     -4.9227  2.00000
     9     -3.9109  2.00000
    10     -3.9108  2.00000
    11     -3.5371  2.00000
    12     -3.5370  2.00000
    13     -2.7788  2.00000
    14     -2.7788  2.00000
    15     -2.3462  2.00000
    16     -2.3461  2.00000
    17      1.6333  0.00000
    18      1.6333  0.00000
    19      2.2183  0.00000
    20      2.2183  0.00000
    21      2.7530  0.00000
    22      2.7530  0.00000
    23      5.8388  0.00000
    24      5.8389  0.00000
    25      6.1353  0.00000
    26      6.1354  0.00000
    27     15.2237  0.00000
    28     15.2238  0.00000
    29     17.8924  0.00000
    30     17.8924  0.00000
    31     18.7488  0.00000
    32     18.7492  0.00000
    33     20.8779  0.00000
    34     20.8781  0.00000

 KPT           54  SPIN            1  KWEIGHT    1.6666666666666666E-002
     1    -18.5012  2.00000
     2    -18.5012  2.00000
     3    -17.6287  2.00000
     4    -17.6286  2.00000
     5     -5.3062  2.00000
     6     -5.3062  2.00000
     7     -4.9448  2.00000
     8     -4.9447  2.00000
     9     -3.7885  2.00000
    10     -3.7885  2.00000
    11     -3.4538  2.00000
    12     -3.4537  2.00000
    13     -2.8953  2.00000
    14     -2.8953  2.00000
    15     -2.2195  2.00000
    16     -2.2195  2.00000
    17      1.5078  0.00000
    18      1.5079  0.00000
    19      2.2608  0.00000
    20      2.2608  0.00000
    21      2.8278  0.00000
    22      2.8279  0.00000
    23      5.6783  0.00000
    24      5.6785  0.00000
    25      6.0017  0.00000
    26      6.0020  0.00000
    27     15.1812  0.00000
    28     15.1814  0.00000
    29     17.8457  0.00000
    30     17.8458  0.00000
    31     18.5879  0.00000
    32     18.5883  0.00000
    33     20.4832  0.00000
    34     20.4835  0.00000

 KPT           55  SPIN            1  KWEIGHT    1.6666666666666666E-002
     1    -18.5250  2.00000
     2    -18.5250  2.00000
     3    -17.6193  2.00000
     4    -17.6193  2.00000
     5     -5.2775  2.00000
     6     -5.2775  2.00000
     7     -4.9573  2.00000
     8     -4.9572  2.00000
     9     -3.6732  2.00000
    10     -3.6732  2.00000
    11     -3.4031  2.00000
    12     -3.4031  2.00000
    13     -3.0191  2.00000
    14     -3.0191  2.00000
    15     -2.1228  2.00000
    16     -2.1228  2.00000
    17      1.4180  0.00000
    18      1.4180  0.00000
    19      2.2961  0.00000
    20      2.2961  0.00000
    21      2.9001  0.00000
    22      2.9002  0.00000
    23      5.5345  0.00000
    24      5.5347  0.00000
    25      5.9353  0.00000
    26      5.9356  0.00000
    27     15.1589  0.00000
    28     15.1590  0.00000
    29     17.8030  0.00000
    30     17.8031  0.00000
    31     18.5023  0.00000
    32     18.5027  0.00000
    33     20.2133  0.00000
    34     20.2136  0.00000

 KPT           56  SPIN            1  KWEIGHT    1.6666666666666666E-002
     1    -18.5331  2.00000
     2    -18.5331  2.00000
     3    -17.6161  2.00000
     4    -17.6161  2.00000
     5     -5.2682  2.00000
     6     -5.2682  2.00000
     7     -4.9613  2.00000
     8     -4.9613  2.00000
     9     -3.6183  2.00000
    10     -3.6182  2.00000
    11     -3.3860  2.00000
    12     -3.3860  2.00000
    13     -3.0785  2.00000
    14     -3.0784  2.00000
    15     -2.0875  2.00000
    16     -2.0875  2.00000
    17      1.3855  0.00000
    18      1.3856  0.00000
    19      2.3097  0.00000
    20      2.3097  0.00000
    21      2.9301  0.00000
    22      2.9302  0.00000
    23      5.4775  0.00000
    24      5.4777  0.00000
    25      5.9149  0.00000
    26      5.9152  0.00000
    27     15.1521  0.00000
    28     15.1522  0.00000
    29     17.7861  0.00000
    30     17.7862  0.00000
    31     18.4759  0.00000
    32     18.4764  0.00000
    33     20.1171  0.00000
    34     20.1174  0.00000

 KPT           57  SPIN            1  KWEIGHT    1.6666666666666666E-002
     1    -18.5330  2.00000
     2    -18.3940  2.00000
     3    -17.6690  2.00000
     4    -17.6174  2.00000
     5     -5.3715  2.00000
     6     -5.3362  2.00000
     7     -4.9458  2.00000
     8     -4.9097  2.00000
     9     -3.9608  2.00000
    10     -3.8891  2.00000
    11     -3.5108  2.00000
    12     -3.4931  2.00000
    13     -2.8928  2.00000
    14     -2.6796  2.00000
    15     -2.3666  2.00000
    16     -2.3146  2.00000
    17      1.6135  0.00000
    18      1.6412  0.00000
    19      2.2085  0.00000
    20      2.2336  0.00000
    21      2.7351  0.00000
    22      2.7674  0.00000
    23      5.7595  0.00000
    24      5.9118  0.00000
    25      6.0894  0.00000
    26      6.1650  0.00000
    27     14.9669  0.00000
    28     15.4933  0.00000
    29     17.7780  0.00000
    30     17.8079  0.00000
    31     18.7890  0.00000
    32     18.8603  0.00000
    33     20.3947  0.00000
    34     21.3180  0.00000

 KPT           58  SPIN            1  KWEIGHT    1.6666666666666666E-002
     1    -18.3911  2.00000
     2    -18.1809  2.00000
     3    -17.7353  2.00000
     4    -17.6725  2.00000
     5     -5.6634  2.00000
     6     -5.4796  2.00000
     7     -4.8962  2.00000
     8     -4.8043  2.00000
     9     -4.3723  2.00000
    10     -4.0368  2.00000
    11     -3.9120  2.00000
    12     -3.8636  2.00000
    13     -3.1495  2.00000
    14     -2.7817  2.00000
    15     -2.5255  2.00000
    16     -2.2489  2.00000
    17      1.8620  0.00000
    18      1.9784  0.00000
    19      2.1285  0.00000
    20      2.2482  0.00000
    21      2.7599  0.00000
    22      2.9207  0.00000
    23      6.0276  0.00000
    24      6.2856  0.00000
    25      6.6896  0.00000
    26      6.8157  0.00000
    27     14.9416  0.00000
    28     16.0884  0.00000
    29     17.5552  0.00000
    30     17.6544  0.00000
    31     19.9485  0.00000
    32     20.0460  0.00000
    33     21.1915  0.00000
    34     23.0924  0.00000

 KPT           59  SPIN            1  KWEIGHT    1.6666666666666666E-002
     1    -18.1602  2.00000
     2    -17.9968  2.00000
     3    -17.7929  2.00000
     4    -17.7574  2.00000
     5     -5.8212  2.00000
     6     -5.5259  2.00000
     7     -4.9799  2.00000
     8     -4.9486  2.00000
     9     -4.5014  2.00000
    10     -4.4127  2.00000
    11     -4.4121  2.00000
    12     -3.9187  2.00000
    13     -3.6316  2.00000
    14     -3.0147  2.00000
    15     -2.4088  2.00000
    16     -2.2386  2.00000
    17      2.0189  0.00000
    18      2.1215  0.00000
    19      2.1799  0.00000
    20      2.2998  0.00000
    21      3.2647  0.00000
    22      3.3836  0.00000
    23      6.2586  0.00000
    24      6.4907  0.00000
    25      7.1084  0.00000
    26      7.1825  0.00000
    27     15.4172  0.00000
    28     16.6350  0.00000
    29     17.1741  0.00000
    30     17.2801  0.00000
    31     21.1078  0.00000
    32     21.1775  0.00000
    33     22.1939  0.00000
    34     24.1163  0.00000

 KPT           60  SPIN            1  KWEIGHT    1.6666666666666666E-002
     1    -17.9461  2.00000
     2    -17.9460  2.00000
     3    -17.8459  2.00000
     4    -17.8458  2.00000
     5     -5.6028  2.00000
     6     -5.6028  2.00000
     7     -5.2413  2.00000
     8     -5.2412  2.00000
     9     -4.5237  2.00000
    10     -4.5236  2.00000
    11     -4.2660  2.00000
    12     -4.2659  2.00000
    13     -3.4211  2.00000
    14     -3.4210  2.00000
    15     -2.2831  2.00000
    16     -2.2830  2.00000
    17      2.1733  0.00000
    18      2.1734  0.00000
    19      2.2533  0.00000
    20      2.2534  0.00000
    21      3.5558  0.00000
    22      3.5559  0.00000
    23      6.4635  0.00000
    24      6.4639  0.00000
    25      7.2409  0.00000
    26      7.2415  0.00000
    27     16.3249  0.00000
    28     16.3251  0.00000
    29     17.0384  0.00000
    30     17.0387  0.00000
    31     21.3685  0.00000
    32     21.3688  0.00000
    33     23.6824  0.00000
    34     23.6825  0.00000

