 Fermi distribution function

Calculation with static geometry


********************************************************************************
 iSCC Total electronic   Diff electronic      SCC error    
    4   -0.28633601E+02   -0.19940518E-06    0.18702719E-05
********************************************************************************

 Total charge:    -0.00000000

 Atomic gross charges (e)
 Atom           Charge
    1      -0.00158966
    2       0.00002148
    3       0.00156390
    4       0.00000550
    5      -0.00158966
    6      -0.00011184
    7       0.00003786
    8       0.00000550
    9       0.00156390
   10       0.00000550
   11      -0.00004237
   12       0.00012720
   13       0.00003786
   14       0.00000550
   15      -0.00004237
   16       0.00000170

Nr. of electrons (up):     64.00000000
Atom populations (up)
 Atom       Population
    1       4.00158966
    2       3.99997852
    3       3.99843610
    4       3.99999450
    5       4.00158966
    6       4.00011184
    7       3.99996214
    8       3.99999450
    9       3.99843610
   10       3.99999450
   11       4.00004237
   12       3.99987280
   13       3.99996214
   14       3.99999450
   15       4.00004237
   16       3.99999830

l-shell populations (up)
 Atom Sh.   l       Population
    1   1   0       1.20442128
    1   2   1       2.79716838
    2   1   0       1.20297261
    2   2   1       2.79700591
    3   1   0       1.20154747
    3   2   1       2.79688863
    4   1   0       1.20298215
    4   2   1       2.79701235
    5   1   0       1.20442128
    5   2   1       2.79716838
    6   1   0       1.20300799
    6   2   1       2.79710385
    7   1   0       1.20297803
    7   2   1       2.79698410
    8   1   0       1.20298215
    8   2   1       2.79701235
    9   1   0       1.20154747
    9   2   1       2.79688863
   10   1   0       1.20298215
   10   2   1       2.79701235
   11   1   0       1.20298574
   11   2   1       2.79705664
   12   1   0       1.20295201
   12   2   1       2.79692080
   13   1   0       1.20297803
   13   2   1       2.79698410
   14   1   0       1.20298215
   14   2   1       2.79701235
   15   1   0       1.20298574
   15   2   1       2.79705664
   16   1   0       1.20298106
   16   2   1       2.79701724

Orbital populations (up)
 Atom Sh.   l   m       Population  Label
    1   1   0   0       1.20442128  s
    1   2   1  -1       0.93173319  p_y
    1   2   1   0       0.93271760  p_z
    1   2   1   1       0.93271760  p_x
    2   1   0   0       1.20297261  s
    2   2   1  -1       0.93232937  p_y
    2   2   1   0       0.93233827  p_z
    2   2   1   1       0.93233827  p_x
    3   1   0   0       1.20154747  s
    3   2   1  -1       0.93295308  p_y
    3   2   1   0       0.93196777  p_z
    3   2   1   1       0.93196777  p_x
    4   1   0   0       1.20298215  s
    4   2   1  -1       0.93233578  p_y
    4   2   1   0       0.93234090  p_z
    4   2   1   1       0.93233566  p_x
    5   1   0   0       1.20442128  s
    5   2   1  -1       0.93173319  p_y
    5   2   1   0       0.93271760  p_z
    5   2   1   1       0.93271760  p_x
    6   1   0   0       1.20300799  s
    6   2   1  -1       0.93240771  p_y
    6   2   1   0       0.93234807  p_z
    6   2   1   1       0.93234807  p_x
    7   1   0   0       1.20297803  s
    7   2   1  -1       0.93230341  p_y
    7   2   1   0       0.93234035  p_z
    7   2   1   1       0.93234035  p_x
    8   1   0   0       1.20298215  s
    8   2   1  -1       0.93233578  p_y
    8   2   1   0       0.93233566  p_z
    8   2   1   1       0.93234090  p_x
    9   1   0   0       1.20154747  s
    9   2   1  -1       0.93295308  p_y
    9   2   1   0       0.93196777  p_z
    9   2   1   1       0.93196777  p_x
   10   1   0   0       1.20298215  s
   10   2   1  -1       0.93233578  p_y
   10   2   1   0       0.93233566  p_z
   10   2   1   1       0.93234090  p_x
   11   1   0   0       1.20298574  s
   11   2   1  -1       0.93237762  p_y
   11   2   1   0       0.93233951  p_z
   11   2   1   1       0.93233951  p_x
   12   1   0   0       1.20295201  s
   12   2   1  -1       0.93226865  p_y
   12   2   1   0       0.93232607  p_z
   12   2   1   1       0.93232607  p_x
   13   1   0   0       1.20297803  s
   13   2   1  -1       0.93230341  p_y
   13   2   1   0       0.93234035  p_z
   13   2   1   1       0.93234035  p_x
   14   1   0   0       1.20298215  s
   14   2   1  -1       0.93233578  p_y
   14   2   1   0       0.93234090  p_z
   14   2   1   1       0.93233566  p_x
   15   1   0   0       1.20298574  s
   15   2   1  -1       0.93237762  p_y
   15   2   1   0       0.93233951  p_z
   15   2   1   1       0.93233951  p_x
   16   1   0   0       1.20298106  s
   16   2   1  -1       0.93233903  p_y
   16   2   1   0       0.93233910  p_z
   16   2   1   1       0.93233910  p_x

Fermi level:                        -0.0459955635 H           -1.2516 eV
Band energy:                       -28.6336075594 H         -779.1601 eV
TS:                                  0.0000000000 H            0.0000 eV
Band free energy (E-TS):           -28.6336075594 H         -779.1601 eV
Extrapolated E(0K):                -28.6336075594 H         -779.1601 eV
Input / Output electrons (q):     64.0000000000     64.0000000000

Energy H0:                         -28.6336015081 H         -779.1599 eV
Energy SCC:                          0.0000004750 H            0.0000 eV
Total Electronic energy:           -28.6336010331 H         -779.1599 eV
Repulsive energy:                    0.8622441913 H           23.4629 eV
Total energy:                      -27.7713568418 H         -755.6971 eV
Extrapolated to 0:                 -27.7713568418 H         -755.6971 eV
Total Mermin free energy:          -27.7713568418 H         -755.6971 eV
Force related energy:              -27.7713568418 H         -755.6971 eV

Non-constrained calculation

SCC converged

Total Forces
    1      0.000621003605      0.002070661001      0.000621003605
    2      0.000000000000     -0.009800848643      0.000000000000
    3      0.000704343177      0.002157489374     -0.000704343176
    4      0.000638402792      0.000618699214     -0.000000531469
    5     -0.000621003605      0.002070661000     -0.000621003605
    6      0.000000000001     -0.000440124472      0.000000000000
    7     -0.000028291385     -0.000073862558      0.000028291385
    8      0.000000531469      0.000618699213     -0.000638402791
    9     -0.000704343178      0.002157489374      0.000704343177
   10     -0.000000531468      0.000618699214      0.000638402792
   11     -0.000028295024     -0.000073488236     -0.000028295025
   12      0.000000000000     -0.000446492633      0.000000000000
   13      0.000028291384     -0.000073862559     -0.000028291385
   14     -0.000638402791      0.000618699213      0.000000531469
   15      0.000028295024     -0.000073488236      0.000028295024
   16     -0.000000000000      0.000051069733     -0.000000000000

Total stress tensor
     -0.000138782199      0.000000000000     -0.000004368835
      0.000000000000     -0.000138978709      0.000000000000
     -0.000004368835      0.000000000000     -0.000138782199

Total lattice derivs
     -0.006107259058      0.006314691876      0.006107259058
      0.006504267278     -0.006314691876      0.006504267278
      0.006107259058      0.006314691876     -0.006107259058

Maximal derivative component:        0.980085E-02 au

Volume:                              0.612542E+03 au^3
Pressure:                           -0.138848E-03 au    -0.408504E+10 Pa

Warning: dipole moment is not defined absolutely!
Dipole moment:    0.00010693    0.01127106    0.00010693 au
Dipole moment:    0.00027180    0.02864818    0.00027180 Debye


