 KPT            1  SPIN            1  KWEIGHT    6.2500000000000000E-002
     1    -21.5198  2.00000
     2    -17.0847  2.00000
     3    -17.0847  2.00000
     4    -17.0847  2.00000
     5    -15.4590  2.00000
     6    -15.4590  2.00000
     7    -15.4590  2.00000
     8    -11.1855  2.00000
     9     -9.7743  2.00000
    10     -9.7743  2.00000
    11     -9.7743  2.00000
    12     -6.9837  2.00000
    13     -6.9837  2.00000
    14     -6.9275  2.00000
    15     -6.9275  2.00000
    16     -6.9275  2.00000
    17     -2.0901  0.00000
    18     -2.0901  0.00000
    19     -2.0901  0.00000
    20      5.5117  0.00000
    21      9.0645  0.00000
    22      9.0645  0.00000
    23     12.8505  0.00000
    24     12.8505  0.00000
    25     12.8505  0.00000
    26     16.8075  0.00000
    27     22.3785  0.00000
    28     22.3785  0.00000
    29     22.3785  0.00000
    30     26.4481  0.00000
    31     26.4481  0.00000
    32     26.4481  0.00000

 KPT            2  SPIN            1  KWEIGHT   0.12500000000000000     
     1    -21.1785  2.00000
     2    -18.5984  2.00000
     3    -17.4497  2.00000
     4    -17.4497  2.00000
     5    -14.6162  2.00000
     6    -14.6162  2.00000
     7    -13.5105  2.00000
     8    -10.8050  2.00000
     9    -10.5276  2.00000
    10    -10.5276  2.00000
    11     -9.4826  2.00000
    12     -8.1577  2.00000
    13     -8.0618  2.00000
    14     -7.5676  2.00000
    15     -6.9832  2.00000
    16     -6.9832  2.00000
    17     -2.0043  0.00000
    18     -2.0043  0.00000
    19     -0.5020  0.00000
    20      4.6037  0.00000
    21     10.1814  0.00000
    22     11.0048  0.00000
    23     12.6363  0.00000
    24     14.2630  0.00000
    25     14.2630  0.00000
    26     17.6735  0.00000
    27     20.3398  0.00000
    28     20.9646  0.00000
    29     20.9646  0.00000
    30     24.6052  0.00000
    31     26.8787  0.00000
    32     26.8787  0.00000

 KPT            3  SPIN            1  KWEIGHT    6.2500000000000000E-002
     1    -20.1782  2.00000
     2    -20.1782  2.00000
     3    -17.6875  2.00000
     4    -17.6875  2.00000
     5    -13.5701  2.00000
     6    -13.5701  2.00000
     7    -11.5949  2.00000
     8    -11.5949  2.00000
     9    -10.7229  2.00000
    10    -10.7229  2.00000
    11     -9.6991  2.00000
    12     -9.6991  2.00000
    13     -8.6577  2.00000
    14     -8.6577  2.00000
    15     -7.0371  2.00000
    16     -7.0371  2.00000
    17     -1.9203  0.00000
    18     -1.9203  0.00000
    19      2.2797  0.00000
    20      2.2797  0.00000
    21     11.8339  0.00000
    22     11.8339  0.00000
    23     15.6108  0.00000
    24     15.6108  0.00000
    25     16.6716  0.00000
    26     16.6716  0.00000
    27     18.6478  0.00000
    28     18.6478  0.00000
    29     20.6584  0.00000
    30     20.6584  0.00000
    31     27.2003  0.00000
    32     27.2003  0.00000

 KPT            4  SPIN            1  KWEIGHT   0.12500000000000000     
     1    -21.1785  2.00000
     2    -18.5984  2.00000
     3    -17.4497  2.00000
     4    -17.4497  2.00000
     5    -14.6162  2.00000
     6    -14.6162  2.00000
     7    -13.5105  2.00000
     8    -10.8050  2.00000
     9    -10.5276  2.00000
    10    -10.5276  2.00000
    11     -9.4826  2.00000
    12     -8.1577  2.00000
    13     -8.0618  2.00000
    14     -7.5676  2.00000
    15     -6.9832  2.00000
    16     -6.9832  2.00000
    17     -2.0043  0.00000
    18     -2.0043  0.00000
    19     -0.5020  0.00000
    20      4.6037  0.00000
    21     10.1814  0.00000
    22     11.0048  0.00000
    23     12.6363  0.00000
    24     14.2630  0.00000
    25     14.2630  0.00000
    26     17.6735  0.00000
    27     20.3398  0.00000
    28     20.9646  0.00000
    29     20.9646  0.00000
    30     24.6052  0.00000
    31     26.8787  0.00000
    32     26.8787  0.00000

 KPT            5  SPIN            1  KWEIGHT   0.12500000000000000     
     1    -20.5076  2.00000
     2    -19.2122  2.00000
     3    -19.2122  2.00000
     4    -16.1668  2.00000
     5    -15.0874  2.00000
     6    -12.2335  2.00000
     7    -12.1256  2.00000
     8    -12.1256  2.00000
     9    -10.0591  2.00000
    10     -9.8907  2.00000
    11     -9.8907  2.00000
    12     -9.7493  2.00000
    13     -8.6623  2.00000
    14     -8.6504  2.00000
    15     -8.6504  2.00000
    16     -5.6398  2.00000
    17     -3.6050  0.00000
    18      0.4299  0.00000
    19      0.4299  0.00000
    20      2.9914  0.00000
    21     12.6318  0.00000
    22     13.0431  0.00000
    23     13.9087  0.00000
    24     13.9087  0.00000
    25     17.2640  0.00000
    26     17.3556  0.00000
    27     17.3556  0.00000
    28     19.7878  0.00000
    29     19.9018  0.00000
    30     23.7495  0.00000
    31     23.7495  0.00000
    32     28.6339  0.00000

 KPT            6  SPIN            1  KWEIGHT   0.12500000000000000     
     1    -20.5076  2.00000
     2    -19.2122  2.00000
     3    -19.2122  2.00000
     4    -16.1668  2.00000
     5    -15.0874  2.00000
     6    -12.2335  2.00000
     7    -12.1256  2.00000
     8    -12.1256  2.00000
     9    -10.0591  2.00000
    10     -9.8907  2.00000
    11     -9.8907  2.00000
    12     -9.7493  2.00000
    13     -8.6623  2.00000
    14     -8.6504  2.00000
    15     -8.6504  2.00000
    16     -5.6398  2.00000
    17     -3.6050  0.00000
    18      0.4299  0.00000
    19      0.4299  0.00000
    20      2.9914  0.00000
    21     12.6318  0.00000
    22     13.0431  0.00000
    23     13.9087  0.00000
    24     13.9087  0.00000
    25     17.2640  0.00000
    26     17.3556  0.00000
    27     17.3556  0.00000
    28     19.7878  0.00000
    29     19.9018  0.00000
    30     23.7495  0.00000
    31     23.7495  0.00000
    32     28.6339  0.00000

 KPT            7  SPIN            1  KWEIGHT   0.12500000000000000     
     1    -21.1785  2.00000
     2    -18.5984  2.00000
     3    -17.4497  2.00000
     4    -17.4497  2.00000
     5    -14.6162  2.00000
     6    -14.6162  2.00000
     7    -13.5105  2.00000
     8    -10.8050  2.00000
     9    -10.5276  2.00000
    10    -10.5276  2.00000
    11     -9.4826  2.00000
    12     -8.1577  2.00000
    13     -8.0618  2.00000
    14     -7.5676  2.00000
    15     -6.9832  2.00000
    16     -6.9832  2.00000
    17     -2.0043  0.00000
    18     -2.0043  0.00000
    19     -0.5020  0.00000
    20      4.6037  0.00000
    21     10.1814  0.00000
    22     11.0048  0.00000
    23     12.6363  0.00000
    24     14.2630  0.00000
    25     14.2630  0.00000
    26     17.6735  0.00000
    27     20.3398  0.00000
    28     20.9646  0.00000
    29     20.9646  0.00000
    30     24.6052  0.00000
    31     26.8787  0.00000
    32     26.8787  0.00000

 KPT            8  SPIN            1  KWEIGHT    6.2500000000000000E-002
     1    -20.1782  2.00000
     2    -20.1782  2.00000
     3    -17.6875  2.00000
     4    -17.6875  2.00000
     5    -13.5701  2.00000
     6    -13.5701  2.00000
     7    -11.5949  2.00000
     8    -11.5949  2.00000
     9    -10.7229  2.00000
    10    -10.7229  2.00000
    11     -9.6991  2.00000
    12     -9.6991  2.00000
    13     -8.6577  2.00000
    14     -8.6577  2.00000
    15     -7.0371  2.00000
    16     -7.0371  2.00000
    17     -1.9203  0.00000
    18     -1.9203  0.00000
    19      2.2797  0.00000
    20      2.2797  0.00000
    21     11.8339  0.00000
    22     11.8339  0.00000
    23     15.6108  0.00000
    24     15.6108  0.00000
    25     16.6716  0.00000
    26     16.6716  0.00000
    27     18.6478  0.00000
    28     18.6478  0.00000
    29     20.6584  0.00000
    30     20.6584  0.00000
    31     27.2003  0.00000
    32     27.2003  0.00000

 KPT            9  SPIN            1  KWEIGHT   0.12500000000000000     
     1    -20.5076  2.00000
     2    -19.2122  2.00000
     3    -19.2122  2.00000
     4    -16.1668  2.00000
     5    -15.0874  2.00000
     6    -12.2335  2.00000
     7    -12.1256  2.00000
     8    -12.1256  2.00000
     9    -10.0591  2.00000
    10     -9.8907  2.00000
    11     -9.8907  2.00000
    12     -9.7493  2.00000
    13     -8.6623  2.00000
    14     -8.6504  2.00000
    15     -8.6504  2.00000
    16     -5.6398  2.00000
    17     -3.6050  0.00000
    18      0.4299  0.00000
    19      0.4299  0.00000
    20      2.9914  0.00000
    21     12.6318  0.00000
    22     13.0431  0.00000
    23     13.9087  0.00000
    24     13.9087  0.00000
    25     17.2640  0.00000
    26     17.3556  0.00000
    27     17.3556  0.00000
    28     19.7878  0.00000
    29     19.9018  0.00000
    30     23.7495  0.00000
    31     23.7495  0.00000
    32     28.6339  0.00000

 KPT           10  SPIN            1  KWEIGHT    6.2500000000000000E-002
     1    -20.1782  2.00000
     2    -20.1782  2.00000
     3    -17.6875  2.00000
     4    -17.6875  2.00000
     5    -13.5701  2.00000
     6    -13.5701  2.00000
     7    -11.5949  2.00000
     8    -11.5949  2.00000
     9    -10.7229  2.00000
    10    -10.7229  2.00000
    11     -9.6991  2.00000
    12     -9.6991  2.00000
    13     -8.6577  2.00000
    14     -8.6577  2.00000
    15     -7.0371  2.00000
    16     -7.0371  2.00000
    17     -1.9203  0.00000
    18     -1.9203  0.00000
    19      2.2797  0.00000
    20      2.2797  0.00000
    21     11.8339  0.00000
    22     11.8339  0.00000
    23     15.6108  0.00000
    24     15.6108  0.00000
    25     16.6716  0.00000
    26     16.6716  0.00000
    27     18.6478  0.00000
    28     18.6478  0.00000
    29     20.6584  0.00000
    30     20.6584  0.00000
    31     27.2003  0.00000
    32     27.2003  0.00000

