 Fermi distribution function

Calculation with static geometry


********************************************************************************
 iSCC Total electronic   Diff electronic      SCC error    
    1   -0.14495622E+02    0.00000000E+00    0.12166375E-08
********************************************************************************

 Total charge:    -0.00000000

 Atomic gross charges (e)
 Atom           Charge
    1      -0.00000000
    2       0.00000000
    3       0.00000000
    4      -0.00000000
    5      -0.00000000
    6       0.00000000
    7       0.00000000
    8      -0.00000000

Nr. of electrons (up):     32.00000000
Atom populations (up)
 Atom       Population
    1       4.00000000
    2       4.00000000
    3       4.00000000
    4       4.00000000
    5       4.00000000
    6       4.00000000
    7       4.00000000
    8       4.00000000

l-shell populations (up)
 Atom Sh.   l       Population
    1   1   0       1.17454212
    1   2   1       2.82545788
    2   1   0       1.17454212
    2   2   1       2.82545788
    3   1   0       1.17454212
    3   2   1       2.82545788
    4   1   0       1.17454212
    4   2   1       2.82545788
    5   1   0       1.17454212
    5   2   1       2.82545788
    6   1   0       1.17454212
    6   2   1       2.82545788
    7   1   0       1.17454212
    7   2   1       2.82545788
    8   1   0       1.17454212
    8   2   1       2.82545788

Orbital populations (up)
 Atom Sh.   l   m       Population  Label
    1   1   0   0       1.17454212  s
    1   2   1  -1       0.91272894  p_y
    1   2   1   0       1.00000000  p_z
    1   2   1   1       0.91272894  p_x
    2   1   0   0       1.17454212  s
    2   2   1  -1       0.91272894  p_y
    2   2   1   0       1.00000000  p_z
    2   2   1   1       0.91272894  p_x
    3   1   0   0       1.17454212  s
    3   2   1  -1       0.91272894  p_y
    3   2   1   0       1.00000000  p_z
    3   2   1   1       0.91272894  p_x
    4   1   0   0       1.17454212  s
    4   2   1  -1       0.91272894  p_y
    4   2   1   0       1.00000000  p_z
    4   2   1   1       0.91272894  p_x
    5   1   0   0       1.17454212  s
    5   2   1  -1       0.91272894  p_y
    5   2   1   0       1.00000000  p_z
    5   2   1   1       0.91272894  p_x
    6   1   0   0       1.17454212  s
    6   2   1  -1       0.91272894  p_y
    6   2   1   0       1.00000000  p_z
    6   2   1   1       0.91272894  p_x
    7   1   0   0       1.17454212  s
    7   2   1  -1       0.91272894  p_y
    7   2   1   0       1.00000000  p_z
    7   2   1   1       0.91272894  p_x
    8   1   0   0       1.17454212  s
    8   2   1  -1       0.91272894  p_y
    8   2   1   0       1.00000000  p_z
    8   2   1   1       0.91272894  p_x

Fermi level:                        -0.1698695662 H           -4.6224 eV
Band energy:                       -14.4956222777 H         -394.4460 eV
TS:                                  0.0000000000 H            0.0000 eV
Band free energy (E-TS):           -14.4956222777 H         -394.4460 eV
Extrapolated E(0K):                -14.4956222777 H         -394.4460 eV
Input / Output electrons (q):     32.0000000000     32.0000000000

Energy H0:                         -14.4956222777 H         -394.4460 eV
Energy SCC:                          0.0000000000 H            0.0000 eV
Total Electronic energy:           -14.4956222777 H         -394.4460 eV
Repulsive energy:                    0.6153398790 H           16.7443 eV
Total energy:                      -13.8802823987 H         -377.7017 eV
Extrapolated to 0:                 -13.8802823987 H         -377.7017 eV
Total Mermin free energy:          -13.8802823987 H         -377.7017 eV
Force related energy:              -13.8802823987 H         -377.7017 eV

Non-constrained calculation

SCC converged

Total Forces
    1     -0.000000000000     -0.000000006697      0.000000000000
    2      0.000000000000     -0.000000000336     -0.000000000000
    3     -0.000000000000      0.000000000337      0.000000000000
    4     -0.000000000000      0.000000006697     -0.000000000000
    5      0.000000000000     -0.000000006698     -0.000000000000
    6      0.000000000000     -0.000000000337      0.000000000000
    7     -0.000000000000      0.000000000337     -0.000000000000
    8     -0.000000000000      0.000000006697      0.000000000000

Total stress tensor
      0.000059871945     -0.000000000000     -0.000000000000
      0.000000000000      0.000059871941     -0.000000000000
     -0.000000000000      0.000000000000      0.000000000000

Total lattice derivs
     -0.013664949567     -0.007889461750      0.000000000000
     -0.000000000000     -0.015778923501      0.000000000000
      0.000000000000     -0.000000000000     -0.000000000000

Maximal derivative component:        0.669769E-08 au

Volume:                              0.212202E+04 au^3
Pressure:                            0.399146E-04 au     0.117433E+10 Pa

Warning: dipole moment is not defined absolutely!
Dipole moment:   -0.00000000   -0.00000000   -0.00000000 au
Dipole moment:   -0.00000000   -0.00000000   -0.00000000 Debye


