 Fermi distribution function

Calculation with static geometry


********************************************************************************
 iSCC Total electronic   Diff electronic      SCC error    
    6   -0.57609154E+01   -0.67281078E-08    0.49952744E-06
********************************************************************************

 Total charge:    -0.00000000

 Atomic gross charges (e)
 Atom           Charge
    1      -0.18548251
    2      -0.20234732
    3       0.06387874
    4       0.06387859
    5       0.06387859
    6       0.06539806
    7       0.06539792
    8       0.06539793

Nr. of electrons (up):     14.00000000
Atom populations (up)
 Atom       Population
    1       4.18548251
    2       4.20234732
    3       0.93612126
    4       0.93612141
    5       0.93612141
    6       0.93460194
    7       0.93460208
    8       0.93460207

l-shell populations (up)
 Atom Sh.   l       Population
    1   1   0       1.24989793
    1   2   1       2.93558458
    2   1   0       1.24241351
    2   2   1       2.95993381
    3   1   0       0.93612126
    4   1   0       0.93612141
    5   1   0       0.93612141
    6   1   0       0.93460194
    7   1   0       0.93460208
    8   1   0       0.93460207

Orbital populations (up)
 Atom Sh.   l   m       Population  Label
    1   1   0   0       1.24989793  s
    1   2   1  -1       0.99004245  p_y
    1   2   1   0       0.95549970  p_z
    1   2   1   1       0.99004243  p_x
    2   1   0   0       1.24241351  s
    2   2   1  -1       1.00460972  p_y
    2   2   1   0       0.95071437  p_z
    2   2   1   1       1.00460972  p_x
    3   1   0   0       0.93612126  s
    4   1   0   0       0.93612141  s
    5   1   0   0       0.93612141  s
    6   1   0   0       0.93460194  s
    7   1   0   0       0.93460208  s
    8   1   0   0       0.93460207  s

Fermi level:                        -0.0039959847 H           -0.1087 eV
Band energy:                        -5.5774946685 H         -151.7714 eV
TS:                                  0.0000000000 H            0.0000 eV
Band free energy (E-TS):            -5.5774946685 H         -151.7714 eV
Extrapolated E(0K):                 -5.5774946685 H         -151.7714 eV
Input / Output electrons (q):     14.0000000000     14.0000000000

Energy H0:                          -5.7627683974 H         -156.8129 eV
Energy SCC:                          0.0018530242 H            0.0504 eV
Total Electronic energy:            -5.7609153732 H         -156.7625 eV
Repulsive energy:                    0.0650481080 H            1.7700 eV
Total energy:                       -5.6958672652 H         -154.9924 eV
Extrapolated to 0:                  -5.6958672652 H         -154.9924 eV
Total Mermin free energy:           -5.6958672652 H         -154.9924 eV
Force related energy:               -5.6958672652 H         -154.9924 eV

Non-constrained calculation

SCC converged

Total Forces
    1     -0.000000004672     -0.000000341892      0.000089385184
    2      0.000000254927      0.000000216345      0.000957888317
    3      0.000409538231      0.002076524412      0.001790584793
    4     -0.002002848508     -0.000683427216      0.001790466526
    5      0.001593309122     -0.001392767509      0.001790467848
    6     -0.014896018639     -0.012833798483     -0.002139685621
    7     -0.003666355478      0.019316940100     -0.002139552828
    8      0.018562125017     -0.006483345757     -0.002139554219

Maximal derivative component:        0.193169E-01 au

Dipole moment:   -0.00000008    0.00000007   -0.00044690 au
Dipole moment:   -0.00000021    0.00000019   -0.00113590 Debye


