 Fermi distribution function

Calculation with static geometry


********************************************************************************
 iSCC Total electronic   Diff electronic      SCC error    
    6   -0.57651203E+01   -0.23416560E-07    0.19097962E-06
********************************************************************************

 Total charge:     0.00000000

 Atomic gross charges (e)
 Atom           Charge
    1      -0.17685443
    2      -0.20104749
    3       0.06332304
    4       0.06332288
    5       0.06332289
    6       0.06264446
    7       0.06264433
    8       0.06264433

Nr. of electrons (up):     14.00000000
Atom populations (up)
 Atom       Population
    1       4.17685443
    2       4.20104749
    3       0.93667696
    4       0.93667712
    5       0.93667711
    6       0.93735554
    7       0.93735567
    8       0.93735567

l-shell populations (up)
 Atom Sh.   l       Population
    1   1   0       1.24266839
    1   2   1       2.93418605
    2   1   0       1.23503764
    2   2   1       2.96600985
    3   1   0       0.93667696
    4   1   0       0.93667712
    5   1   0       0.93667711
    6   1   0       0.93735554
    7   1   0       0.93735567
    8   1   0       0.93735567

Orbital populations (up)
 Atom Sh.   l   m       Population  Label
    1   1   0   0       1.24266839  s
    1   2   1  -1       0.98850654  p_y
    1   2   1   0       0.95717300  p_z
    1   2   1   1       0.98850651  p_x
    2   1   0   0       1.23503764  s
    2   2   1  -1       1.01062863  p_y
    2   2   1   0       0.94475259  p_z
    2   2   1   1       1.01062863  p_x
    3   1   0   0       0.93667696  s
    4   1   0   0       0.93667712  s
    5   1   0   0       0.93667711  s
    6   1   0   0       0.93735554  s
    7   1   0   0       0.93735567  s
    8   1   0   0       0.93735567  s

Fermi level:                        -0.0045062079 H           -0.1226 eV
Band energy:                        -5.5838713150 H         -151.9449 eV
TS:                                  0.0000000000 H            0.0000 eV
Band free energy (E-TS):            -5.5838713150 H         -151.9449 eV
Extrapolated E(0K):                 -5.5838713150 H         -151.9449 eV
Input / Output electrons (q):     14.0000000000     14.0000000000

Energy H0:                          -5.7669248084 H         -156.9260 eV
Energy SCC:                          0.0018045087 H            0.0491 eV
Total Electronic energy:            -5.7651202997 H         -156.8769 eV
Repulsive energy:                    0.0710827249 H            1.9343 eV
Total energy:                       -5.6940375749 H         -154.9426 eV
Extrapolated to 0:                  -5.6940375749 H         -154.9426 eV
Total Mermin free energy:           -5.6940375749 H         -154.9426 eV
Force related energy:               -5.6940375749 H         -154.9426 eV

Non-constrained calculation

SCC converged

Total Forces
    1     -0.000000004548     -0.000000343540      0.015445622920
    2      0.000000153674      0.000000272813     -0.028032075734
    3      0.000865786596      0.002766722933      0.002322002445
    4     -0.002828702081     -0.000633404691      0.002321886035
    5      0.001962915477     -0.002132990224      0.002321886082
    6     -0.011372654303     -0.021541606701      0.001873470823
    7     -0.012969131625      0.020619570303      0.001873604155
    8      0.024341636811      0.000921779106      0.001873603273

Maximal derivative component:        0.280321E-01 au

Dipole moment:   -0.00000005    0.00000005    0.00857298 au
Dipole moment:   -0.00000012    0.00000014    0.02179033 Debye


