|===============================================================================
|
|  DFTB+ development version (commit: a23bfb2)
|
|  Copyright (C) 2006 - 2025  DFTB+ developers group
|
|===============================================================================
|
|  When publishing results obtained with DFTB+, please cite the following
|  reference:
|
|    Recent Developments in DFTB+, a Software Package for Efficient Atomistic
|    Quantum Mechanical Simulations, J. Phys. Chem. A 129, 5373−5390 (2025).
|    [https://doi.org/10.1021/acs.jpca.5c01146]
|
|  You should also cite additional publications crediting the parametrization
|  data you use. Please consult the documentation of the SK-files for the
|  references.
|
|===============================================================================

Reading input file 'dftb_in.hsd'
Parser version: 14

--------------------------------------------------------------------------------
Reading SK-files:
./skf/C-C.skf
./skf/C-H.skf
./skf/H-H.skf
Done.


Processed input in HSD format written to 'dftb_pin.hsd'

Starting initialization...
--------------------------------------------------------------------------------
OpenMP threads:              1
Chosen random seed:          30897836
Current stacksize:           8 [Mb] (recommended: unlimited)
WARNING!
-> Current stacksize not set to unlimited or hard limit, which might cause
   random crashes (e.g. segmentation faults). It is advised to unlimit the
   stacksize by issuing 'ulimit -s unlimited' (Linux) or setting it to the 
   hard limit by 'ulimit -s hard' (Mac) in advance.
Mode:                        Static calculation
Self consistent charges:     Yes
SCC-tolerance:                 0.100000E-04
Max. scc iterations:                    100
Shell resolved Hubbard:      No
Spin polarisation:           No
Nr. of up electrons:             7.000000
Nr. of down electrons:           7.000000
Periodic boundaries:         No
Electronic solver:           Relatively robust
Mixer:                       Broyden mixer
Mixing parameter:                  0.200000
Nr. of chrg. vec. in memory:            100
Max. SCC-cycles:                        100
Electronic temperature:              0.100000E-07 H      0.272114E-06 eV
Initial charges:             Set automatically (system chrg:   0.000E+00)
Included shells:             C:  s, p
                             H:  s
Extra options:
                             Mulliken analysis
                             Force calculation
Force type                   original

--------------------------------------------------------------------------------

***  Geometry step: 0

 iSCC Total electronic   Diff electronic      SCC error    
    1   -0.57644256E+01    0.00000000E+00    0.25926596E+00
    2   -0.57647392E+01   -0.57644256E+01    0.19239195E+00
    3   -0.57651203E+01   -0.31360454E-03    0.12135521E-02
    4   -0.57651203E+01   -0.38104042E-03    0.85052248E-03
    5   -0.57651203E+01   -0.23080712E-07    0.14826013E-04
>> Charges saved for restart in charges.bin
    6   -0.57651203E+01   -0.23416560E-07    0.19097962E-06

Total Energy:                       -5.6940375749 H         -154.9426 eV
Extrapolated to 0K:                 -5.6940375749 H         -154.9426 eV
Total Mermin free energy:           -5.6940375749 H         -154.9426 eV
Force related energy:               -5.6940375749 H         -154.9426 eV


--------------------------------------------------------------------------------
DFTB+ running times                          cpu [s]             wall clock [s]
--------------------------------------------------------------------------------
--------------------------------------------------------------------------------
Missing                                +       0.00 (100.0%)       0.00 (100.0%)
Total                                  =       0.00 (100.0%)       0.00 (100.0%)
--------------------------------------------------------------------------------
