 KPT            1  SPIN            1  KWEIGHT    1.5625000000000000E-002
     1    -22.9188  2.00000
     2    -15.5588  2.00000
     3    -15.5588  2.00000
     4    -15.5005  2.00000
     5    -15.5005  2.00000
     6    -15.5005  2.00000
     7    -15.5005  2.00000
     8     -9.8959  2.00000
     9     -9.8959  2.00000
    10     -9.8959  2.00000
    11     -9.8959  2.00000
    12     -9.8466  2.00000
    13     -9.8466  2.00000
    14     -4.7432  2.00000
    15     -4.6783  2.00000
    16     -4.6783  2.00000
    17      2.1079  0.00000
    18      2.1079  0.00000
    19      2.2238  0.00000
    20      8.8994  0.00000
    21      8.8994  0.00000
    22      8.8994  0.00000
    23      8.8994  0.00000
    24      9.0805  0.00000
    25      9.0805  0.00000
    26     13.6696  0.00000
    27     13.6696  0.00000
    28     13.7353  0.00000
    29     13.7353  0.00000
    30     13.7353  0.00000
    31     13.7353  0.00000
    32     15.1311  0.00000

 KPT            2  SPIN            1  KWEIGHT    3.1250000000000000E-002
     1    -22.4084  2.00000
     2    -18.5648  2.00000
     3    -15.3260  2.00000
     4    -15.3260  2.00000
     5    -15.2790  2.00000
     6    -15.2790  2.00000
     7    -12.0299  2.00000
     8    -10.4615  2.00000
     9    -10.4615  2.00000
    10    -10.4200  2.00000
    11    -10.4200  2.00000
    12     -9.4464  2.00000
    13     -9.4380  2.00000
    14     -6.1272  2.00000
    15     -6.0829  2.00000
    16     -5.8144  2.00000
    17      2.4168  0.00000
    18      4.3216  0.00000
    19      4.4660  0.00000
    20      5.6894  0.00000
    21      9.9559  0.00000
    22      9.9559  0.00000
    23     10.1167  0.00000
    24     10.1167  0.00000
    25     12.1750  0.00000
    26     12.2947  0.00000
    27     12.4048  0.00000
    28     13.2528  0.00000
    29     13.2528  0.00000
    30     13.3322  0.00000
    31     13.3322  0.00000
    32     15.3175  0.00000

 KPT            3  SPIN            1  KWEIGHT    1.5625000000000000E-002
     1    -20.9224  2.00000
     2    -20.9224  2.00000
     3    -15.0262  2.00000
     4    -15.0262  2.00000
     5    -15.0262  2.00000
     6    -15.0262  2.00000
     7    -11.0363  2.00000
     8    -11.0363  2.00000
     9    -11.0363  2.00000
    10    -11.0363  2.00000
    11     -8.5903  2.00000
    12     -8.5903  2.00000
    13     -8.1205  2.00000
    14     -8.1205  2.00000
    15     -8.0990  2.00000
    16     -8.0990  2.00000
    17      3.5159  0.00000
    18      3.5159  0.00000
    19      8.4612  0.00000
    20      8.4612  0.00000
    21      8.6273  0.00000
    22      8.6273  0.00000
    23     11.8906  0.00000
    24     11.8906  0.00000
    25     11.8906  0.00000
    26     11.8906  0.00000
    27     12.0532  0.00000
    28     12.0532  0.00000
    29     12.0532  0.00000
    30     12.0532  0.00000
    31     14.7921  0.00000
    32     14.7921  0.00000

 KPT            4  SPIN            1  KWEIGHT    3.1250000000000000E-002
     1    -22.4084  2.00000
     2    -18.5648  2.00000
     3    -15.3260  2.00000
     4    -15.3260  2.00000
     5    -15.2790  2.00000
     6    -15.2790  2.00000
     7    -12.0299  2.00000
     8    -10.4615  2.00000
     9    -10.4615  2.00000
    10    -10.4200  2.00000
    11    -10.4200  2.00000
    12     -9.4464  2.00000
    13     -9.4380  2.00000
    14     -6.1272  2.00000
    15     -6.0829  2.00000
    16     -5.8144  2.00000
    17      2.4168  0.00000
    18      4.3216  0.00000
    19      4.4660  0.00000
    20      5.6894  0.00000
    21      9.9559  0.00000
    22      9.9559  0.00000
    23     10.1167  0.00000
    24     10.1167  0.00000
    25     12.1750  0.00000
    26     12.2947  0.00000
    27     12.4048  0.00000
    28     13.2528  0.00000
    29     13.2528  0.00000
    30     13.3322  0.00000
    31     13.3322  0.00000
    32     15.3175  0.00000

 KPT            5  SPIN            1  KWEIGHT    3.1250000000000000E-002
     1    -21.9090  2.00000
     2    -18.1586  2.00000
     3    -18.1586  2.00000
     4    -15.9238  2.00000
     5    -14.6344  2.00000
     6    -12.4295  2.00000
     7    -12.4295  2.00000
     8    -11.7940  2.00000
     9    -10.2541  2.00000
    10    -10.2541  2.00000
    11     -9.3850  2.00000
    12     -9.3850  2.00000
    13     -9.1058  2.00000
    14     -7.9810  2.00000
    15     -7.2682  2.00000
    16     -5.4069  2.00000
    17      3.4153  0.00000
    18      5.4031  0.00000
    19      5.6357  0.00000
    20      6.9613  0.00000
    21      6.9613  0.00000
    22      8.9536  0.00000
    23     11.4314  0.00000
    24     11.4314  0.00000
    25     11.5207  0.00000
    26     12.0173  0.00000
    27     12.4288  0.00000
    28     12.4288  0.00000
    29     13.2149  0.00000
    30     13.2149  0.00000
    31     14.3137  0.00000
    32     15.5815  0.00000

 KPT            6  SPIN            1  KWEIGHT    3.1250000000000000E-002
     1    -20.4535  2.00000
     2    -20.4535  2.00000
     3    -17.0739  2.00000
     4    -17.0739  2.00000
     5    -13.5292  2.00000
     6    -13.5292  2.00000
     7    -11.5706  2.00000
     8    -11.5706  2.00000
     9    -10.1679  2.00000
    10    -10.1679  2.00000
    11     -9.0694  2.00000
    12     -9.0694  2.00000
    13     -9.0206  2.00000
    14     -9.0206  2.00000
    15     -7.1108  2.00000
    16     -7.1108  2.00000
    17      4.8110  0.00000
    18      4.8110  0.00000
    19      8.1983  0.00000
    20      8.1983  0.00000
    21      9.2302  0.00000
    22      9.2302  0.00000
    23      9.3695  0.00000
    24      9.3695  0.00000
    25      9.8133  0.00000
    26      9.8133  0.00000
    27     12.7562  0.00000
    28     12.7562  0.00000
    29     14.2462  0.00000
    30     14.2462  0.00000
    31     15.2533  0.00000
    32     15.2533  0.00000

 KPT            7  SPIN            1  KWEIGHT    3.1250000000000000E-002
     1    -21.9090  2.00000
     2    -18.1586  2.00000
     3    -18.1586  2.00000
     4    -15.9238  2.00000
     5    -14.6344  2.00000
     6    -12.4295  2.00000
     7    -12.4295  2.00000
     8    -11.7940  2.00000
     9    -10.2541  2.00000
    10    -10.2541  2.00000
    11     -9.3850  2.00000
    12     -9.3850  2.00000
    13     -9.1058  2.00000
    14     -7.9810  2.00000
    15     -7.2682  2.00000
    16     -5.4069  2.00000
    17      3.4153  0.00000
    18      5.4031  0.00000
    19      5.6357  0.00000
    20      6.9613  0.00000
    21      6.9613  0.00000
    22      8.9536  0.00000
    23     11.4314  0.00000
    24     11.4314  0.00000
    25     11.5207  0.00000
    26     12.0173  0.00000
    27     12.4288  0.00000
    28     12.4288  0.00000
    29     13.2149  0.00000
    30     13.2149  0.00000
    31     14.3137  0.00000
    32     15.5815  0.00000

 KPT            8  SPIN            1  KWEIGHT    1.5625000000000000E-002
     1    -20.9224  2.00000
     2    -20.9224  2.00000
     3    -15.0262  2.00000
     4    -15.0262  2.00000
     5    -15.0262  2.00000
     6    -15.0262  2.00000
     7    -11.0363  2.00000
     8    -11.0363  2.00000
     9    -11.0363  2.00000
    10    -11.0363  2.00000
    11     -8.5903  2.00000
    12     -8.5903  2.00000
    13     -8.1205  2.00000
    14     -8.1205  2.00000
    15     -8.0990  2.00000
    16     -8.0990  2.00000
    17      3.5159  0.00000
    18      3.5159  0.00000
    19      8.4612  0.00000
    20      8.4612  0.00000
    21      8.6273  0.00000
    22      8.6273  0.00000
    23     11.8906  0.00000
    24     11.8906  0.00000
    25     11.8906  0.00000
    26     11.8906  0.00000
    27     12.0532  0.00000
    28     12.0532  0.00000
    29     12.0532  0.00000
    30     12.0532  0.00000
    31     14.7921  0.00000
    32     14.7921  0.00000

 KPT            9  SPIN            1  KWEIGHT    3.1250000000000000E-002
     1    -20.4535  2.00000
     2    -20.4535  2.00000
     3    -17.0739  2.00000
     4    -17.0739  2.00000
     5    -13.5292  2.00000
     6    -13.5292  2.00000
     7    -11.5706  2.00000
     8    -11.5706  2.00000
     9    -10.1679  2.00000
    10    -10.1679  2.00000
    11     -9.0694  2.00000
    12     -9.0694  2.00000
    13     -9.0206  2.00000
    14     -9.0206  2.00000
    15     -7.1108  2.00000
    16     -7.1108  2.00000
    17      4.8110  0.00000
    18      4.8110  0.00000
    19      8.1983  0.00000
    20      8.1983  0.00000
    21      9.2302  0.00000
    22      9.2302  0.00000
    23      9.3695  0.00000
    24      9.3695  0.00000
    25      9.8133  0.00000
    26      9.8133  0.00000
    27     12.7562  0.00000
    28     12.7562  0.00000
    29     14.2462  0.00000
    30     14.2462  0.00000
    31     15.2533  0.00000
    32     15.2533  0.00000

 KPT           10  SPIN            1  KWEIGHT    1.5625000000000000E-002
     1    -19.0981  2.00000
     2    -19.0981  2.00000
     3    -19.0981  2.00000
     4    -19.0981  2.00000
     5    -11.9908  2.00000
     6    -11.9908  2.00000
     7    -11.9908  2.00000
     8    -11.9908  2.00000
     9    -10.6638  2.00000
    10    -10.6638  2.00000
    11    -10.6638  2.00000
    12    -10.6638  2.00000
    13     -7.2567  2.00000
    14     -7.2567  2.00000
    15     -7.2567  2.00000
    16     -7.2567  2.00000
    17      7.0545  0.00000
    18      7.0545  0.00000
    19      7.0545  0.00000
    20      7.0545  0.00000
    21      8.1805  0.00000
    22      8.1805  0.00000
    23      8.1805  0.00000
    24      8.1805  0.00000
    25     11.2845  0.00000
    26     11.2845  0.00000
    27     11.2845  0.00000
    28     11.2845  0.00000
    29     15.4587  0.00000
    30     15.4587  0.00000
    31     15.4587  0.00000
    32     15.4587  0.00000

 KPT           11  SPIN            1  KWEIGHT    3.1250000000000000E-002
     1    -22.4131  2.00000
     2    -18.6022  2.00000
     3    -15.2780  2.00000
     4    -15.2780  2.00000
     5    -15.2780  2.00000
     6    -15.2780  2.00000
     7    -12.1023  2.00000
     8    -10.4525  2.00000
     9    -10.4525  2.00000
    10    -10.4525  2.00000
    11    -10.4525  2.00000
    12     -9.3961  2.00000
    13     -9.3961  2.00000
    14     -6.0747  2.00000
    15     -6.0747  2.00000
    16     -5.8832  2.00000
    17      2.5451  0.00000
    18      4.3413  0.00000
    19      4.3413  0.00000
    20      5.8722  0.00000
    21      9.9495  0.00000
    22      9.9495  0.00000
    23      9.9495  0.00000
    24      9.9495  0.00000
    25     12.1731  0.00000
    26     12.1731  0.00000
    27     12.5434  0.00000
    28     13.3010  0.00000
    29     13.3010  0.00000
    30     13.3010  0.00000
    31     13.3010  0.00000
    32     15.3381  0.00000

 KPT           12  SPIN            1  KWEIGHT    3.1250000000000000E-002
     1    -21.9136  2.00000
     2    -18.1935  2.00000
     3    -18.1615  2.00000
     4    -15.9092  2.00000
     5    -14.5832  2.00000
     6    -12.4555  2.00000
     7    -12.4182  2.00000
     8    -11.7876  2.00000
     9    -10.2326  2.00000
    10    -10.2019  2.00000
    11     -9.3976  2.00000
    12     -9.3875  2.00000
    13     -9.1572  2.00000
    14     -7.9852  2.00000
    15     -7.2231  2.00000
    16     -5.4482  2.00000
    17      3.4696  0.00000
    18      5.2571  0.00000
    19      5.7376  0.00000
    20      6.9567  0.00000
    21      7.1183  0.00000
    22      8.7773  0.00000
    23     11.2822  0.00000
    24     11.3109  0.00000
    25     11.5740  0.00000
    26     11.9123  0.00000
    27     12.4193  0.00000
    28     12.5159  0.00000
    29     13.2303  0.00000
    30     13.3323  0.00000
    31     14.3792  0.00000
    32     15.6017  0.00000

 KPT           13  SPIN            1  KWEIGHT    3.1250000000000000E-002
     1    -20.4576  2.00000
     2    -20.4576  2.00000
     3    -17.0967  2.00000
     4    -17.0967  2.00000
     5    -13.4976  2.00000
     6    -13.4976  2.00000
     7    -11.5266  2.00000
     8    -11.5266  2.00000
     9    -10.1560  2.00000
    10    -10.1560  2.00000
    11     -9.0713  2.00000
    12     -9.0713  2.00000
    13     -9.0371  2.00000
    14     -9.0371  2.00000
    15     -7.1421  2.00000
    16     -7.1421  2.00000
    17      4.8165  0.00000
    18      4.8165  0.00000
    19      8.0247  0.00000
    20      8.0247  0.00000
    21      9.3748  0.00000
    22      9.3748  0.00000
    23      9.4703  0.00000
    24      9.4703  0.00000
    25      9.6608  0.00000
    26      9.6608  0.00000
    27     12.7135  0.00000
    28     12.7135  0.00000
    29     14.3436  0.00000
    30     14.3436  0.00000
    31     15.2714  0.00000
    32     15.2714  0.00000

 KPT           14  SPIN            1  KWEIGHT    3.1250000000000000E-002
     1    -21.9136  2.00000
     2    -18.1935  2.00000
     3    -18.1615  2.00000
     4    -15.9092  2.00000
     5    -14.5832  2.00000
     6    -12.4555  2.00000
     7    -12.4182  2.00000
     8    -11.7876  2.00000
     9    -10.2326  2.00000
    10    -10.2019  2.00000
    11     -9.3976  2.00000
    12     -9.3875  2.00000
    13     -9.1572  2.00000
    14     -7.9852  2.00000
    15     -7.2231  2.00000
    16     -5.4482  2.00000
    17      3.4696  0.00000
    18      5.2571  0.00000
    19      5.7376  0.00000
    20      6.9567  0.00000
    21      7.1183  0.00000
    22      8.7773  0.00000
    23     11.2822  0.00000
    24     11.3109  0.00000
    25     11.5740  0.00000
    26     11.9123  0.00000
    27     12.4193  0.00000
    28     12.5159  0.00000
    29     13.2303  0.00000
    30     13.3323  0.00000
    31     14.3792  0.00000
    32     15.6017  0.00000

 KPT           15  SPIN            1  KWEIGHT    3.1250000000000000E-002
     1    -21.9136  2.00000
     2    -18.1935  2.00000
     3    -18.1615  2.00000
     4    -15.9092  2.00000
     5    -14.5832  2.00000
     6    -12.4555  2.00000
     7    -12.4182  2.00000
     8    -11.7876  2.00000
     9    -10.2326  2.00000
    10    -10.2019  2.00000
    11     -9.3976  2.00000
    12     -9.3875  2.00000
    13     -9.1572  2.00000
    14     -7.9852  2.00000
    15     -7.2231  2.00000
    16     -5.4482  2.00000
    17      3.4696  0.00000
    18      5.2571  0.00000
    19      5.7376  0.00000
    20      6.9567  0.00000
    21      7.1183  0.00000
    22      8.7773  0.00000
    23     11.2822  0.00000
    24     11.3109  0.00000
    25     11.5740  0.00000
    26     11.9123  0.00000
    27     12.4193  0.00000
    28     12.5159  0.00000
    29     13.2303  0.00000
    30     13.3323  0.00000
    31     14.3792  0.00000
    32     15.6017  0.00000

 KPT           16  SPIN            1  KWEIGHT    3.1250000000000000E-002
     1    -21.4254  2.00000
     2    -17.8587  2.00000
     3    -17.8309  2.00000
     4    -17.8309  2.00000
     5    -13.5929  2.00000
     6    -13.5929  2.00000
     7    -13.5871  2.00000
     8    -10.1119  2.00000
     9    -10.0664  2.00000
    10    -10.0664  2.00000
    11    -10.0149  2.00000
    12     -8.7682  2.00000
    13     -8.7682  2.00000
    14     -8.7198  2.00000
    15     -6.2597  2.00000
    16     -6.2076  2.00000
    17      4.7627  0.00000
    18      4.8251  0.00000
    19      7.0028  0.00000
    20      7.2200  0.00000
    21      7.2200  0.00000
    22      7.3671  0.00000
    23     10.3837  0.00000
    24     10.4350  0.00000
    25     10.4350  0.00000
    26     12.1255  0.00000
    27     12.1274  0.00000
    28     12.1274  0.00000
    29     14.5453  0.00000
    30     14.5453  0.00000
    31     14.5886  0.00000
    32     15.9699  0.00000

 KPT           17  SPIN            1  KWEIGHT    3.1250000000000000E-002
     1    -20.0074  2.00000
     2    -20.0074  2.00000
     3    -17.3620  2.00000
     4    -17.3620  2.00000
     5    -14.6582  2.00000
     6    -14.6582  2.00000
     7    -12.1198  2.00000
     8    -12.1198  2.00000
     9     -9.8491  2.00000
    10     -9.8491  2.00000
    11     -8.4812  2.00000
    12     -8.4812  2.00000
    13     -7.6834  2.00000
    14     -7.6834  2.00000
    15     -7.3766  2.00000
    16     -7.3766  2.00000
    17      5.4278  0.00000
    18      5.4278  0.00000
    19      7.6903  0.00000
    20      7.6903  0.00000
    21      8.5022  0.00000
    22      8.5022  0.00000
    23      8.7549  0.00000
    24      8.7549  0.00000
    25      9.5497  0.00000
    26      9.5497  0.00000
    27     12.0832  0.00000
    28     12.0832  0.00000
    29     15.4072  0.00000
    30     15.4072  0.00000
    31     15.8940  0.00000
    32     15.8940  0.00000

 KPT           18  SPIN            1  KWEIGHT    3.1250000000000000E-002
     1    -21.4254  2.00000
     2    -17.8587  2.00000
     3    -17.8309  2.00000
     4    -17.8309  2.00000
     5    -13.5929  2.00000
     6    -13.5929  2.00000
     7    -13.5871  2.00000
     8    -10.1119  2.00000
     9    -10.0664  2.00000
    10    -10.0664  2.00000
    11    -10.0149  2.00000
    12     -8.7682  2.00000
    13     -8.7682  2.00000
    14     -8.7198  2.00000
    15     -6.2597  2.00000
    16     -6.2076  2.00000
    17      4.7627  0.00000
    18      4.8251  0.00000
    19      7.0028  0.00000
    20      7.2200  0.00000
    21      7.2200  0.00000
    22      7.3671  0.00000
    23     10.3837  0.00000
    24     10.4350  0.00000
    25     10.4350  0.00000
    26     12.1255  0.00000
    27     12.1274  0.00000
    28     12.1274  0.00000
    29     14.5453  0.00000
    30     14.5453  0.00000
    31     14.5886  0.00000
    32     15.9699  0.00000

 KPT           19  SPIN            1  KWEIGHT    3.1250000000000000E-002
     1    -20.4576  2.00000
     2    -20.4576  2.00000
     3    -17.0967  2.00000
     4    -17.0967  2.00000
     5    -13.4976  2.00000
     6    -13.4976  2.00000
     7    -11.5266  2.00000
     8    -11.5266  2.00000
     9    -10.1560  2.00000
    10    -10.1560  2.00000
    11     -9.0713  2.00000
    12     -9.0713  2.00000
    13     -9.0371  2.00000
    14     -9.0371  2.00000
    15     -7.1421  2.00000
    16     -7.1421  2.00000
    17      4.8165  0.00000
    18      4.8165  0.00000
    19      8.0247  0.00000
    20      8.0247  0.00000
    21      9.3748  0.00000
    22      9.3748  0.00000
    23      9.4703  0.00000
    24      9.4703  0.00000
    25      9.6608  0.00000
    26      9.6608  0.00000
    27     12.7135  0.00000
    28     12.7135  0.00000
    29     14.3436  0.00000
    30     14.3436  0.00000
    31     15.2714  0.00000
    32     15.2714  0.00000

 KPT           20  SPIN            1  KWEIGHT    3.1250000000000000E-002
     1    -20.0074  2.00000
     2    -20.0074  2.00000
     3    -17.3620  2.00000
     4    -17.3620  2.00000
     5    -14.6582  2.00000
     6    -14.6582  2.00000
     7    -12.1198  2.00000
     8    -12.1198  2.00000
     9     -9.8491  2.00000
    10     -9.8491  2.00000
    11     -8.4812  2.00000
    12     -8.4812  2.00000
    13     -7.6834  2.00000
    14     -7.6834  2.00000
    15     -7.3766  2.00000
    16     -7.3766  2.00000
    17      5.4278  0.00000
    18      5.4278  0.00000
    19      7.6903  0.00000
    20      7.6903  0.00000
    21      8.5022  0.00000
    22      8.5022  0.00000
    23      8.7549  0.00000
    24      8.7549  0.00000
    25      9.5497  0.00000
    26      9.5497  0.00000
    27     12.0832  0.00000
    28     12.0832  0.00000
    29     15.4072  0.00000
    30     15.4072  0.00000
    31     15.8940  0.00000
    32     15.8940  0.00000

 KPT           21  SPIN            1  KWEIGHT    3.1250000000000000E-002
     1    -18.7536  2.00000
     2    -18.7536  2.00000
     3    -18.7536  2.00000
     4    -18.7536  2.00000
     5    -14.0706  2.00000
     6    -14.0706  2.00000
     7    -14.0706  2.00000
     8    -14.0706  2.00000
     9     -8.5031  2.00000
    10     -8.5031  2.00000
    11     -8.5031  2.00000
    12     -8.5031  2.00000
    13     -7.2065  2.00000
    14     -7.2065  2.00000
    15     -7.2065  2.00000
    16     -7.2065  2.00000
    17      6.9025  0.00000
    18      6.9025  0.00000
    19      6.9025  0.00000
    20      6.9025  0.00000
    21      7.5449  0.00000
    22      7.5449  0.00000
    23      7.5449  0.00000
    24      7.5449  0.00000
    25     10.6976  0.00000
    26     10.6976  0.00000
    27     10.6976  0.00000
    28     10.6976  0.00000
    29     16.3153  0.00000
    30     16.3153  0.00000
    31     16.3153  0.00000
    32     16.3153  0.00000

 KPT           22  SPIN            1  KWEIGHT    3.1250000000000000E-002
     1    -20.0074  2.00000
     2    -20.0074  2.00000
     3    -17.3620  2.00000
     4    -17.3620  2.00000
     5    -14.6582  2.00000
     6    -14.6582  2.00000
     7    -12.1198  2.00000
     8    -12.1198  2.00000
     9     -9.8491  2.00000
    10     -9.8491  2.00000
    11     -8.4812  2.00000
    12     -8.4812  2.00000
    13     -7.6834  2.00000
    14     -7.6834  2.00000
    15     -7.3766  2.00000
    16     -7.3766  2.00000
    17      5.4278  0.00000
    18      5.4278  0.00000
    19      7.6903  0.00000
    20      7.6903  0.00000
    21      8.5022  0.00000
    22      8.5022  0.00000
    23      8.7549  0.00000
    24      8.7549  0.00000
    25      9.5497  0.00000
    26      9.5497  0.00000
    27     12.0832  0.00000
    28     12.0832  0.00000
    29     15.4072  0.00000
    30     15.4072  0.00000
    31     15.8940  0.00000
    32     15.8940  0.00000

 KPT           23  SPIN            1  KWEIGHT    3.1250000000000000E-002
     1    -21.9136  2.00000
     2    -18.1935  2.00000
     3    -18.1615  2.00000
     4    -15.9092  2.00000
     5    -14.5832  2.00000
     6    -12.4555  2.00000
     7    -12.4182  2.00000
     8    -11.7876  2.00000
     9    -10.2326  2.00000
    10    -10.2019  2.00000
    11     -9.3976  2.00000
    12     -9.3875  2.00000
    13     -9.1572  2.00000
    14     -7.9852  2.00000
    15     -7.2231  2.00000
    16     -5.4482  2.00000
    17      3.4696  0.00000
    18      5.2571  0.00000
    19      5.7376  0.00000
    20      6.9567  0.00000
    21      7.1183  0.00000
    22      8.7773  0.00000
    23     11.2822  0.00000
    24     11.3109  0.00000
    25     11.5740  0.00000
    26     11.9123  0.00000
    27     12.4193  0.00000
    28     12.5159  0.00000
    29     13.2303  0.00000
    30     13.3323  0.00000
    31     14.3792  0.00000
    32     15.6017  0.00000

 KPT           24  SPIN            1  KWEIGHT    3.1250000000000000E-002
     1    -21.4254  2.00000
     2    -17.8587  2.00000
     3    -17.8309  2.00000
     4    -17.8309  2.00000
     5    -13.5929  2.00000
     6    -13.5929  2.00000
     7    -13.5871  2.00000
     8    -10.1119  2.00000
     9    -10.0664  2.00000
    10    -10.0664  2.00000
    11    -10.0149  2.00000
    12     -8.7682  2.00000
    13     -8.7682  2.00000
    14     -8.7198  2.00000
    15     -6.2597  2.00000
    16     -6.2076  2.00000
    17      4.7627  0.00000
    18      4.8251  0.00000
    19      7.0028  0.00000
    20      7.2200  0.00000
    21      7.2200  0.00000
    22      7.3671  0.00000
    23     10.3837  0.00000
    24     10.4350  0.00000
    25     10.4350  0.00000
    26     12.1255  0.00000
    27     12.1274  0.00000
    28     12.1274  0.00000
    29     14.5453  0.00000
    30     14.5453  0.00000
    31     14.5886  0.00000
    32     15.9699  0.00000

 KPT           25  SPIN            1  KWEIGHT    3.1250000000000000E-002
     1    -20.0074  2.00000
     2    -20.0074  2.00000
     3    -17.3620  2.00000
     4    -17.3620  2.00000
     5    -14.6582  2.00000
     6    -14.6582  2.00000
     7    -12.1198  2.00000
     8    -12.1198  2.00000
     9     -9.8491  2.00000
    10     -9.8491  2.00000
    11     -8.4812  2.00000
    12     -8.4812  2.00000
    13     -7.6834  2.00000
    14     -7.6834  2.00000
    15     -7.3766  2.00000
    16     -7.3766  2.00000
    17      5.4278  0.00000
    18      5.4278  0.00000
    19      7.6903  0.00000
    20      7.6903  0.00000
    21      8.5022  0.00000
    22      8.5022  0.00000
    23      8.7549  0.00000
    24      8.7549  0.00000
    25      9.5497  0.00000
    26      9.5497  0.00000
    27     12.0832  0.00000
    28     12.0832  0.00000
    29     15.4072  0.00000
    30     15.4072  0.00000
    31     15.8940  0.00000
    32     15.8940  0.00000

 KPT           26  SPIN            1  KWEIGHT    3.1250000000000000E-002
     1    -21.4254  2.00000
     2    -17.8587  2.00000
     3    -17.8309  2.00000
     4    -17.8309  2.00000
     5    -13.5929  2.00000
     6    -13.5929  2.00000
     7    -13.5871  2.00000
     8    -10.1119  2.00000
     9    -10.0664  2.00000
    10    -10.0664  2.00000
    11    -10.0149  2.00000
    12     -8.7682  2.00000
    13     -8.7682  2.00000
    14     -8.7198  2.00000
    15     -6.2597  2.00000
    16     -6.2076  2.00000
    17      4.7627  0.00000
    18      4.8251  0.00000
    19      7.0028  0.00000
    20      7.2200  0.00000
    21      7.2200  0.00000
    22      7.3671  0.00000
    23     10.3837  0.00000
    24     10.4350  0.00000
    25     10.4350  0.00000
    26     12.1255  0.00000
    27     12.1274  0.00000
    28     12.1274  0.00000
    29     14.5453  0.00000
    30     14.5453  0.00000
    31     14.5886  0.00000
    32     15.9699  0.00000

 KPT           27  SPIN            1  KWEIGHT    1.5625000000000000E-002
     1    -20.9404  2.00000
     2    -20.9404  2.00000
     3    -15.0082  2.00000
     4    -15.0082  2.00000
     5    -15.0082  2.00000
     6    -15.0082  2.00000
     7    -11.0342  2.00000
     8    -11.0342  2.00000
     9    -11.0342  2.00000
    10    -11.0342  2.00000
    11     -8.6649  2.00000
    12     -8.6649  2.00000
    13     -8.0720  2.00000
    14     -8.0720  2.00000
    15     -8.0720  2.00000
    16     -8.0720  2.00000
    17      3.6727  0.00000
    18      3.6727  0.00000
    19      8.4898  0.00000
    20      8.4898  0.00000
    21      8.4898  0.00000
    22      8.4898  0.00000
    23     11.8006  0.00000
    24     11.8006  0.00000
    25     11.8006  0.00000
    26     11.8006  0.00000
    27     12.0450  0.00000
    28     12.0450  0.00000
    29     12.0450  0.00000
    30     12.0450  0.00000
    31     14.8675  0.00000
    32     14.8675  0.00000

 KPT           28  SPIN            1  KWEIGHT    3.1250000000000000E-002
     1    -20.4709  2.00000
     2    -20.4709  2.00000
     3    -17.0801  2.00000
     4    -17.0801  2.00000
     5    -13.4934  2.00000
     6    -13.4934  2.00000
     7    -11.5366  2.00000
     8    -11.5366  2.00000
     9    -10.1641  2.00000
    10    -10.1641  2.00000
    11     -9.0521  2.00000
    12     -9.0521  2.00000
    13     -9.0196  2.00000
    14     -9.0196  2.00000
    15     -7.1576  2.00000
    16     -7.1576  2.00000
    17      4.9339  0.00000
    18      4.9339  0.00000
    19      8.0526  0.00000
    20      8.0526  0.00000
    21      9.2761  0.00000
    22      9.2761  0.00000
    23      9.3864  0.00000
    24      9.3864  0.00000
    25      9.6362  0.00000
    26      9.6362  0.00000
    27     12.7471  0.00000
    28     12.7471  0.00000
    29     14.2837  0.00000
    30     14.2837  0.00000
    31     15.3241  0.00000
    32     15.3241  0.00000

 KPT           29  SPIN            1  KWEIGHT    1.5625000000000000E-002
     1    -19.1128  2.00000
     2    -19.1128  2.00000
     3    -19.1128  2.00000
     4    -19.1128  2.00000
     5    -11.9609  2.00000
     6    -11.9609  2.00000
     7    -11.9609  2.00000
     8    -11.9609  2.00000
     9    -10.6173  2.00000
    10    -10.6173  2.00000
    11    -10.6173  2.00000
    12    -10.6173  2.00000
    13     -7.3085  2.00000
    14     -7.3085  2.00000
    15     -7.3085  2.00000
    16     -7.3085  2.00000
    17      7.1078  0.00000
    18      7.1078  0.00000
    19      7.1078  0.00000
    20      7.1078  0.00000
    21      8.0088  0.00000
    22      8.0088  0.00000
    23      8.0088  0.00000
    24      8.0088  0.00000
    25     11.3435  0.00000
    26     11.3435  0.00000
    27     11.3435  0.00000
    28     11.3435  0.00000
    29     15.5169  0.00000
    30     15.5169  0.00000
    31     15.5169  0.00000
    32     15.5169  0.00000

 KPT           30  SPIN            1  KWEIGHT    3.1250000000000000E-002
     1    -20.4709  2.00000
     2    -20.4709  2.00000
     3    -17.0801  2.00000
     4    -17.0801  2.00000
     5    -13.4934  2.00000
     6    -13.4934  2.00000
     7    -11.5366  2.00000
     8    -11.5366  2.00000
     9    -10.1641  2.00000
    10    -10.1641  2.00000
    11     -9.0521  2.00000
    12     -9.0521  2.00000
    13     -9.0196  2.00000
    14     -9.0196  2.00000
    15     -7.1576  2.00000
    16     -7.1576  2.00000
    17      4.9339  0.00000
    18      4.9339  0.00000
    19      8.0526  0.00000
    20      8.0526  0.00000
    21      9.2761  0.00000
    22      9.2761  0.00000
    23      9.3864  0.00000
    24      9.3864  0.00000
    25      9.6362  0.00000
    26      9.6362  0.00000
    27     12.7471  0.00000
    28     12.7471  0.00000
    29     14.2837  0.00000
    30     14.2837  0.00000
    31     15.3241  0.00000
    32     15.3241  0.00000

 KPT           31  SPIN            1  KWEIGHT    3.1250000000000000E-002
     1    -20.0200  2.00000
     2    -20.0200  2.00000
     3    -17.3571  2.00000
     4    -17.3571  2.00000
     5    -14.6523  2.00000
     6    -14.6523  2.00000
     7    -12.1080  2.00000
     8    -12.1080  2.00000
     9     -9.8168  2.00000
    10     -9.8168  2.00000
    11     -8.5010  2.00000
    12     -8.5010  2.00000
    13     -7.6401  2.00000
    14     -7.6401  2.00000
    15     -7.4309  2.00000
    16     -7.4309  2.00000
    17      5.5203  0.00000
    18      5.5203  0.00000
    19      7.6477  0.00000
    20      7.6477  0.00000
    21      8.4383  0.00000
    22      8.4383  0.00000
    23      8.7107  0.00000
    24      8.7107  0.00000
    25      9.5283  0.00000
    26      9.5283  0.00000
    27     12.1121  0.00000
    28     12.1121  0.00000
    29     15.3945  0.00000
    30     15.3945  0.00000
    31     15.9374  0.00000
    32     15.9374  0.00000

 KPT           32  SPIN            1  KWEIGHT    3.1250000000000000E-002
     1    -18.7631  2.00000
     2    -18.7631  2.00000
     3    -18.7631  2.00000
     4    -18.7631  2.00000
     5    -14.0548  2.00000
     6    -14.0548  2.00000
     7    -14.0548  2.00000
     8    -14.0548  2.00000
     9     -8.4542  2.00000
    10     -8.4542  2.00000
    11     -8.4542  2.00000
    12     -8.4542  2.00000
    13     -7.2557  2.00000
    14     -7.2557  2.00000
    15     -7.2557  2.00000
    16     -7.2557  2.00000
    17      6.9474  0.00000
    18      6.9474  0.00000
    19      6.9474  0.00000
    20      6.9474  0.00000
    21      7.4394  0.00000
    22      7.4394  0.00000
    23      7.4394  0.00000
    24      7.4394  0.00000
    25     10.7340  0.00000
    26     10.7340  0.00000
    27     10.7340  0.00000
    28     10.7340  0.00000
    29     16.3377  0.00000
    30     16.3377  0.00000
    31     16.3377  0.00000
    32     16.3377  0.00000

 KPT           33  SPIN            1  KWEIGHT    3.1250000000000000E-002
     1    -20.0200  2.00000
     2    -20.0200  2.00000
     3    -17.3571  2.00000
     4    -17.3571  2.00000
     5    -14.6523  2.00000
     6    -14.6523  2.00000
     7    -12.1080  2.00000
     8    -12.1080  2.00000
     9     -9.8168  2.00000
    10     -9.8168  2.00000
    11     -8.5010  2.00000
    12     -8.5010  2.00000
    13     -7.6401  2.00000
    14     -7.6401  2.00000
    15     -7.4309  2.00000
    16     -7.4309  2.00000
    17      5.5203  0.00000
    18      5.5203  0.00000
    19      7.6477  0.00000
    20      7.6477  0.00000
    21      8.4383  0.00000
    22      8.4383  0.00000
    23      8.7107  0.00000
    24      8.7107  0.00000
    25      9.5283  0.00000
    26      9.5283  0.00000
    27     12.1121  0.00000
    28     12.1121  0.00000
    29     15.3945  0.00000
    30     15.3945  0.00000
    31     15.9374  0.00000
    32     15.9374  0.00000

 KPT           34  SPIN            1  KWEIGHT    1.5625000000000000E-002
     1    -19.1128  2.00000
     2    -19.1128  2.00000
     3    -19.1128  2.00000
     4    -19.1128  2.00000
     5    -11.9609  2.00000
     6    -11.9609  2.00000
     7    -11.9609  2.00000
     8    -11.9609  2.00000
     9    -10.6173  2.00000
    10    -10.6173  2.00000
    11    -10.6173  2.00000
    12    -10.6173  2.00000
    13     -7.3085  2.00000
    14     -7.3085  2.00000
    15     -7.3085  2.00000
    16     -7.3085  2.00000
    17      7.1078  0.00000
    18      7.1078  0.00000
    19      7.1078  0.00000
    20      7.1078  0.00000
    21      8.0088  0.00000
    22      8.0088  0.00000
    23      8.0088  0.00000
    24      8.0088  0.00000
    25     11.3435  0.00000
    26     11.3435  0.00000
    27     11.3435  0.00000
    28     11.3435  0.00000
    29     15.5169  0.00000
    30     15.5169  0.00000
    31     15.5169  0.00000
    32     15.5169  0.00000

 KPT           35  SPIN            1  KWEIGHT    3.1250000000000000E-002
     1    -18.7631  2.00000
     2    -18.7631  2.00000
     3    -18.7631  2.00000
     4    -18.7631  2.00000
     5    -14.0548  2.00000
     6    -14.0548  2.00000
     7    -14.0548  2.00000
     8    -14.0548  2.00000
     9     -8.4542  2.00000
    10     -8.4542  2.00000
    11     -8.4542  2.00000
    12     -8.4542  2.00000
    13     -7.2557  2.00000
    14     -7.2557  2.00000
    15     -7.2557  2.00000
    16     -7.2557  2.00000
    17      6.9474  0.00000
    18      6.9474  0.00000
    19      6.9474  0.00000
    20      6.9474  0.00000
    21      7.4394  0.00000
    22      7.4394  0.00000
    23      7.4394  0.00000
    24      7.4394  0.00000
    25     10.7340  0.00000
    26     10.7340  0.00000
    27     10.7340  0.00000
    28     10.7340  0.00000
    29     16.3377  0.00000
    30     16.3377  0.00000
    31     16.3377  0.00000
    32     16.3377  0.00000

 KPT           36  SPIN            1  KWEIGHT    1.5625000000000000E-002
     1    -18.2478  2.00000
     2    -18.2478  2.00000
     3    -18.2478  2.00000
     4    -18.2478  2.00000
     5    -15.3837  2.00000
     6    -15.3837  2.00000
     7    -15.3837  2.00000
     8    -15.3837  2.00000
     9     -7.2186  2.00000
    10     -7.2186  2.00000
    11     -7.2186  2.00000
    12     -7.2186  2.00000
    13     -7.1554  2.00000
    14     -7.1554  2.00000
    15     -7.1554  2.00000
    16     -7.1554  2.00000
    17      6.7501  0.00000
    18      6.7501  0.00000
    19      6.7501  0.00000
    20      6.7501  0.00000
    21      6.7998  0.00000
    22      6.7998  0.00000
    23      6.7998  0.00000
    24      6.7998  0.00000
    25     10.3635  0.00000
    26     10.3635  0.00000
    27     10.3635  0.00000
    28     10.3635  0.00000
    29     16.9767  0.00000
    30     16.9767  0.00000
    31     16.9767  0.00000
    32     16.9767  0.00000

