 Fermi distribution function

Calculation with static geometry


********************************************************************************
 iSCC Total electronic   Diff electronic      SCC error    
    1   -0.14311768E+02    0.00000000E+00    0.11546319E-13
********************************************************************************

 Total charge:    -0.00000000

 Atomic gross charges (e)
 Atom           Charge
    1      -0.00000000
    2      -0.00000000
    3       0.00000000
    4      -0.00000000
    5      -0.00000000
    6      -0.00000000
    7      -0.00000000
    8       0.00000000

Nr. of electrons (up):     32.00000000
Atom populations (up)
 Atom       Population
    1       4.00000000
    2       4.00000000
    3       4.00000000
    4       4.00000000
    5       4.00000000
    6       4.00000000
    7       4.00000000
    8       4.00000000

l-shell populations (up)
 Atom Sh.   l       Population
    1   1   0       1.20497264
    1   2   1       2.79502736
    2   1   0       1.20497264
    2   2   1       2.79502736
    3   1   0       1.20497264
    3   2   1       2.79502736
    4   1   0       1.20497264
    4   2   1       2.79502736
    5   1   0       1.20497264
    5   2   1       2.79502736
    6   1   0       1.20497264
    6   2   1       2.79502736
    7   1   0       1.20497264
    7   2   1       2.79502736
    8   1   0       1.20497264
    8   2   1       2.79502736

Orbital populations (up)
 Atom Sh.   l   m       Population  Label
    1   1   0   0       1.20497264  s
    1   2   1  -1       0.93228629  p_y
    1   2   1   0       0.93228629  p_z
    1   2   1   1       0.93045479  p_x
    2   1   0   0       1.20497264  s
    2   2   1  -1       0.93228629  p_y
    2   2   1   0       0.93228629  p_z
    2   2   1   1       0.93045479  p_x
    3   1   0   0       1.20497264  s
    3   2   1  -1       0.93228629  p_y
    3   2   1   0       0.93228629  p_z
    3   2   1   1       0.93045479  p_x
    4   1   0   0       1.20497264  s
    4   2   1  -1       0.93228629  p_y
    4   2   1   0       0.93228629  p_z
    4   2   1   1       0.93045479  p_x
    5   1   0   0       1.20497264  s
    5   2   1  -1       0.93228629  p_y
    5   2   1   0       0.93228629  p_z
    5   2   1   1       0.93045479  p_x
    6   1   0   0       1.20497264  s
    6   2   1  -1       0.93228629  p_y
    6   2   1   0       0.93228629  p_z
    6   2   1   1       0.93045479  p_x
    7   1   0   0       1.20497264  s
    7   2   1  -1       0.93228629  p_y
    7   2   1   0       0.93228629  p_z
    7   2   1   1       0.93045479  p_x
    8   1   0   0       1.20497264  s
    8   2   1  -1       0.93228629  p_y
    8   2   1   0       0.93228629  p_z
    8   2   1   1       0.93045479  p_x

Fermi level:                        -0.0472308446 H           -1.2852 eV
Band energy:                       -14.3117684776 H         -389.4430 eV
TS:                                  0.0000000000 H            0.0000 eV
Band free energy (E-TS):           -14.3117684776 H         -389.4430 eV
Extrapolated E(0K):                -14.3117684776 H         -389.4430 eV
Input / Output electrons (q):     32.0000000000     32.0000000000

Energy H0:                         -14.3117684776 H         -389.4430 eV
Energy SCC:                         -0.0000000000 H           -0.0000 eV
Total Electronic energy:           -14.3117684776 H         -389.4430 eV
Repulsive energy:                    0.4264624239 H           11.6046 eV
Total energy:                      -13.8853060537 H         -377.8384 eV
Extrapolated to 0:                 -13.8853060537 H         -377.8384 eV
Total Mermin free energy:          -13.8853060537 H         -377.8384 eV
Force related energy:              -13.8853060537 H         -377.8384 eV

Non-constrained calculation

SCC converged

Total Forces
    1     -0.000000000001     -0.000000000000     -0.000000000000
    2      0.000000000000      0.000000000000      0.000000000000
    3      0.000000000000      0.000000000000      0.000000000000
    4     -0.000000000001      0.000000000000     -0.000000000000
    5      0.000000000001     -0.000000000001     -0.000000000001
    6     -0.000000000000     -0.000000000000      0.000000000001
    7      0.000000000001     -0.000000000001     -0.000000000001
    8      0.000000000000      0.000000000001     -0.000000000000

Total stress tensor
     -0.000329648410      0.000000000000      0.000000000000
      0.000000000000     -0.000170949293     -0.000000000000
      0.000000000000     -0.000000000000     -0.000170949293

Total lattice derivs
      0.014978036204     -0.000000000000     -0.000000000000
     -0.000000000000      0.007806156625      0.000000000000
     -0.000000000000      0.000000000000      0.007806156625

Maximal derivative component:        0.148842E-11 au

Volume:                              0.307802E+03 au^3
Pressure:                           -0.223849E-03 au    -0.658586E+10 Pa

Warning: dipole moment is not defined absolutely!
Dipole moment:   -0.00000000   -0.00000000   -0.00000000 au
Dipole moment:   -0.00000000   -0.00000000   -0.00000000 Debye


