MD step: 0
Potential Energy:                   -4.0779379326 H         -110.9663 eV
MD Kinetic Energy:                   0.0028501338 H            0.0776 eV
Total MD Energy:                    -4.0750877987 H         -110.8888 eV
MD Temperature:                      0.0009500446 au         300.0000 K
MD step: 1
Potential Energy:                   -4.0779027188 H         -110.9654 eV
MD Kinetic Energy:                   0.0028153983 H            0.0766 eV
Total MD Energy:                    -4.0750873205 H         -110.8888 eV
MD Temperature:                      0.0009384661 au         296.3438 K
MD step: 2
Potential Energy:                   -4.0778064595 H         -110.9628 eV
MD Kinetic Energy:                   0.0027225847 H            0.0741 eV
Total MD Energy:                    -4.0750838748 H         -110.8887 eV
MD Temperature:                      0.0009075282 au         286.5744 K
MD step: 3
Potential Energy:                   -4.0776774386 H         -110.9592 eV
MD Kinetic Energy:                   0.0026003059 H            0.0708 eV
Total MD Energy:                    -4.0750771327 H         -110.8885 eV
MD Temperature:                      0.0008667686 au         273.7036 K
MD step: 4
Potential Energy:                   -4.0775506668 H         -110.9558 eV
MD Kinetic Energy:                   0.0024827682 H            0.0676 eV
Total MD Energy:                    -4.0750678986 H         -110.8882 eV
MD Temperature:                      0.0008275894 au         261.3318 K
MD step: 5
Potential Energy:                   -4.0774508798 H         -110.9531 eV
MD Kinetic Energy:                   0.0023935195 H            0.0651 eV
Total MD Energy:                    -4.0750573602 H         -110.8880 eV
MD Temperature:                      0.0007978398 au         251.9376 K
MD step: 6
Potential Energy:                   -4.0773816132 H         -110.9512 eV
MD Kinetic Energy:                   0.0023353835 H            0.0635 eV
Total MD Energy:                    -4.0750462297 H         -110.8876 eV
MD Temperature:                      0.0007784612 au         245.8183 K
MD step: 7
Potential Energy:                   -4.0773270038 H         -110.9497 eV
MD Kinetic Energy:                   0.0022926854 H            0.0624 eV
Total MD Energy:                    -4.0750343185 H         -110.8873 eV
MD Temperature:                      0.0007642285 au         241.3240 K
MD step: 8
Potential Energy:                   -4.0772647456 H         -110.9480 eV
MD Kinetic Energy:                   0.0022439980 H            0.0611 eV
Total MD Energy:                    -4.0750207476 H         -110.8870 eV
MD Temperature:                      0.0007479993 au         236.1992 K
MD step: 9
Potential Energy:                   -4.0771818049 H         -110.9458 eV
MD Kinetic Energy:                   0.0021772272 H            0.0592 eV
Total MD Energy:                    -4.0750045778 H         -110.8865 eV
MD Temperature:                      0.0007257424 au         229.1710 K
MD step: 10
Potential Energy:                   -4.0770838104 H         -110.9431 eV
MD Kinetic Energy:                   0.0020983906 H            0.0571 eV
Total MD Energy:                    -4.0749854198 H         -110.8860 eV
MD Temperature:                      0.0006994635 au         220.8728 K
MD step: 11
Potential Energy:                   -4.0769939305 H         -110.9406 eV
MD Kinetic Energy:                   0.0020301149 H            0.0552 eV
Total MD Energy:                    -4.0749638157 H         -110.8854 eV
MD Temperature:                      0.0006767050 au         213.6863 K
MD step: 12
Potential Energy:                   -4.0769426328 H         -110.9393 eV
MD Kinetic Energy:                   0.0020014395 H            0.0545 eV
Total MD Energy:                    -4.0749411934 H         -110.8848 eV
MD Temperature:                      0.0006671465 au         210.6679 K
MD step: 13
Potential Energy:                   -4.0769538031 H         -110.9396 eV
MD Kinetic Energy:                   0.0020342821 H            0.0554 eV
Total MD Energy:                    -4.0749195210 H         -110.8842 eV
MD Temperature:                      0.0006780940 au         214.1249 K
MD step: 14
Potential Energy:                   -4.0770335284 H         -110.9417 eV
MD Kinetic Energy:                   0.0021327959 H            0.0580 eV
Total MD Energy:                    -4.0749007325 H         -110.8837 eV
MD Temperature:                      0.0007109320 au         224.4943 K
MD step: 15
Potential Energy:                   -4.0771664817 H         -110.9453 eV
MD Kinetic Energy:                   0.0022804057 H            0.0621 eV
Total MD Energy:                    -4.0748860760 H         -110.8833 eV
MD Temperature:                      0.0007601352 au         240.0314 K
MD step: 16
Potential Energy:                   -4.0773219159 H         -110.9496 eV
MD Kinetic Energy:                   0.0024462275 H            0.0666 eV
Total MD Energy:                    -4.0748756884 H         -110.8830 eV
MD Temperature:                      0.0008154092 au         257.4855 K
MD step: 17
Potential Energy:                   -4.0774670059 H         -110.9535 eV
MD Kinetic Energy:                   0.0025982835 H            0.0707 eV
Total MD Energy:                    -4.0748687224 H         -110.8828 eV
MD Temperature:                      0.0008660945 au         273.4907 K
MD step: 18
Potential Energy:                   -4.0775810513 H         -110.9566 eV
MD Kinetic Energy:                   0.0027170337 H            0.0739 eV
Total MD Energy:                    -4.0748640176 H         -110.8827 eV
MD Temperature:                      0.0009056779 au         285.9901 K
MD step: 19
Potential Energy:                   -4.0776627698 H         -110.9588 eV
MD Kinetic Energy:                   0.0028018861 H            0.0762 eV
Total MD Energy:                    -4.0748608837 H         -110.8826 eV
MD Temperature:                      0.0009339620 au         294.9215 K
MD step: 20
Potential Energy:                   -4.0777261974 H         -110.9606 eV
MD Kinetic Energy:                   0.0028667172 H            0.0780 eV
Total MD Energy:                    -4.0748594802 H         -110.8826 eV
MD Temperature:                      0.0009555724 au         301.7455 K
MD step: 21
Potential Energy:                   -4.0777872286 H         -110.9622 eV
MD Kinetic Energy:                   0.0029267404 H            0.0796 eV
Total MD Energy:                    -4.0748604882 H         -110.8826 eV
MD Temperature:                      0.0009755801 au         308.0635 K
MD step: 22
Potential Energy:                   -4.0778492221 H         -110.9639 eV
MD Kinetic Energy:                   0.0029849366 H            0.0812 eV
Total MD Energy:                    -4.0748642855 H         -110.8827 eV
MD Temperature:                      0.0009949789 au         314.1891 K
MD step: 23
Potential Energy:                   -4.0778974328 H         -110.9652 eV
MD Kinetic Energy:                   0.0030271950 H            0.0824 eV
Total MD Energy:                    -4.0748702378 H         -110.8829 eV
MD Temperature:                      0.0010090650 au         318.6371 K
MD step: 24
Potential Energy:                   -4.0779062224 H         -110.9655 eV
MD Kinetic Energy:                   0.0030295986 H            0.0824 eV
Total MD Energy:                    -4.0748766239 H         -110.8830 eV
MD Temperature:                      0.0010098662 au         318.8901 K
MD step: 25
Potential Energy:                   -4.0778542680 H         -110.9641 eV
MD Kinetic Energy:                   0.0029730346 H            0.0809 eV
Total MD Energy:                    -4.0748812334 H         -110.8832 eV
MD Temperature:                      0.0009910115 au         312.9363 K
MD step: 26
Potential Energy:                   -4.0777380515 H         -110.9609 eV
MD Kinetic Energy:                   0.0028558800 H            0.0777 eV
Total MD Energy:                    -4.0748821715 H         -110.8832 eV
MD Temperature:                      0.0009519600 au         300.6048 K
MD step: 27
Potential Energy:                   -4.0775761911 H         -110.9565 eV
MD Kinetic Energy:                   0.0026976796 H            0.0734 eV
Total MD Energy:                    -4.0748785115 H         -110.8831 eV
MD Temperature:                      0.0008992265 au         283.9529 K
MD step: 28
Potential Energy:                   -4.0774029555 H         -110.9518 eV
MD Kinetic Energy:                   0.0025324821 H            0.0689 eV
Total MD Energy:                    -4.0748704734 H         -110.8829 eV
MD Temperature:                      0.0008441607 au         266.5645 K
MD step: 29
Potential Energy:                   -4.0772550646 H         -110.9478 eV
MD Kinetic Energy:                   0.0023958754 H            0.0652 eV
Total MD Energy:                    -4.0748591892 H         -110.8826 eV
MD Temperature:                      0.0007986251 au         252.1856 K
MD step: 30
Potential Energy:                   -4.0771582254 H         -110.9451 eV
MD Kinetic Energy:                   0.0023119997 H            0.0629 eV
Total MD Energy:                    -4.0748462257 H         -110.8822 eV
MD Temperature:                      0.0007706666 au         243.3570 K
MD step: 31
Potential Energy:                   -4.0771188894 H         -110.9440 eV
MD Kinetic Energy:                   0.0022858500 H            0.0622 eV
Total MD Energy:                    -4.0748330394 H         -110.8818 eV
MD Temperature:                      0.0007619500 au         240.6045 K
MD step: 32
Potential Energy:                   -4.0771241177 H         -110.9442 eV
MD Kinetic Energy:                   0.0023036162 H            0.0627 eV
Total MD Energy:                    -4.0748205015 H         -110.8815 eV
MD Temperature:                      0.0007678721 au         242.4745 K
MD step: 33
Potential Energy:                   -4.0771494787 H         -110.9449 eV
MD Kinetic Energy:                   0.0023408161 H            0.0637 eV
Total MD Energy:                    -4.0748086626 H         -110.8812 eV
MD Temperature:                      0.0007802720 au         246.3901 K
MD step: 34
Potential Energy:                   -4.0771719481 H         -110.9455 eV
MD Kinetic Energy:                   0.0023750127 H            0.0646 eV
Total MD Energy:                    -4.0747969354 H         -110.8809 eV
MD Temperature:                      0.0007916709 au         249.9896 K
MD step: 35
Potential Energy:                   -4.0771822923 H         -110.9458 eV
MD Kinetic Energy:                   0.0023975949 H            0.0652 eV
Total MD Energy:                    -4.0747846974 H         -110.8805 eV
MD Temperature:                      0.0007991983 au         252.3666 K
MD step: 36
Potential Energy:                   -4.0771905833 H         -110.9460 eV
MD Kinetic Energy:                   0.0024185650 H            0.0658 eV
Total MD Energy:                    -4.0747720184 H         -110.8802 eV
MD Temperature:                      0.0008061883 au         254.5738 K
MD step: 37
Potential Energy:                   -4.0772209023 H         -110.9468 eV
MD Kinetic Energy:                   0.0024608876 H            0.0670 eV
Total MD Energy:                    -4.0747600147 H         -110.8799 eV
MD Temperature:                      0.0008202959 au         259.0286 K
MD step: 38
Potential Energy:                   -4.0772968279 H         -110.9489 eV
MD Kinetic Energy:                   0.0025462229 H            0.0693 eV
Total MD Energy:                    -4.0747506050 H         -110.8796 eV
MD Temperature:                      0.0008487410 au         268.0109 K
MD step: 39
Potential Energy:                   -4.0774250185 H         -110.9524 eV
MD Kinetic Energy:                   0.0026794115 H            0.0729 eV
Total MD Energy:                    -4.0747456071 H         -110.8795 eV
MD Temperature:                      0.0008931372 au         282.0301 K
MD step: 40
Potential Energy:                   -4.0775870555 H         -110.9568 eV
MD Kinetic Energy:                   0.0028412985 H            0.0773 eV
Total MD Energy:                    -4.0747457569 H         -110.8795 eV
MD Temperature:                      0.0009470995 au         299.0700 K
