 KPT            1  SPIN            1  KWEIGHT    1.5625000000000000E-002
     1    -22.9468  2.00000
     2    -18.2622  2.00000
     3    -18.2554  2.00000
     4    -18.2554  2.00000
     5    -18.2489  2.00000
     6    -15.5381  2.00000
     7    -15.5271  2.00000
     8    -15.5244  2.00000
     9    -15.5243  2.00000
    10    -15.5217  2.00000
    11    -15.5125  2.00000
    12    -15.4096  2.00000
    13    -15.4031  2.00000
    14    -15.4030  2.00000
    15    -15.3948  2.00000
    16     -9.8922  2.00000
    17     -9.8857  2.00000
    18     -9.8852  2.00000
    19     -9.8851  2.00000
    20     -9.8847  2.00000
    21     -9.8782  2.00000
    22     -7.2043  2.00000
    23     -7.1889  2.00000
    24     -7.1822  2.00000
    25     -7.1820  2.00000
    26     -7.1812  2.00000
    27     -7.1810  2.00000
    28     -7.1742  2.00000
    29     -7.1589  2.00000
    30     -4.6988  2.00000
    31     -4.6830  2.00000
    32     -4.6670  2.00000
    33      2.1636  0.00000
    34      2.1971  0.00000
    35      2.2293  0.00000
    36      6.7651  0.00000
    37      6.8264  0.00000
    38      6.8616  0.00000
    39      6.8618  0.00000
    40      6.8625  0.00000
    41      6.8627  0.00000
    42      6.8964  0.00000
    43      6.9497  0.00000
    44      9.0144  0.00000
    45      9.0675  0.00000
    46      9.0948  0.00000
    47      9.0954  0.00000
    48      9.1237  0.00000
    49      9.1773  0.00000
    50     10.5213  0.00000
    51     10.5585  0.00000
    52     10.5590  0.00000
    53     10.6009  0.00000
    54     13.8135  0.00000
    55     13.8678  0.00000
    56     13.8682  0.00000
    57     13.8682  0.00000
    58     13.8688  0.00000
    59     13.9305  0.00000
    60     15.4156  0.00000
    61     17.1282  0.00000
    62     17.1732  0.00000
    63     17.1737  0.00000
    64     17.2276  0.00000

 KPT            2  SPIN            1  KWEIGHT    3.1250000000000000E-002
     1    -22.5636  2.00000
     2    -19.7202  2.00000
     3    -18.2140  2.00000
     4    -18.2082  2.00000
     5    -18.2026  2.00000
     6    -16.9679  2.00000
     7    -16.9610  2.00000
     8    -16.9541  2.00000
     9    -14.8330  2.00000
    10    -14.8259  2.00000
    11    -14.8188  2.00000
    12    -13.8225  2.00000
    13    -13.8147  2.00000
    14    -13.8068  2.00000
    15    -13.3641  2.00000
    16    -10.4813  2.00000
    17    -10.4771  2.00000
    18    -10.4729  2.00000
    19     -9.5884  2.00000
    20     -9.5839  2.00000
    21     -9.5793  2.00000
    22     -8.1614  2.00000
    23     -8.1559  2.00000
    24     -8.1506  2.00000
    25     -7.7171  2.00000
    26     -7.7115  2.00000
    27     -7.7056  2.00000
    28     -6.9439  2.00000
    29     -6.9251  2.00000
    30     -6.5973  2.00000
    31     -5.2557  2.00000
    32     -5.2328  2.00000
    33      3.0692  0.00000
    34      3.1244  0.00000
    35      4.0173  0.00000
    36      6.2793  0.00000
    37      6.3546  0.00000
    38      7.0405  0.00000
    39      7.0561  0.00000
    40      7.0754  0.00000
    41      7.8206  0.00000
    42      7.8714  0.00000
    43      7.9031  0.00000
    44      7.9923  0.00000
    45      8.0003  0.00000
    46      8.0460  0.00000
    47      9.6132  0.00000
    48     11.1366  0.00000
    49     11.1653  0.00000
    50     11.1883  0.00000
    51     11.3750  0.00000
    52     11.4154  0.00000
    53     11.4601  0.00000
    54     12.8832  0.00000
    55     12.9137  0.00000
    56     12.9502  0.00000
    57     13.6692  0.00000
    58     13.6972  0.00000
    59     13.7308  0.00000
    60     15.6404  0.00000
    61     16.5090  0.00000
    62     16.5535  0.00000
    63     16.6070  0.00000
    64     16.8749  0.00000

 KPT            3  SPIN            1  KWEIGHT    1.5625000000000000E-002
     1    -21.4484  2.00000
     2    -21.4483  2.00000
     3    -17.8635  2.00000
     4    -17.8519  2.00000
     5    -17.8500  2.00000
     6    -17.8500  2.00000
     7    -17.8481  2.00000
     8    -17.8366  2.00000
     9    -13.6124  2.00000
    10    -13.5997  2.00000
    11    -13.5964  2.00000
    12    -13.5964  2.00000
    13    -13.5931  2.00000
    14    -13.5805  2.00000
    15    -10.0979  2.00000
    16    -10.0874  2.00000
    17    -10.0858  2.00000
    18    -10.0858  2.00000
    19    -10.0843  2.00000
    20    -10.0748  2.00000
    21    -10.0147  2.00000
    22    -10.0135  2.00000
    23     -8.7637  2.00000
    24     -8.7540  2.00000
    25     -8.7539  2.00000
    26     -8.7538  2.00000
    27     -8.7537  2.00000
    28     -8.7437  2.00000
    29     -6.2452  2.00000
    30     -6.2255  2.00000
    31     -6.2236  2.00000
    32     -6.2033  2.00000
    33      4.7980  0.00000
    34      4.8652  0.00000
    35      4.8678  0.00000
    36      4.9282  0.00000
    37      7.1080  0.00000
    38      7.1122  0.00000
    39      7.3187  0.00000
    40      7.3489  0.00000
    41      7.3708  0.00000
    42      7.3710  0.00000
    43      7.3923  0.00000
    44      7.4225  0.00000
    45     10.4845  0.00000
    46     10.5400  0.00000
    47     10.5407  0.00000
    48     10.5407  0.00000
    49     10.5413  0.00000
    50     10.5998  0.00000
    51     12.2734  0.00000
    52     12.3023  0.00000
    53     12.3116  0.00000
    54     12.3119  0.00000
    55     12.3208  0.00000
    56     12.3543  0.00000
    57     14.6421  0.00000
    58     14.7212  0.00000
    59     14.7348  0.00000
    60     14.7348  0.00000
    61     14.7487  0.00000
    62     14.8383  0.00000
    63     16.2224  0.00000
    64     16.2281  0.00000

 KPT            4  SPIN            1  KWEIGHT    3.1250000000000000E-002
     1    -22.5636  2.00000
     2    -19.7202  2.00000
     3    -18.2140  2.00000
     4    -18.2082  2.00000
     5    -18.2026  2.00000
     6    -16.9679  2.00000
     7    -16.9610  2.00000
     8    -16.9541  2.00000
     9    -14.8330  2.00000
    10    -14.8259  2.00000
    11    -14.8188  2.00000
    12    -13.8225  2.00000
    13    -13.8147  2.00000
    14    -13.8068  2.00000
    15    -13.3641  2.00000
    16    -10.4813  2.00000
    17    -10.4771  2.00000
    18    -10.4729  2.00000
    19     -9.5884  2.00000
    20     -9.5839  2.00000
    21     -9.5793  2.00000
    22     -8.1614  2.00000
    23     -8.1559  2.00000
    24     -8.1506  2.00000
    25     -7.7171  2.00000
    26     -7.7115  2.00000
    27     -7.7056  2.00000
    28     -6.9439  2.00000
    29     -6.9251  2.00000
    30     -6.5973  2.00000
    31     -5.2557  2.00000
    32     -5.2328  2.00000
    33      3.0692  0.00000
    34      3.1244  0.00000
    35      4.0173  0.00000
    36      6.2793  0.00000
    37      6.3546  0.00000
    38      7.0405  0.00000
    39      7.0561  0.00000
    40      7.0754  0.00000
    41      7.8206  0.00000
    42      7.8714  0.00000
    43      7.9031  0.00000
    44      7.9923  0.00000
    45      8.0003  0.00000
    46      8.0460  0.00000
    47      9.6132  0.00000
    48     11.1366  0.00000
    49     11.1653  0.00000
    50     11.1883  0.00000
    51     11.3750  0.00000
    52     11.4154  0.00000
    53     11.4601  0.00000
    54     12.8832  0.00000
    55     12.9137  0.00000
    56     12.9502  0.00000
    57     13.6692  0.00000
    58     13.6972  0.00000
    59     13.7308  0.00000
    60     15.6404  0.00000
    61     16.5090  0.00000
    62     16.5535  0.00000
    63     16.6070  0.00000
    64     16.8749  0.00000

 KPT            5  SPIN            1  KWEIGHT    3.1250000000000000E-002
     1    -22.4362  2.00000
     2    -18.7815  2.00000
     3    -18.7724  2.00000
     4    -18.7723  2.00000
     5    -18.7635  2.00000
     6    -18.5910  2.00000
     7    -15.3053  2.00000
     8    -15.2987  2.00000
     9    -15.2946  2.00000
    10    -15.2881  2.00000
    11    -14.0820  2.00000
    12    -14.0719  2.00000
    13    -14.0718  2.00000
    14    -14.0617  2.00000
    15    -12.0485  2.00000
    16    -10.4588  2.00000
    17    -10.4588  2.00000
    18    -10.4501  2.00000
    19    -10.4499  2.00000
    20     -9.4312  2.00000
    21     -9.4311  2.00000
    22     -8.4798  2.00000
    23     -8.4684  2.00000
    24     -8.4684  2.00000
    25     -8.4573  2.00000
    26     -7.2423  2.00000
    27     -7.2347  2.00000
    28     -7.2343  2.00000
    29     -7.2270  2.00000
    30     -6.0863  2.00000
    31     -6.0858  2.00000
    32     -5.8196  2.00000
    33      2.5131  0.00000
    34      4.4433  0.00000
    35      4.4448  0.00000
    36      5.8410  0.00000
    37      6.9948  0.00000
    38      7.0076  0.00000
    39      7.0219  0.00000
    40      7.0479  0.00000
    41      7.5368  0.00000
    42      7.5726  0.00000
    43      7.5728  0.00000
    44      7.6199  0.00000
    45     10.1126  0.00000
    46     10.1258  0.00000
    47     10.1749  0.00000
    48     10.1837  0.00000
    49     10.8557  0.00000
    50     10.9007  0.00000
    51     10.9010  0.00000
    52     10.9485  0.00000
    53     12.3511  0.00000
    54     12.3542  0.00000
    55     12.6474  0.00000
    56     13.4105  0.00000
    57     13.4417  0.00000
    58     13.4583  0.00000
    59     13.4992  0.00000
    60     15.5972  0.00000
    61     16.4856  0.00000
    62     16.5327  0.00000
    63     16.5331  0.00000
    64     16.5904  0.00000

 KPT            6  SPIN            1  KWEIGHT    3.1250000000000000E-002
     1    -21.5654  2.00000
     2    -20.6093  2.00000
     3    -19.6487  2.00000
     4    -18.7991  2.00000
     5    -18.7891  2.00000
     6    -17.3498  2.00000
     7    -16.4594  2.00000
     8    -16.4513  2.00000
     9    -14.1545  2.00000
    10    -14.1163  2.00000
    11    -14.1041  2.00000
    12    -12.7967  2.00000
    13    -12.7819  2.00000
    14    -11.2564  2.00000
    15    -11.2497  2.00000
    16    -11.0290  2.00000
    17    -11.0172  2.00000
    18    -10.8610  2.00000
    19     -9.7713  2.00000
    20     -9.7605  2.00000
    21     -9.7038  2.00000
    22     -9.6940  2.00000
    23     -8.9312  2.00000
    24     -8.8409  2.00000
    25     -8.7125  2.00000
    26     -8.2346  2.00000
    27     -8.2235  2.00000
    28     -8.0412  2.00000
    29     -8.0310  2.00000
    30     -7.0775  2.00000
    31     -6.4239  2.00000
    32     -6.3515  2.00000
    33      3.6380  0.00000
    34      5.2048  0.00000
    35      5.2818  0.00000
    36      6.3833  0.00000
    37      6.9209  0.00000
    38      6.9995  0.00000
    39      7.0357  0.00000
    40      7.0687  0.00000
    41      8.4551  0.00000
    42      8.8533  0.00000
    43      9.1026  0.00000
    44      9.1161  0.00000
    45      9.3018  0.00000
    46      9.3386  0.00000
    47      9.3657  0.00000
    48     10.2855  0.00000
    49     10.8557  0.00000
    50     11.3821  0.00000
    51     11.4168  0.00000
    52     11.6033  0.00000
    53     11.6718  0.00000
    54     12.5701  0.00000
    55     12.6053  0.00000
    56     12.6213  0.00000
    57     13.8890  0.00000
    58     13.9715  0.00000
    59     14.4820  0.00000
    60     15.3572  0.00000
    61     15.4018  0.00000
    62     15.4526  0.00000
    63     15.7770  0.00000
    64     16.1714  0.00000

 KPT            7  SPIN            1  KWEIGHT    3.1250000000000000E-002
     1    -21.9367  2.00000
     2    -20.0296  2.00000
     3    -20.0296  2.00000
     4    -18.1885  2.00000
     5    -18.1781  2.00000
     6    -17.3682  2.00000
     7    -17.3628  2.00000
     8    -15.9149  2.00000
     9    -14.6762  2.00000
    10    -14.6648  2.00000
    11    -14.6027  2.00000
    12    -12.4370  2.00000
    13    -12.4221  2.00000
    14    -12.1207  2.00000
    15    -12.1205  2.00000
    16    -11.8075  2.00000
    17    -10.2389  2.00000
    18    -10.2363  2.00000
    19     -9.8420  2.00000
    20     -9.8371  2.00000
    21     -9.4003  2.00000
    22     -9.3908  2.00000
    23     -9.1430  2.00000
    24     -8.4955  2.00000
    25     -8.4840  2.00000
    26     -7.9756  2.00000
    27     -7.6664  2.00000
    28     -7.6655  2.00000
    29     -7.3886  2.00000
    30     -7.3877  2.00000
    31     -7.2339  2.00000
    32     -5.4210  2.00000
    33      3.5104  0.00000
    34      5.3856  0.00000
    35      5.5342  0.00000
    36      5.5371  0.00000
    37      5.7853  0.00000
    38      7.0906  0.00000
    39      7.1353  0.00000
    40      7.7680  0.00000
    41      7.7736  0.00000
    42      8.5760  0.00000
    43      8.6145  0.00000
    44      8.7971  0.00000
    45      8.8700  0.00000
    46      8.9912  0.00000
    47      9.6898  0.00000
    48      9.6911  0.00000
    49     11.4849  0.00000
    50     11.4882  0.00000
    51     11.6968  0.00000
    52     12.1056  0.00000
    53     12.2808  0.00000
    54     12.2853  0.00000
    55     12.5685  0.00000
    56     12.6380  0.00000
    57     13.4033  0.00000
    58     13.4874  0.00000
    59     14.5349  0.00000
    60     15.5367  0.00000
    61     15.6297  0.00000
    62     15.8679  0.00000
    63     16.1306  0.00000
    64     16.1376  0.00000

 KPT            8  SPIN            1  KWEIGHT    1.5625000000000000E-002
     1    -21.4484  2.00000
     2    -21.4483  2.00000
     3    -17.8635  2.00000
     4    -17.8519  2.00000
     5    -17.8500  2.00000
     6    -17.8500  2.00000
     7    -17.8481  2.00000
     8    -17.8366  2.00000
     9    -13.6124  2.00000
    10    -13.5997  2.00000
    11    -13.5964  2.00000
    12    -13.5964  2.00000
    13    -13.5931  2.00000
    14    -13.5805  2.00000
    15    -10.0979  2.00000
    16    -10.0874  2.00000
    17    -10.0858  2.00000
    18    -10.0858  2.00000
    19    -10.0843  2.00000
    20    -10.0748  2.00000
    21    -10.0147  2.00000
    22    -10.0135  2.00000
    23     -8.7637  2.00000
    24     -8.7540  2.00000
    25     -8.7539  2.00000
    26     -8.7538  2.00000
    27     -8.7537  2.00000
    28     -8.7437  2.00000
    29     -6.2452  2.00000
    30     -6.2255  2.00000
    31     -6.2236  2.00000
    32     -6.2033  2.00000
    33      4.7980  0.00000
    34      4.8652  0.00000
    35      4.8678  0.00000
    36      4.9282  0.00000
    37      7.1080  0.00000
    38      7.1122  0.00000
    39      7.3187  0.00000
    40      7.3489  0.00000
    41      7.3708  0.00000
    42      7.3710  0.00000
    43      7.3923  0.00000
    44      7.4225  0.00000
    45     10.4845  0.00000
    46     10.5400  0.00000
    47     10.5407  0.00000
    48     10.5407  0.00000
    49     10.5413  0.00000
    50     10.5998  0.00000
    51     12.2734  0.00000
    52     12.3023  0.00000
    53     12.3116  0.00000
    54     12.3119  0.00000
    55     12.3208  0.00000
    56     12.3543  0.00000
    57     14.6421  0.00000
    58     14.7212  0.00000
    59     14.7348  0.00000
    60     14.7348  0.00000
    61     14.7487  0.00000
    62     14.8383  0.00000
    63     16.2224  0.00000
    64     16.2281  0.00000

 KPT            9  SPIN            1  KWEIGHT    3.1250000000000000E-002
     1    -21.5654  2.00000
     2    -20.6093  2.00000
     3    -19.6487  2.00000
     4    -18.7991  2.00000
     5    -18.7891  2.00000
     6    -17.3498  2.00000
     7    -16.4594  2.00000
     8    -16.4513  2.00000
     9    -14.1545  2.00000
    10    -14.1163  2.00000
    11    -14.1041  2.00000
    12    -12.7967  2.00000
    13    -12.7819  2.00000
    14    -11.2564  2.00000
    15    -11.2497  2.00000
    16    -11.0290  2.00000
    17    -11.0172  2.00000
    18    -10.8610  2.00000
    19     -9.7713  2.00000
    20     -9.7605  2.00000
    21     -9.7038  2.00000
    22     -9.6940  2.00000
    23     -8.9312  2.00000
    24     -8.8409  2.00000
    25     -8.7125  2.00000
    26     -8.2346  2.00000
    27     -8.2235  2.00000
    28     -8.0412  2.00000
    29     -8.0310  2.00000
    30     -7.0775  2.00000
    31     -6.4239  2.00000
    32     -6.3515  2.00000
    33      3.6380  0.00000
    34      5.2048  0.00000
    35      5.2818  0.00000
    36      6.3833  0.00000
    37      6.9209  0.00000
    38      6.9995  0.00000
    39      7.0357  0.00000
    40      7.0687  0.00000
    41      8.4551  0.00000
    42      8.8533  0.00000
    43      9.1026  0.00000
    44      9.1161  0.00000
    45      9.3018  0.00000
    46      9.3386  0.00000
    47      9.3657  0.00000
    48     10.2855  0.00000
    49     10.8557  0.00000
    50     11.3821  0.00000
    51     11.4168  0.00000
    52     11.6033  0.00000
    53     11.6718  0.00000
    54     12.5701  0.00000
    55     12.6053  0.00000
    56     12.6213  0.00000
    57     13.8890  0.00000
    58     13.9715  0.00000
    59     14.4820  0.00000
    60     15.3572  0.00000
    61     15.4018  0.00000
    62     15.4526  0.00000
    63     15.7770  0.00000
    64     16.1714  0.00000

 KPT           10  SPIN            1  KWEIGHT    1.5625000000000000E-002
     1    -20.9499  2.00000
     2    -20.9499  2.00000
     3    -19.1321  2.00000
     4    -19.1227  2.00000
     5    -19.1227  2.00000
     6    -19.1132  2.00000
     7    -15.0277  2.00000
     8    -15.0194  2.00000
     9    -15.0194  2.00000
    10    -15.0112  2.00000
    11    -11.9779  2.00000
    12    -11.9695  2.00000
    13    -11.9694  2.00000
    14    -11.9613  2.00000
    15    -11.0565  2.00000
    16    -11.0516  2.00000
    17    -11.0487  2.00000
    18    -11.0437  2.00000
    19    -10.6470  2.00000
    20    -10.6426  2.00000
    21    -10.6425  2.00000
    22    -10.6383  2.00000
    23     -8.6023  2.00000
    24     -8.6016  2.00000
    25     -8.0970  2.00000
    26     -8.0969  2.00000
    27     -8.0969  2.00000
    28     -8.0960  2.00000
    29     -7.2952  2.00000
    30     -7.2868  2.00000
    31     -7.2862  2.00000
    32     -7.2781  2.00000
    33      3.6335  0.00000
    34      3.6368  0.00000
    35      7.1582  0.00000
    36      7.1702  0.00000
    37      7.1812  0.00000
    38      7.2031  0.00000
    39      8.1491  0.00000
    40      8.1817  0.00000
    41      8.1836  0.00000
    42      8.2018  0.00000
    43      8.6304  0.00000
    44      8.6309  0.00000
    45      8.6309  0.00000
    46      8.6520  0.00000
    47     11.4192  0.00000
    48     11.4680  0.00000
    49     11.4687  0.00000
    50     11.5107  0.00000
    51     12.0006  0.00000
    52     12.0442  0.00000
    53     12.0497  0.00000
    54     12.0743  0.00000
    55     12.1383  0.00000
    56     12.1480  0.00000
    57     12.1912  0.00000
    58     12.2362  0.00000
    59     15.0567  0.00000
    60     15.0597  0.00000
    61     15.6652  0.00000
    62     15.7152  0.00000
    63     15.7155  0.00000
    64     15.7795  0.00000

 KPT           11  SPIN            1  KWEIGHT    3.1250000000000000E-002
     1    -22.5636  2.00000
     2    -19.7209  2.00000
     3    -18.2117  2.00000
     4    -18.2082  2.00000
     5    -18.2029  2.00000
     6    -16.9651  2.00000
     7    -16.9608  2.00000
     8    -16.9561  2.00000
     9    -14.8330  2.00000
    10    -14.8262  2.00000
    11    -14.8240  2.00000
    12    -13.8213  2.00000
    13    -13.8159  2.00000
    14    -13.8116  2.00000
    15    -13.3603  2.00000
    16    -10.4772  2.00000
    17    -10.4753  2.00000
    18    -10.4684  2.00000
    19     -9.5892  2.00000
    20     -9.5843  2.00000
    21     -9.5838  2.00000
    22     -8.1568  2.00000
    23     -8.1533  2.00000
    24     -8.1380  2.00000
    25     -7.7226  2.00000
    26     -7.7159  2.00000
    27     -7.7118  2.00000
    28     -6.9412  2.00000
    29     -6.9302  2.00000
    30     -6.5886  2.00000
    31     -5.2561  2.00000
    32     -5.2429  2.00000
    33      3.0942  0.00000
    34      3.1252  0.00000
    35      3.9922  0.00000
    36      6.3011  0.00000
    37      6.3433  0.00000
    38      6.9838  0.00000
    39      7.0476  0.00000
    40      7.0640  0.00000
    41      7.8358  0.00000
    42      7.8650  0.00000
    43      7.8919  0.00000
    44      7.9999  0.00000
    45      8.0299  0.00000
    46      8.0685  0.00000
    47      9.6077  0.00000
    48     11.1057  0.00000
    49     11.1652  0.00000
    50     11.1845  0.00000
    51     11.3786  0.00000
    52     11.4187  0.00000
    53     11.4562  0.00000
    54     12.9133  0.00000
    55     12.9189  0.00000
    56     12.9599  0.00000
    57     13.6632  0.00000
    58     13.7006  0.00000
    59     13.7252  0.00000
    60     15.6371  0.00000
    61     16.5548  0.00000
    62     16.5569  0.00000
    63     16.6098  0.00000
    64     16.8405  0.00000

 KPT           12  SPIN            1  KWEIGHT    3.1250000000000000E-002
     1    -22.4362  2.00000
     2    -18.7795  2.00000
     3    -18.7732  2.00000
     4    -18.7715  2.00000
     5    -18.7656  2.00000
     6    -18.5910  2.00000
     7    -15.3042  2.00000
     8    -15.2967  2.00000
     9    -15.2966  2.00000
    10    -15.2893  2.00000
    11    -14.0798  2.00000
    12    -14.0728  2.00000
    13    -14.0709  2.00000
    14    -14.0637  2.00000
    15    -12.0484  2.00000
    16    -10.4586  2.00000
    17    -10.4559  2.00000
    18    -10.4528  2.00000
    19    -10.4501  2.00000
    20     -9.4338  2.00000
    21     -9.4286  2.00000
    22     -8.4775  2.00000
    23     -8.4709  2.00000
    24     -8.4659  2.00000
    25     -8.4593  2.00000
    26     -7.2475  2.00000
    27     -7.2351  2.00000
    28     -7.2342  2.00000
    29     -7.2217  2.00000
    30     -6.0924  2.00000
    31     -6.0793  2.00000
    32     -5.8200  2.00000
    33      2.5136  0.00000
    34      4.4246  0.00000
    35      4.4634  0.00000
    36      5.8423  0.00000
    37      6.9664  0.00000
    38      7.0209  0.00000
    39      7.0221  0.00000
    40      7.0676  0.00000
    41      7.5426  0.00000
    42      7.5600  0.00000
    43      7.5869  0.00000
    44      7.6055  0.00000
    45     10.0965  0.00000
    46     10.1450  0.00000
    47     10.1553  0.00000
    48     10.1998  0.00000
    49     10.8609  0.00000
    50     10.8969  0.00000
    51     10.9041  0.00000
    52     10.9433  0.00000
    53     12.3343  0.00000
    54     12.3740  0.00000
    55     12.6455  0.00000
    56     13.4150  0.00000
    57     13.4458  0.00000
    58     13.4545  0.00000
    59     13.4943  0.00000
    60     15.5971  0.00000
    61     16.4892  0.00000
    62     16.5321  0.00000
    63     16.5335  0.00000
    64     16.5877  0.00000

 KPT           13  SPIN            1  KWEIGHT    3.1250000000000000E-002
     1    -21.5653  2.00000
     2    -20.6094  2.00000
     3    -19.6489  2.00000
     4    -18.7966  2.00000
     5    -18.7906  2.00000
     6    -17.3519  2.00000
     7    -16.4582  2.00000
     8    -16.4514  2.00000
     9    -14.1496  2.00000
    10    -14.1146  2.00000
    11    -14.1083  2.00000
    12    -12.7956  2.00000
    13    -12.7882  2.00000
    14    -11.2540  2.00000
    15    -11.2490  2.00000
    16    -11.0265  2.00000
    17    -11.0147  2.00000
    18    -10.8612  2.00000
    19     -9.7725  2.00000
    20     -9.7654  2.00000
    21     -9.7020  2.00000
    22     -9.6972  2.00000
    23     -8.9321  2.00000
    24     -8.8425  2.00000
    25     -8.7155  2.00000
    26     -8.2336  2.00000
    27     -8.2238  2.00000
    28     -8.0370  2.00000
    29     -8.0226  2.00000
    30     -7.0835  2.00000
    31     -6.4136  2.00000
    32     -6.3608  2.00000
    33      3.6237  0.00000
    34      5.2364  0.00000
    35      5.2824  0.00000
    36      6.4093  0.00000
    37      6.8979  0.00000
    38      6.9902  0.00000
    39      7.0292  0.00000
    40      7.0588  0.00000
    41      8.4604  0.00000
    42      8.8279  0.00000
    43      9.0872  0.00000
    44      9.1116  0.00000
    45      9.3137  0.00000
    46      9.3428  0.00000
    47      9.3841  0.00000
    48     10.3014  0.00000
    49     10.8402  0.00000
    50     11.3762  0.00000
    51     11.4127  0.00000
    52     11.6375  0.00000
    53     11.6783  0.00000
    54     12.5477  0.00000
    55     12.5862  0.00000
    56     12.6188  0.00000
    57     13.9318  0.00000
    58     13.9751  0.00000
    59     14.4663  0.00000
    60     15.3545  0.00000
    61     15.4056  0.00000
    62     15.4472  0.00000
    63     15.7785  0.00000
    64     16.1665  0.00000

 KPT           14  SPIN            1  KWEIGHT    3.1250000000000000E-002
     1    -21.9367  2.00000
     2    -20.0338  2.00000
     3    -20.0258  2.00000
     4    -18.1859  2.00000
     5    -18.1798  2.00000
     6    -17.3678  2.00000
     7    -17.3610  2.00000
     8    -15.9175  2.00000
     9    -14.6770  2.00000
    10    -14.6697  2.00000
    11    -14.5996  2.00000
    12    -12.4369  2.00000
    13    -12.4292  2.00000
    14    -12.1240  2.00000
    15    -12.1144  2.00000
    16    -11.8051  2.00000
    17    -10.2399  2.00000
    18    -10.2355  2.00000
    19     -9.8400  2.00000
    20     -9.8294  2.00000
    21     -9.3973  2.00000
    22     -9.3861  2.00000
    23     -9.1462  2.00000
    24     -8.4958  2.00000
    25     -8.4899  2.00000
    26     -7.9684  2.00000
    27     -7.6772  2.00000
    28     -7.6631  2.00000
    29     -7.3893  2.00000
    30     -7.3795  2.00000
    31     -7.2346  2.00000
    32     -5.4304  2.00000
    33      3.5355  0.00000
    34      5.3874  0.00000
    35      5.5089  0.00000
    36      5.5366  0.00000
    37      5.7606  0.00000
    38      7.0751  0.00000
    39      7.1251  0.00000
    40      7.7699  0.00000
    41      7.8181  0.00000
    42      8.5337  0.00000
    43      8.5959  0.00000
    44      8.8554  0.00000
    45      8.8859  0.00000
    46      8.9764  0.00000
    47      9.6600  0.00000
    48      9.7057  0.00000
    49     11.4632  0.00000
    50     11.4862  0.00000
    51     11.7151  0.00000
    52     12.0902  0.00000
    53     12.2452  0.00000
    54     12.2893  0.00000
    55     12.5996  0.00000
    56     12.6375  0.00000
    57     13.4401  0.00000
    58     13.4918  0.00000
    59     14.5165  0.00000
    60     15.5889  0.00000
    61     15.6339  0.00000
    62     15.8540  0.00000
    63     16.1052  0.00000
    64     16.1451  0.00000

 KPT           15  SPIN            1  KWEIGHT    3.1250000000000000E-002
     1    -22.4362  2.00000
     2    -18.7795  2.00000
     3    -18.7732  2.00000
     4    -18.7715  2.00000
     5    -18.7656  2.00000
     6    -18.5910  2.00000
     7    -15.3042  2.00000
     8    -15.2967  2.00000
     9    -15.2966  2.00000
    10    -15.2893  2.00000
    11    -14.0798  2.00000
    12    -14.0728  2.00000
    13    -14.0709  2.00000
    14    -14.0637  2.00000
    15    -12.0484  2.00000
    16    -10.4586  2.00000
    17    -10.4559  2.00000
    18    -10.4528  2.00000
    19    -10.4501  2.00000
    20     -9.4338  2.00000
    21     -9.4286  2.00000
    22     -8.4775  2.00000
    23     -8.4709  2.00000
    24     -8.4659  2.00000
    25     -8.4593  2.00000
    26     -7.2475  2.00000
    27     -7.2351  2.00000
    28     -7.2342  2.00000
    29     -7.2217  2.00000
    30     -6.0924  2.00000
    31     -6.0793  2.00000
    32     -5.8200  2.00000
    33      2.5136  0.00000
    34      4.4246  0.00000
    35      4.4634  0.00000
    36      5.8423  0.00000
    37      6.9664  0.00000
    38      7.0209  0.00000
    39      7.0221  0.00000
    40      7.0676  0.00000
    41      7.5426  0.00000
    42      7.5600  0.00000
    43      7.5869  0.00000
    44      7.6055  0.00000
    45     10.0965  0.00000
    46     10.1450  0.00000
    47     10.1553  0.00000
    48     10.1998  0.00000
    49     10.8609  0.00000
    50     10.8969  0.00000
    51     10.9041  0.00000
    52     10.9433  0.00000
    53     12.3343  0.00000
    54     12.3740  0.00000
    55     12.6455  0.00000
    56     13.4150  0.00000
    57     13.4458  0.00000
    58     13.4545  0.00000
    59     13.4943  0.00000
    60     15.5971  0.00000
    61     16.4892  0.00000
    62     16.5321  0.00000
    63     16.5335  0.00000
    64     16.5877  0.00000

 KPT           16  SPIN            1  KWEIGHT    3.1250000000000000E-002
     1    -22.5636  2.00000
     2    -19.7194  2.00000
     3    -18.2137  2.00000
     4    -18.2083  2.00000
     5    -18.2049  2.00000
     6    -16.9659  2.00000
     7    -16.9612  2.00000
     8    -16.9570  2.00000
     9    -14.8277  2.00000
    10    -14.8255  2.00000
    11    -14.8187  2.00000
    12    -13.8178  2.00000
    13    -13.8135  2.00000
    14    -13.8081  2.00000
    15    -13.3678  2.00000
    16    -10.4857  2.00000
    17    -10.4788  2.00000
    18    -10.4769  2.00000
    19     -9.5838  2.00000
    20     -9.5835  2.00000
    21     -9.5787  2.00000
    22     -8.1739  2.00000
    23     -8.1584  2.00000
    24     -8.1550  2.00000
    25     -7.7111  2.00000
    26     -7.7069  2.00000
    27     -7.7003  2.00000
    28     -6.9389  2.00000
    29     -6.9280  2.00000
    30     -6.6059  2.00000
    31     -5.2459  2.00000
    32     -5.2325  2.00000
    33      3.0690  0.00000
    34      3.1016  0.00000
    35      4.0406  0.00000
    36      6.2932  0.00000
    37      6.3378  0.00000
    38      7.0534  0.00000
    39      7.0708  0.00000
    40      7.1199  0.00000
    41      7.8321  0.00000
    42      7.8790  0.00000
    43      7.9128  0.00000
    44      7.9694  0.00000
    45      7.9785  0.00000
    46      8.0006  0.00000
    47      9.6172  0.00000
    48     11.1392  0.00000
    49     11.1656  0.00000
    50     11.1995  0.00000
    51     11.3836  0.00000
    52     11.4118  0.00000
    53     11.4751  0.00000
    54     12.8733  0.00000
    55     12.9093  0.00000
    56     12.9140  0.00000
    57     13.6753  0.00000
    58     13.6934  0.00000
    59     13.7410  0.00000
    60     15.6454  0.00000
    61     16.5072  0.00000
    62     16.5506  0.00000
    63     16.5517  0.00000
    64     16.9161  0.00000

 KPT           17  SPIN            1  KWEIGHT    3.1250000000000000E-002
     1    -21.9366  2.00000
     2    -20.0334  2.00000
     3    -20.0254  2.00000
     4    -18.1868  2.00000
     5    -18.1808  2.00000
     6    -17.3700  2.00000
     7    -17.3633  2.00000
     8    -15.9120  2.00000
     9    -14.6711  2.00000
    10    -14.6638  2.00000
    11    -14.6063  2.00000
    12    -12.4297  2.00000
    13    -12.4221  2.00000
    14    -12.1269  2.00000
    15    -12.1173  2.00000
    16    -11.8100  2.00000
    17    -10.2396  2.00000
    18    -10.2354  2.00000
    19     -9.8495  2.00000
    20     -9.8392  2.00000
    21     -9.4051  2.00000
    22     -9.3939  2.00000
    23     -9.1402  2.00000
    24     -8.4893  2.00000
    25     -8.4833  2.00000
    26     -7.9827  2.00000
    27     -7.6680  2.00000
    28     -7.6543  2.00000
    29     -7.3975  2.00000
    30     -7.3877  2.00000
    31     -7.2333  2.00000
    32     -5.4119  2.00000
    33      3.4885  0.00000
    34      5.3822  0.00000
    35      5.5362  0.00000
    36      5.5596  0.00000
    37      5.8134  0.00000
    38      7.0995  0.00000
    39      7.1492  0.00000
    40      7.7255  0.00000
    41      7.7779  0.00000
    42      8.5939  0.00000
    43      8.6503  0.00000
    44      8.7913  0.00000
    45      8.8331  0.00000
    46      8.9725  0.00000
    47      9.6751  0.00000
    48      9.7211  0.00000
    49     11.4889  0.00000
    50     11.5044  0.00000
    51     11.6716  0.00000
    52     12.1155  0.00000
    53     12.2765  0.00000
    54     12.3283  0.00000
    55     12.5719  0.00000
    56     12.6119  0.00000
    57     13.4039  0.00000
    58     13.4472  0.00000
    59     14.5547  0.00000
    60     15.5332  0.00000
    61     15.5807  0.00000
    62     15.8664  0.00000
    63     16.1223  0.00000
    64     16.1740  0.00000

 KPT           18  SPIN            1  KWEIGHT    3.1250000000000000E-002
     1    -21.5654  2.00000
     2    -20.6091  2.00000
     3    -19.6485  2.00000
     4    -18.7977  2.00000
     5    -18.7917  2.00000
     6    -17.3476  2.00000
     7    -16.4593  2.00000
     8    -16.4526  2.00000
     9    -14.1604  2.00000
    10    -14.1113  2.00000
    11    -14.1055  2.00000
    12    -12.7903  2.00000
    13    -12.7829  2.00000
    14    -11.2572  2.00000
    15    -11.2522  2.00000
    16    -11.0335  2.00000
    17    -11.0177  2.00000
    18    -10.8608  2.00000
    19     -9.7661  2.00000
    20     -9.7591  2.00000
    21     -9.7006  2.00000
    22     -9.6955  2.00000
    23     -8.9300  2.00000
    24     -8.8389  2.00000
    25     -8.7101  2.00000
    26     -8.2349  2.00000
    27     -8.2249  2.00000
    28     -8.0489  2.00000
    29     -8.0355  2.00000
    30     -7.0718  2.00000
    31     -6.4319  2.00000
    32     -6.3445  2.00000
    33      3.6530  0.00000
    34      5.2058  0.00000
    35      5.2510  0.00000
    36      6.3632  0.00000
    37      6.9235  0.00000
    38      7.0078  0.00000
    39      7.0428  0.00000
    40      7.0892  0.00000
    41      8.4592  0.00000
    42      8.8686  0.00000
    43      9.1088  0.00000
    44      9.1233  0.00000
    45      9.2788  0.00000
    46      9.3327  0.00000
    47      9.3689  0.00000
    48     10.2687  0.00000
    49     10.8708  0.00000
    50     11.3860  0.00000
    51     11.4260  0.00000
    52     11.6004  0.00000
    53     11.6304  0.00000
    54     12.5710  0.00000
    55     12.6072  0.00000
    56     12.6623  0.00000
    57     13.8884  0.00000
    58     13.9276  0.00000
    59     14.4957  0.00000
    60     15.3649  0.00000
    61     15.4019  0.00000
    62     15.4518  0.00000
    63     15.7719  0.00000
    64     16.1793  0.00000

 KPT           19  SPIN            1  KWEIGHT    3.1250000000000000E-002
     1    -21.5653  2.00000
     2    -20.6094  2.00000
     3    -19.6489  2.00000
     4    -18.7966  2.00000
     5    -18.7906  2.00000
     6    -17.3519  2.00000
     7    -16.4582  2.00000
     8    -16.4514  2.00000
     9    -14.1496  2.00000
    10    -14.1146  2.00000
    11    -14.1083  2.00000
    12    -12.7956  2.00000
    13    -12.7882  2.00000
    14    -11.2540  2.00000
    15    -11.2490  2.00000
    16    -11.0265  2.00000
    17    -11.0147  2.00000
    18    -10.8612  2.00000
    19     -9.7725  2.00000
    20     -9.7654  2.00000
    21     -9.7020  2.00000
    22     -9.6972  2.00000
    23     -8.9321  2.00000
    24     -8.8425  2.00000
    25     -8.7155  2.00000
    26     -8.2336  2.00000
    27     -8.2238  2.00000
    28     -8.0370  2.00000
    29     -8.0226  2.00000
    30     -7.0835  2.00000
    31     -6.4136  2.00000
    32     -6.3608  2.00000
    33      3.6237  0.00000
    34      5.2364  0.00000
    35      5.2824  0.00000
    36      6.4093  0.00000
    37      6.8979  0.00000
    38      6.9902  0.00000
    39      7.0292  0.00000
    40      7.0588  0.00000
    41      8.4604  0.00000
    42      8.8279  0.00000
    43      9.0872  0.00000
    44      9.1116  0.00000
    45      9.3137  0.00000
    46      9.3428  0.00000
    47      9.3841  0.00000
    48     10.3014  0.00000
    49     10.8402  0.00000
    50     11.3762  0.00000
    51     11.4127  0.00000
    52     11.6375  0.00000
    53     11.6783  0.00000
    54     12.5477  0.00000
    55     12.5862  0.00000
    56     12.6188  0.00000
    57     13.9318  0.00000
    58     13.9751  0.00000
    59     14.4663  0.00000
    60     15.3545  0.00000
    61     15.4056  0.00000
    62     15.4472  0.00000
    63     15.7785  0.00000
    64     16.1665  0.00000

 KPT           20  SPIN            1  KWEIGHT    3.1250000000000000E-002
     1    -21.9366  2.00000
     2    -20.0334  2.00000
     3    -20.0254  2.00000
     4    -18.1868  2.00000
     5    -18.1808  2.00000
     6    -17.3700  2.00000
     7    -17.3633  2.00000
     8    -15.9120  2.00000
     9    -14.6711  2.00000
    10    -14.6638  2.00000
    11    -14.6063  2.00000
    12    -12.4297  2.00000
    13    -12.4221  2.00000
    14    -12.1269  2.00000
    15    -12.1173  2.00000
    16    -11.8100  2.00000
    17    -10.2396  2.00000
    18    -10.2354  2.00000
    19     -9.8495  2.00000
    20     -9.8392  2.00000
    21     -9.4051  2.00000
    22     -9.3939  2.00000
    23     -9.1402  2.00000
    24     -8.4893  2.00000
    25     -8.4833  2.00000
    26     -7.9827  2.00000
    27     -7.6680  2.00000
    28     -7.6543  2.00000
    29     -7.3975  2.00000
    30     -7.3877  2.00000
    31     -7.2333  2.00000
    32     -5.4119  2.00000
    33      3.4885  0.00000
    34      5.3822  0.00000
    35      5.5362  0.00000
    36      5.5596  0.00000
    37      5.8134  0.00000
    38      7.0995  0.00000
    39      7.1492  0.00000
    40      7.7255  0.00000
    41      7.7779  0.00000
    42      8.5939  0.00000
    43      8.6503  0.00000
    44      8.7913  0.00000
    45      8.8331  0.00000
    46      8.9725  0.00000
    47      9.6751  0.00000
    48      9.7211  0.00000
    49     11.4889  0.00000
    50     11.5044  0.00000
    51     11.6716  0.00000
    52     12.1155  0.00000
    53     12.2765  0.00000
    54     12.3283  0.00000
    55     12.5719  0.00000
    56     12.6119  0.00000
    57     13.4039  0.00000
    58     13.4472  0.00000
    59     14.5547  0.00000
    60     15.5332  0.00000
    61     15.5807  0.00000
    62     15.8664  0.00000
    63     16.1223  0.00000
    64     16.1740  0.00000

 KPT           21  SPIN            1  KWEIGHT    3.1250000000000000E-002
     1    -21.5652  2.00000
     2    -20.6091  2.00000
     3    -19.6490  2.00000
     4    -18.7942  2.00000
     5    -18.7942  2.00000
     6    -17.3512  2.00000
     7    -16.4558  2.00000
     8    -16.4556  2.00000
     9    -14.1504  2.00000
    10    -14.1086  2.00000
    11    -14.1082  2.00000
    12    -12.7884  2.00000
    13    -12.7883  2.00000
    14    -11.2573  2.00000
    15    -11.2550  2.00000
    16    -11.0258  2.00000
    17    -11.0175  2.00000
    18    -10.8652  2.00000
    19     -9.7702  2.00000
    20     -9.7681  2.00000
    21     -9.6985  2.00000
    22     -9.6958  2.00000
    23     -8.9396  2.00000
    24     -8.8474  2.00000
    25     -8.7119  2.00000
    26     -8.2282  2.00000
    27     -8.2249  2.00000
    28     -8.0354  2.00000
    29     -8.0319  2.00000
    30     -7.0794  2.00000
    31     -6.4114  2.00000
    32     -6.3554  2.00000
    33      3.6197  0.00000
    34      5.2537  0.00000
    35      5.2549  0.00000
    36      6.3949  0.00000
    37      6.9031  0.00000
    38      7.0110  0.00000
    39      7.0550  0.00000
    40      7.0712  0.00000
    41      8.4694  0.00000
    42      8.8489  0.00000
    43      9.0758  0.00000
    44      9.1091  0.00000
    45      9.2982  0.00000
    46      9.3612  0.00000
    47      9.3676  0.00000
    48     10.2769  0.00000
    49     10.8550  0.00000
    50     11.3754  0.00000
    51     11.3948  0.00000
    52     11.6334  0.00000
    53     11.6545  0.00000
    54     12.5828  0.00000
    55     12.6092  0.00000
    56     12.6435  0.00000
    57     13.9269  0.00000
    58     13.9317  0.00000
    59     14.4595  0.00000
    60     15.3527  0.00000
    61     15.4004  0.00000
    62     15.4092  0.00000
    63     15.7807  0.00000
    64     16.1950  0.00000

 KPT           22  SPIN            1  KWEIGHT    3.1250000000000000E-002
     1    -20.4878  2.00000
     2    -20.4805  2.00000
     3    -20.4804  2.00000
     4    -20.4731  2.00000
     5    -17.0988  2.00000
     6    -17.0902  2.00000
     7    -17.0900  2.00000
     8    -17.0814  2.00000
     9    -13.5135  2.00000
    10    -13.5077  2.00000
    11    -13.5046  2.00000
    12    -13.4989  2.00000
    13    -11.5655  2.00000
    14    -11.5618  2.00000
    15    -11.5573  2.00000
    16    -11.5537  2.00000
    17    -10.1677  2.00000
    18    -10.1587  2.00000
    19    -10.1562  2.00000
    20    -10.1473  2.00000
    21     -9.0670  2.00000
    22     -9.0602  2.00000
    23     -9.0506  2.00000
    24     -9.0495  2.00000
    25     -9.0475  2.00000
    26     -9.0456  2.00000
    27     -9.0390  2.00000
    28     -9.0291  2.00000
    29     -7.1433  2.00000
    30     -7.1326  2.00000
    31     -7.1283  2.00000
    32     -7.1172  2.00000
    33      4.8779  0.00000
    34      4.9200  0.00000
    35      4.9387  0.00000
    36      4.9769  0.00000
    37      8.1476  0.00000
    38      8.1886  0.00000
    39      8.2137  0.00000
    40      8.2452  0.00000
    41      9.3597  0.00000
    42      9.4028  0.00000
    43      9.4161  0.00000
    44      9.4305  0.00000
    45      9.4960  0.00000
    46      9.5093  0.00000
    47      9.5408  0.00000
    48      9.5557  0.00000
    49      9.8030  0.00000
    50      9.8373  0.00000
    51      9.8414  0.00000
    52      9.9035  0.00000
    53     12.8720  0.00000
    54     12.8998  0.00000
    55     12.9035  0.00000
    56     12.9339  0.00000
    57     14.4331  0.00000
    58     14.4682  0.00000
    59     14.4885  0.00000
    60     14.5249  0.00000
    61     15.4686  0.00000
    62     15.5149  0.00000
    63     15.5210  0.00000
    64     15.5823  0.00000

 KPT           23  SPIN            1  KWEIGHT    3.1250000000000000E-002
     1    -21.9367  2.00000
     2    -20.0338  2.00000
     3    -20.0258  2.00000
     4    -18.1859  2.00000
     5    -18.1798  2.00000
     6    -17.3678  2.00000
     7    -17.3610  2.00000
     8    -15.9175  2.00000
     9    -14.6770  2.00000
    10    -14.6697  2.00000
    11    -14.5996  2.00000
    12    -12.4369  2.00000
    13    -12.4292  2.00000
    14    -12.1240  2.00000
    15    -12.1144  2.00000
    16    -11.8051  2.00000
    17    -10.2399  2.00000
    18    -10.2355  2.00000
    19     -9.8400  2.00000
    20     -9.8294  2.00000
    21     -9.3973  2.00000
    22     -9.3861  2.00000
    23     -9.1462  2.00000
    24     -8.4958  2.00000
    25     -8.4899  2.00000
    26     -7.9684  2.00000
    27     -7.6772  2.00000
    28     -7.6631  2.00000
    29     -7.3893  2.00000
    30     -7.3795  2.00000
    31     -7.2346  2.00000
    32     -5.4304  2.00000
    33      3.5355  0.00000
    34      5.3874  0.00000
    35      5.5089  0.00000
    36      5.5366  0.00000
    37      5.7606  0.00000
    38      7.0751  0.00000
    39      7.1251  0.00000
    40      7.7699  0.00000
    41      7.8181  0.00000
    42      8.5337  0.00000
    43      8.5959  0.00000
    44      8.8554  0.00000
    45      8.8859  0.00000
    46      8.9764  0.00000
    47      9.6600  0.00000
    48      9.7057  0.00000
    49     11.4632  0.00000
    50     11.4862  0.00000
    51     11.7151  0.00000
    52     12.0902  0.00000
    53     12.2452  0.00000
    54     12.2893  0.00000
    55     12.5996  0.00000
    56     12.6375  0.00000
    57     13.4401  0.00000
    58     13.4918  0.00000
    59     14.5165  0.00000
    60     15.5889  0.00000
    61     15.6339  0.00000
    62     15.8540  0.00000
    63     16.1052  0.00000
    64     16.1451  0.00000

 KPT           24  SPIN            1  KWEIGHT    3.1250000000000000E-002
     1    -21.5654  2.00000
     2    -20.6091  2.00000
     3    -19.6485  2.00000
     4    -18.7977  2.00000
     5    -18.7917  2.00000
     6    -17.3476  2.00000
     7    -16.4593  2.00000
     8    -16.4526  2.00000
     9    -14.1604  2.00000
    10    -14.1113  2.00000
    11    -14.1055  2.00000
    12    -12.7903  2.00000
    13    -12.7829  2.00000
    14    -11.2572  2.00000
    15    -11.2522  2.00000
    16    -11.0335  2.00000
    17    -11.0177  2.00000
    18    -10.8608  2.00000
    19     -9.7661  2.00000
    20     -9.7591  2.00000
    21     -9.7006  2.00000
    22     -9.6955  2.00000
    23     -8.9300  2.00000
    24     -8.8389  2.00000
    25     -8.7101  2.00000
    26     -8.2349  2.00000
    27     -8.2249  2.00000
    28     -8.0489  2.00000
    29     -8.0355  2.00000
    30     -7.0718  2.00000
    31     -6.4319  2.00000
    32     -6.3445  2.00000
    33      3.6530  0.00000
    34      5.2058  0.00000
    35      5.2510  0.00000
    36      6.3632  0.00000
    37      6.9235  0.00000
    38      7.0078  0.00000
    39      7.0428  0.00000
    40      7.0892  0.00000
    41      8.4592  0.00000
    42      8.8686  0.00000
    43      9.1088  0.00000
    44      9.1233  0.00000
    45      9.2788  0.00000
    46      9.3327  0.00000
    47      9.3689  0.00000
    48     10.2687  0.00000
    49     10.8708  0.00000
    50     11.3860  0.00000
    51     11.4260  0.00000
    52     11.6004  0.00000
    53     11.6304  0.00000
    54     12.5710  0.00000
    55     12.6072  0.00000
    56     12.6623  0.00000
    57     13.8884  0.00000
    58     13.9276  0.00000
    59     14.4957  0.00000
    60     15.3649  0.00000
    61     15.4019  0.00000
    62     15.4518  0.00000
    63     15.7719  0.00000
    64     16.1793  0.00000

 KPT           25  SPIN            1  KWEIGHT    3.1250000000000000E-002
     1    -20.4878  2.00000
     2    -20.4805  2.00000
     3    -20.4804  2.00000
     4    -20.4731  2.00000
     5    -17.0988  2.00000
     6    -17.0902  2.00000
     7    -17.0900  2.00000
     8    -17.0814  2.00000
     9    -13.5135  2.00000
    10    -13.5077  2.00000
    11    -13.5046  2.00000
    12    -13.4989  2.00000
    13    -11.5655  2.00000
    14    -11.5618  2.00000
    15    -11.5573  2.00000
    16    -11.5537  2.00000
    17    -10.1677  2.00000
    18    -10.1587  2.00000
    19    -10.1562  2.00000
    20    -10.1473  2.00000
    21     -9.0670  2.00000
    22     -9.0602  2.00000
    23     -9.0506  2.00000
    24     -9.0495  2.00000
    25     -9.0475  2.00000
    26     -9.0456  2.00000
    27     -9.0390  2.00000
    28     -9.0291  2.00000
    29     -7.1433  2.00000
    30     -7.1326  2.00000
    31     -7.1283  2.00000
    32     -7.1172  2.00000
    33      4.8779  0.00000
    34      4.9200  0.00000
    35      4.9387  0.00000
    36      4.9769  0.00000
    37      8.1476  0.00000
    38      8.1886  0.00000
    39      8.2137  0.00000
    40      8.2452  0.00000
    41      9.3597  0.00000
    42      9.4028  0.00000
    43      9.4161  0.00000
    44      9.4305  0.00000
    45      9.4960  0.00000
    46      9.5093  0.00000
    47      9.5408  0.00000
    48      9.5557  0.00000
    49      9.8030  0.00000
    50      9.8373  0.00000
    51      9.8414  0.00000
    52      9.9035  0.00000
    53     12.8720  0.00000
    54     12.8998  0.00000
    55     12.9035  0.00000
    56     12.9339  0.00000
    57     14.4331  0.00000
    58     14.4682  0.00000
    59     14.4885  0.00000
    60     14.5249  0.00000
    61     15.4686  0.00000
    62     15.5149  0.00000
    63     15.5210  0.00000
    64     15.5823  0.00000

 KPT           26  SPIN            1  KWEIGHT    3.1250000000000000E-002
     1    -21.5655  2.00000
     2    -20.6095  2.00000
     3    -19.6484  2.00000
     4    -18.7942  2.00000
     5    -18.7941  2.00000
     6    -17.3483  2.00000
     7    -16.4552  2.00000
     8    -16.4550  2.00000
     9    -14.1597  2.00000
    10    -14.1118  2.00000
    11    -14.1109  2.00000
    12    -12.7902  2.00000
    13    -12.7902  2.00000
    14    -11.2511  2.00000
    15    -11.2492  2.00000
    16    -11.0363  2.00000
    17    -11.0129  2.00000
    18    -10.8568  2.00000
    19     -9.7637  2.00000
    20     -9.7619  2.00000
    21     -9.7017  2.00000
    22     -9.6988  2.00000
    23     -8.9230  2.00000
    24     -8.8329  2.00000
    25     -8.7138  2.00000
    26     -8.2344  2.00000
    27     -8.2304  2.00000
    28     -8.0389  2.00000
    29     -8.0369  2.00000
    30     -7.0760  2.00000
    31     -6.4334  2.00000
    32     -6.3510  2.00000
    33      3.6575  0.00000
    34      5.2277  0.00000
    35      5.2390  0.00000
    36      6.3801  0.00000
    37      6.9223  0.00000
    38      6.9896  0.00000
    39      7.0380  0.00000
    40      7.0450  0.00000
    41      8.4542  0.00000
    42      8.8457  0.00000
    43      9.1128  0.00000
    44      9.1392  0.00000
    45      9.3054  0.00000
    46      9.3421  0.00000
    47      9.3422  0.00000
    48     10.2911  0.00000
    49     10.8526  0.00000
    50     11.4093  0.00000
    51     11.4236  0.00000
    52     11.6147  0.00000
    53     11.6314  0.00000
    54     12.5460  0.00000
    55     12.6149  0.00000
    56     12.6159  0.00000
    57     13.9286  0.00000
    58     13.9327  0.00000
    59     14.5028  0.00000
    60     15.3966  0.00000
    61     15.4092  0.00000
    62     15.4543  0.00000
    63     15.7585  0.00000
    64     16.1626  0.00000

 KPT           27  SPIN            1  KWEIGHT    1.5625000000000000E-002
     1    -21.4528  2.00000
     2    -21.4442  2.00000
     3    -17.8599  2.00000
     4    -17.8510  2.00000
     5    -17.8508  2.00000
     6    -17.8491  2.00000
     7    -17.8486  2.00000
     8    -17.8375  2.00000
     9    -13.6132  2.00000
    10    -13.6004  2.00000
    11    -13.5994  2.00000
    12    -13.5958  2.00000
    13    -13.5955  2.00000
    14    -13.5918  2.00000
    15    -10.0879  2.00000
    16    -10.0866  2.00000
    17    -10.0862  2.00000
    18    -10.0826  2.00000
    19    -10.0784  2.00000
    20    -10.0632  2.00000
    21    -10.0170  2.00000
    22     -9.9965  2.00000
    23     -8.7725  2.00000
    24     -8.7617  2.00000
    25     -8.7555  2.00000
    26     -8.7529  2.00000
    27     -8.7499  2.00000
    28     -8.7490  2.00000
    29     -6.2445  2.00000
    30     -6.2241  2.00000
    31     -6.2209  2.00000
    32     -6.2182  2.00000
    33      4.8416  0.00000
    34      4.8641  0.00000
    35      4.8682  0.00000
    36      4.9178  0.00000
    37      7.0599  0.00000
    38      7.1127  0.00000
    39      7.2836  0.00000
    40      7.3424  0.00000
    41      7.3711  0.00000
    42      7.3721  0.00000
    43      7.3756  0.00000
    44      7.4033  0.00000
    45     10.5345  0.00000
    46     10.5369  0.00000
    47     10.5390  0.00000
    48     10.5417  0.00000
    49     10.5778  0.00000
    50     10.6412  0.00000
    51     12.1275  0.00000
    52     12.3042  0.00000
    53     12.3111  0.00000
    54     12.3134  0.00000
    55     12.3239  0.00000
    56     12.3586  0.00000
    57     14.7204  0.00000
    58     14.7295  0.00000
    59     14.7357  0.00000
    60     14.7529  0.00000
    61     14.7703  0.00000
    62     14.8562  0.00000
    63     16.1684  0.00000
    64     16.2491  0.00000

 KPT           28  SPIN            1  KWEIGHT    3.1250000000000000E-002
     1    -21.5655  2.00000
     2    -20.6096  2.00000
     3    -19.6486  2.00000
     4    -18.7966  2.00000
     5    -18.7906  2.00000
     6    -17.3504  2.00000
     7    -16.4578  2.00000
     8    -16.4512  2.00000
     9    -14.1536  2.00000
    10    -14.1163  2.00000
    11    -14.1102  2.00000
    12    -12.7965  2.00000
    13    -12.7891  2.00000
    14    -11.2518  2.00000
    15    -11.2454  2.00000
    16    -11.0319  2.00000
    17    -11.0122  2.00000
    18    -10.8568  2.00000
    19     -9.7693  2.00000
    20     -9.7629  2.00000
    21     -9.7033  2.00000
    22     -9.6985  2.00000
    23     -8.9244  2.00000
    24     -8.8348  2.00000
    25     -8.7165  2.00000
    26     -8.2351  2.00000
    27     -8.2278  2.00000
    28     -8.0378  2.00000
    29     -8.0261  2.00000
    30     -7.0818  2.00000
    31     -6.4247  2.00000
    32     -6.3587  2.00000
    33      3.6434  0.00000
    34      5.2237  0.00000
    35      5.2741  0.00000
    36      6.4021  0.00000
    37      6.9210  0.00000
    38      6.9536  0.00000
    39      7.0268  0.00000
    40      7.0532  0.00000
    41      8.4520  0.00000
    42      8.8299  0.00000
    43      9.1126  0.00000
    44      9.1234  0.00000
    45      9.3148  0.00000
    46      9.3279  0.00000
    47      9.3695  0.00000
    48     10.3078  0.00000
    49     10.8383  0.00000
    50     11.3976  0.00000
    51     11.4202  0.00000
    52     11.6224  0.00000
    53     11.6735  0.00000
    54     12.5136  0.00000
    55     12.5922  0.00000
    56     12.6225  0.00000
    57     13.9329  0.00000
    58     13.9754  0.00000
    59     14.4875  0.00000
    60     15.3953  0.00000
    61     15.4062  0.00000
    62     15.4550  0.00000
    63     15.7627  0.00000
    64     16.1544  0.00000

 KPT           29  SPIN            1  KWEIGHT    1.5625000000000000E-002
     1    -20.9539  2.00000
     2    -20.9459  2.00000
     3    -19.1297  2.00000
     4    -19.1238  2.00000
     5    -19.1216  2.00000
     6    -19.1157  2.00000
     7    -15.0271  2.00000
     8    -15.0194  2.00000
     9    -15.0194  2.00000
    10    -15.0119  2.00000
    11    -11.9784  2.00000
    12    -11.9697  2.00000
    13    -11.9692  2.00000
    14    -11.9607  2.00000
    15    -11.0546  2.00000
    16    -11.0511  2.00000
    17    -11.0490  2.00000
    18    -11.0455  2.00000
    19    -10.6481  2.00000
    20    -10.6445  2.00000
    21    -10.6406  2.00000
    22    -10.6371  2.00000
    23     -8.6037  2.00000
    24     -8.5998  2.00000
    25     -8.1076  2.00000
    26     -8.1005  2.00000
    27     -8.0934  2.00000
    28     -8.0861  2.00000
    29     -7.2994  2.00000
    30     -7.2872  2.00000
    31     -7.2863  2.00000
    32     -7.2735  2.00000
    33      3.6315  0.00000
    34      3.6401  0.00000
    35      7.1269  0.00000
    36      7.1804  0.00000
    37      7.1815  0.00000
    38      7.2257  0.00000
    39      8.1656  0.00000
    40      8.1695  0.00000
    41      8.1921  0.00000
    42      8.1954  0.00000
    43      8.5931  0.00000
    44      8.6246  0.00000
    45      8.6373  0.00000
    46      8.6797  0.00000
    47     11.4093  0.00000
    48     11.4613  0.00000
    49     11.4753  0.00000
    50     11.5133  0.00000
    51     11.9858  0.00000
    52     12.0440  0.00000
    53     12.0497  0.00000
    54     12.0752  0.00000
    55     12.1458  0.00000
    56     12.1585  0.00000
    57     12.1817  0.00000
    58     12.2483  0.00000
    59     15.0385  0.00000
    60     15.0782  0.00000
    61     15.6735  0.00000
    62     15.7137  0.00000
    63     15.7166  0.00000
    64     15.7728  0.00000

 KPT           30  SPIN            1  KWEIGHT    3.1250000000000000E-002
     1    -21.5655  2.00000
     2    -20.6096  2.00000
     3    -19.6486  2.00000
     4    -18.7966  2.00000
     5    -18.7906  2.00000
     6    -17.3504  2.00000
     7    -16.4578  2.00000
     8    -16.4512  2.00000
     9    -14.1536  2.00000
    10    -14.1163  2.00000
    11    -14.1102  2.00000
    12    -12.7965  2.00000
    13    -12.7891  2.00000
    14    -11.2518  2.00000
    15    -11.2454  2.00000
    16    -11.0319  2.00000
    17    -11.0122  2.00000
    18    -10.8568  2.00000
    19     -9.7693  2.00000
    20     -9.7629  2.00000
    21     -9.7033  2.00000
    22     -9.6985  2.00000
    23     -8.9244  2.00000
    24     -8.8348  2.00000
    25     -8.7165  2.00000
    26     -8.2351  2.00000
    27     -8.2278  2.00000
    28     -8.0378  2.00000
    29     -8.0261  2.00000
    30     -7.0818  2.00000
    31     -6.4247  2.00000
    32     -6.3587  2.00000
    33      3.6434  0.00000
    34      5.2237  0.00000
    35      5.2741  0.00000
    36      6.4021  0.00000
    37      6.9210  0.00000
    38      6.9536  0.00000
    39      7.0268  0.00000
    40      7.0532  0.00000
    41      8.4520  0.00000
    42      8.8299  0.00000
    43      9.1126  0.00000
    44      9.1234  0.00000
    45      9.3148  0.00000
    46      9.3279  0.00000
    47      9.3695  0.00000
    48     10.3078  0.00000
    49     10.8383  0.00000
    50     11.3976  0.00000
    51     11.4202  0.00000
    52     11.6224  0.00000
    53     11.6735  0.00000
    54     12.5136  0.00000
    55     12.5922  0.00000
    56     12.6225  0.00000
    57     13.9329  0.00000
    58     13.9754  0.00000
    59     14.4875  0.00000
    60     15.3953  0.00000
    61     15.4062  0.00000
    62     15.4550  0.00000
    63     15.7627  0.00000
    64     16.1544  0.00000

 KPT           31  SPIN            1  KWEIGHT    3.1250000000000000E-002
     1    -21.9367  2.00000
     2    -20.0301  2.00000
     3    -20.0291  2.00000
     4    -18.1834  2.00000
     5    -18.1833  2.00000
     6    -17.3655  2.00000
     7    -17.3655  2.00000
     8    -15.9147  2.00000
     9    -14.6704  2.00000
    10    -14.6703  2.00000
    11    -14.6031  2.00000
    12    -12.4295  2.00000
    13    -12.4294  2.00000
    14    -12.1254  2.00000
    15    -12.1160  2.00000
    16    -11.8074  2.00000
    17    -10.2379  2.00000
    18    -10.2376  2.00000
    19     -9.8396  2.00000
    20     -9.8393  2.00000
    21     -9.3957  2.00000
    22     -9.3956  2.00000
    23     -9.1432  2.00000
    24     -8.4896  2.00000
    25     -8.4895  2.00000
    26     -7.9756  2.00000
    27     -7.6683  2.00000
    28     -7.6628  2.00000
    29     -7.3967  2.00000
    30     -7.3810  2.00000
    31     -7.2335  2.00000
    32     -5.4212  2.00000
    33      3.5130  0.00000
    34      5.3824  0.00000
    35      5.5117  0.00000
    36      5.5577  0.00000
    37      5.7906  0.00000
    38      7.1121  0.00000
    39      7.1128  0.00000
    40      7.7593  0.00000
    41      7.7884  0.00000
    42      8.5856  0.00000
    43      8.5948  0.00000
    44      8.8454  0.00000
    45      8.8494  0.00000
    46      8.9650  0.00000
    47      9.6824  0.00000
    48      9.6945  0.00000
    49     11.4804  0.00000
    50     11.4877  0.00000
    51     11.6928  0.00000
    52     12.1115  0.00000
    53     12.2831  0.00000
    54     12.2892  0.00000
    55     12.6019  0.00000
    56     12.6083  0.00000
    57     13.4434  0.00000
    58     13.4445  0.00000
    59     14.5367  0.00000
    60     15.5845  0.00000
    61     15.5851  0.00000
    62     15.8512  0.00000
    63     16.1073  0.00000
    64     16.1739  0.00000

 KPT           32  SPIN            1  KWEIGHT    3.1250000000000000E-002
     1    -21.5653  2.00000
     2    -20.6089  2.00000
     3    -19.6488  2.00000
     4    -18.7977  2.00000
     5    -18.7917  2.00000
     6    -17.3491  2.00000
     7    -16.4595  2.00000
     8    -16.4530  2.00000
     9    -14.1551  2.00000
    10    -14.1102  2.00000
    11    -14.1042  2.00000
    12    -12.7894  2.00000
    13    -12.7820  2.00000
    14    -11.2612  2.00000
    15    -11.2543  2.00000
    16    -11.0262  2.00000
    17    -11.0220  2.00000
    18    -10.8648  2.00000
    19     -9.7688  2.00000
    20     -9.7633  2.00000
    21     -9.6991  2.00000
    22     -9.6935  2.00000
    23     -8.9390  2.00000
    24     -8.8456  2.00000
    25     -8.7092  2.00000
    26     -8.2303  2.00000
    27     -8.2232  2.00000
    28     -8.0456  2.00000
    29     -8.0346  2.00000
    30     -7.0736  2.00000
    31     -6.4211  2.00000
    32     -6.3467  2.00000
    33      3.6350  0.00000
    34      5.2155  0.00000
    35      5.2621  0.00000
    36      6.3709  0.00000
    37      6.9184  0.00000
    38      7.0101  0.00000
    39      7.0481  0.00000
    40      7.1106  0.00000
    41      8.4662  0.00000
    42      8.8756  0.00000
    43      9.0901  0.00000
    44      9.1095  0.00000
    45      9.2772  0.00000
    46      9.3391  0.00000
    47      9.3734  0.00000
    48     10.2613  0.00000
    49     10.8712  0.00000
    50     11.3764  0.00000
    51     11.4024  0.00000
    52     11.6061  0.00000
    53     11.6461  0.00000
    54     12.5805  0.00000
    55     12.6042  0.00000
    56     12.6900  0.00000
    57     13.8867  0.00000
    58     13.9280  0.00000
    59     14.4735  0.00000
    60     15.3597  0.00000
    61     15.3992  0.00000
    62     15.4108  0.00000
    63     15.7783  0.00000
    64     16.1996  0.00000

 KPT           33  SPIN            1  KWEIGHT    3.1250000000000000E-002
     1    -20.4889  2.00000
     2    -20.4809  2.00000
     3    -20.4800  2.00000
     4    -20.4720  2.00000
     5    -17.0965  2.00000
     6    -17.0917  2.00000
     7    -17.0885  2.00000
     8    -17.0838  2.00000
     9    -13.5150  2.00000
    10    -13.5070  2.00000
    11    -13.5052  2.00000
    12    -13.4974  2.00000
    13    -11.5636  2.00000
    14    -11.5604  2.00000
    15    -11.5586  2.00000
    16    -11.5555  2.00000
    17    -10.1679  2.00000
    18    -10.1583  2.00000
    19    -10.1566  2.00000
    20    -10.1471  2.00000
    21     -9.0643  2.00000
    22     -9.0538  2.00000
    23     -9.0515  2.00000
    24     -9.0497  2.00000
    25     -9.0462  2.00000
    26     -9.0453  2.00000
    27     -9.0436  2.00000
    28     -9.0342  2.00000
    29     -7.1462  2.00000
    30     -7.1314  2.00000
    31     -7.1296  2.00000
    32     -7.1144  2.00000
    33      4.8914  0.00000
    34      4.9268  0.00000
    35      4.9314  0.00000
    36      4.9646  0.00000
    37      8.1678  0.00000
    38      8.1966  0.00000
    39      8.2043  0.00000
    40      8.2257  0.00000
    41      9.3427  0.00000
    42      9.4034  0.00000
    43      9.4160  0.00000
    44      9.4350  0.00000
    45      9.4896  0.00000
    46      9.5231  0.00000
    47      9.5261  0.00000
    48      9.5716  0.00000
    49      9.8115  0.00000
    50      9.8305  0.00000
    51      9.8509  0.00000
    52      9.8963  0.00000
    53     12.8616  0.00000
    54     12.9016  0.00000
    55     12.9021  0.00000
    56     12.9405  0.00000
    57     14.4263  0.00000
    58     14.4750  0.00000
    59     14.4815  0.00000
    60     14.5367  0.00000
    61     15.4687  0.00000
    62     15.5078  0.00000
    63     15.5282  0.00000
    64     15.5805  0.00000

 KPT           34  SPIN            1  KWEIGHT    1.5625000000000000E-002
     1    -20.9539  2.00000
     2    -20.9459  2.00000
     3    -19.1297  2.00000
     4    -19.1238  2.00000
     5    -19.1216  2.00000
     6    -19.1157  2.00000
     7    -15.0271  2.00000
     8    -15.0194  2.00000
     9    -15.0194  2.00000
    10    -15.0119  2.00000
    11    -11.9784  2.00000
    12    -11.9697  2.00000
    13    -11.9692  2.00000
    14    -11.9607  2.00000
    15    -11.0546  2.00000
    16    -11.0511  2.00000
    17    -11.0490  2.00000
    18    -11.0455  2.00000
    19    -10.6481  2.00000
    20    -10.6445  2.00000
    21    -10.6406  2.00000
    22    -10.6371  2.00000
    23     -8.6037  2.00000
    24     -8.5998  2.00000
    25     -8.1076  2.00000
    26     -8.1005  2.00000
    27     -8.0934  2.00000
    28     -8.0861  2.00000
    29     -7.2994  2.00000
    30     -7.2872  2.00000
    31     -7.2863  2.00000
    32     -7.2735  2.00000
    33      3.6315  0.00000
    34      3.6401  0.00000
    35      7.1269  0.00000
    36      7.1804  0.00000
    37      7.1815  0.00000
    38      7.2257  0.00000
    39      8.1656  0.00000
    40      8.1695  0.00000
    41      8.1921  0.00000
    42      8.1954  0.00000
    43      8.5931  0.00000
    44      8.6246  0.00000
    45      8.6373  0.00000
    46      8.6797  0.00000
    47     11.4093  0.00000
    48     11.4613  0.00000
    49     11.4753  0.00000
    50     11.5133  0.00000
    51     11.9858  0.00000
    52     12.0440  0.00000
    53     12.0497  0.00000
    54     12.0752  0.00000
    55     12.1458  0.00000
    56     12.1585  0.00000
    57     12.1817  0.00000
    58     12.2483  0.00000
    59     15.0385  0.00000
    60     15.0782  0.00000
    61     15.6735  0.00000
    62     15.7137  0.00000
    63     15.7166  0.00000
    64     15.7728  0.00000

 KPT           35  SPIN            1  KWEIGHT    3.1250000000000000E-002
     1    -21.5653  2.00000
     2    -20.6089  2.00000
     3    -19.6488  2.00000
     4    -18.7977  2.00000
     5    -18.7917  2.00000
     6    -17.3491  2.00000
     7    -16.4595  2.00000
     8    -16.4530  2.00000
     9    -14.1551  2.00000
    10    -14.1102  2.00000
    11    -14.1042  2.00000
    12    -12.7894  2.00000
    13    -12.7820  2.00000
    14    -11.2612  2.00000
    15    -11.2543  2.00000
    16    -11.0262  2.00000
    17    -11.0220  2.00000
    18    -10.8648  2.00000
    19     -9.7688  2.00000
    20     -9.7633  2.00000
    21     -9.6991  2.00000
    22     -9.6935  2.00000
    23     -8.9390  2.00000
    24     -8.8456  2.00000
    25     -8.7092  2.00000
    26     -8.2303  2.00000
    27     -8.2232  2.00000
    28     -8.0456  2.00000
    29     -8.0346  2.00000
    30     -7.0736  2.00000
    31     -6.4211  2.00000
    32     -6.3467  2.00000
    33      3.6350  0.00000
    34      5.2155  0.00000
    35      5.2621  0.00000
    36      6.3709  0.00000
    37      6.9184  0.00000
    38      7.0101  0.00000
    39      7.0481  0.00000
    40      7.1106  0.00000
    41      8.4662  0.00000
    42      8.8756  0.00000
    43      9.0901  0.00000
    44      9.1095  0.00000
    45      9.2772  0.00000
    46      9.3391  0.00000
    47      9.3734  0.00000
    48     10.2613  0.00000
    49     10.8712  0.00000
    50     11.3764  0.00000
    51     11.4024  0.00000
    52     11.6061  0.00000
    53     11.6461  0.00000
    54     12.5805  0.00000
    55     12.6042  0.00000
    56     12.6900  0.00000
    57     13.8867  0.00000
    58     13.9280  0.00000
    59     14.4735  0.00000
    60     15.3597  0.00000
    61     15.3992  0.00000
    62     15.4108  0.00000
    63     15.7783  0.00000
    64     16.1996  0.00000

 KPT           36  SPIN            1  KWEIGHT    1.5625000000000000E-002
     1    -21.4525  2.00000
     2    -21.4438  2.00000
     3    -17.8625  2.00000
     4    -17.8513  2.00000
     5    -17.8509  2.00000
     6    -17.8492  2.00000
     7    -17.8490  2.00000
     8    -17.8402  2.00000
     9    -13.6010  2.00000
    10    -13.5973  2.00000
    11    -13.5970  2.00000
    12    -13.5934  2.00000
    13    -13.5923  2.00000
    14    -13.5795  2.00000
    15    -10.1178  2.00000
    16    -10.0933  2.00000
    17    -10.0897  2.00000
    18    -10.0854  2.00000
    19    -10.0850  2.00000
    20    -10.0839  2.00000
    21    -10.0229  2.00000
    22    -10.0117  2.00000
    23     -8.7587  2.00000
    24     -8.7578  2.00000
    25     -8.7549  2.00000
    26     -8.7522  2.00000
    27     -8.7458  2.00000
    28     -8.7351  2.00000
    29     -6.2307  2.00000
    30     -6.2283  2.00000
    31     -6.2249  2.00000
    32     -6.2043  2.00000
    33      4.8108  0.00000
    34      4.8648  0.00000
    35      4.8690  0.00000
    36      4.8901  0.00000
    37      7.1114  0.00000
    38      7.1348  0.00000
    39      7.3364  0.00000
    40      7.3662  0.00000
    41      7.3700  0.00000
    42      7.3709  0.00000
    43      7.3993  0.00000
    44      7.4776  0.00000
    45     10.4401  0.00000
    46     10.5025  0.00000
    47     10.5397  0.00000
    48     10.5424  0.00000
    49     10.5444  0.00000
    50     10.5474  0.00000
    51     12.2676  0.00000
    52     12.2996  0.00000
    53     12.3103  0.00000
    54     12.3126  0.00000
    55     12.3193  0.00000
    56     12.5068  0.00000
    57     14.6260  0.00000
    58     14.6998  0.00000
    59     14.7161  0.00000
    60     14.7339  0.00000
    61     14.7399  0.00000
    62     14.7498  0.00000
    63     16.2008  0.00000
    64     16.2863  0.00000

