 Fermi distribution function

Calculation with static geometry


********************************************************************************
 iSCC Total electronic   Diff electronic      SCC error    
    4   -0.28633601E+02   -0.19941229E-06    0.13592079E-05
********************************************************************************

 Total charge:    -0.00000000

 Atomic gross charges (e)
 Atom           Charge
    1       0.00002148
    2       0.00000909
    3       0.00009108
    4      -0.00007791
    5       0.00009108
    6      -0.00007791
    7       0.00000191
    8       0.00000170
    9       0.00220866
   10      -0.00225115
   11      -0.00000451
   12      -0.00000252
   13      -0.00000451
   14      -0.00000252
   15      -0.00005872
   16       0.00005474

Nr. of electrons (up):     64.00000000
Atom populations (up)
 Atom       Population
    1       3.99997852
    2       3.99999091
    3       3.99990892
    4       4.00007791
    5       3.99990892
    6       4.00007791
    7       3.99999809
    8       3.99999830
    9       3.99779134
   10       4.00225115
   11       4.00000451
   12       4.00000252
   13       4.00000451
   14       4.00000252
   15       4.00005872
   16       3.99994526

l-shell populations (up)
 Atom Sh.   l       Population
    1   1   0       1.20297261
    1   2   1       2.79700591
    2   1   0       1.20298336
    2   2   1       2.79700755
    3   1   0       1.20296129
    3   2   1       2.79694763
    4   1   0       1.20300086
    4   2   1       2.79707704
    5   1   0       1.20296129
    5   2   1       2.79694763
    6   1   0       1.20300086
    6   2   1       2.79707704
    7   1   0       1.20298095
    7   2   1       2.79701715
    8   1   0       1.20298106
    8   2   1       2.79701724
    9   1   0       1.20094882
    9   2   1       2.79684252
   10   1   0       1.20501295
   10   2   1       2.79723820
   11   1   0       1.20298786
   11   2   1       2.79701665
   12   1   0       1.20298194
   12   2   1       2.79702058
   13   1   0       1.20298786
   13   2   1       2.79701665
   14   1   0       1.20298194
   14   2   1       2.79702058
   15   1   0       1.20298727
   15   2   1       2.79707145
   16   1   0       1.20297639
   16   2   1       2.79696887

Orbital populations (up)
 Atom Sh.   l   m       Population  Label
    1   1   0   0       1.20297261  s
    1   2   1  -1       0.93233382  p_y
    1   2   1   0       0.93233382  p_z
    1   2   1   1       0.93233827  p_x
    2   1   0   0       1.20298336  s
    2   2   1  -1       0.93233258  p_y
    2   2   1   0       0.93233258  p_z
    2   2   1   1       0.93234239  p_x
    3   1   0   0       1.20296129  s
    3   2   1  -1       0.93229038  p_y
    3   2   1   0       0.93232866  p_z
    3   2   1   1       0.93232859  p_x
    4   1   0   0       1.20300086  s
    4   2   1  -1       0.93234420  p_y
    4   2   1   0       0.93238870  p_z
    4   2   1   1       0.93234415  p_x
    5   1   0   0       1.20296129  s
    5   2   1  -1       0.93232866  p_y
    5   2   1   0       0.93229038  p_z
    5   2   1   1       0.93232859  p_x
    6   1   0   0       1.20300086  s
    6   2   1  -1       0.93238870  p_y
    6   2   1   0       0.93234420  p_z
    6   2   1   1       0.93234415  p_x
    7   1   0   0       1.20298095  s
    7   2   1  -1       0.93233887  p_y
    7   2   1   0       0.93233887  p_z
    7   2   1   1       0.93233941  p_x
    8   1   0   0       1.20298106  s
    8   2   1  -1       0.93233907  p_y
    8   2   1   0       0.93233907  p_z
    8   2   1   1       0.93233910  p_x
    9   1   0   0       1.20094882  s
    9   2   1  -1       0.93251492  p_y
    9   2   1   0       0.93251492  p_z
    9   2   1   1       0.93181268  p_x
   10   1   0   0       1.20501295  s
   10   2   1  -1       0.93218253  p_y
   10   2   1   0       0.93218253  p_z
   10   2   1   1       0.93287315  p_x
   11   1   0   0       1.20298786  s
   11   2   1  -1       0.93303357  p_y
   11   2   1   0       0.93164063  p_z
   11   2   1   1       0.93234246  p_x
   12   1   0   0       1.20298194  s
   12   2   1  -1       0.93236702  p_y
   12   2   1   0       0.93231394  p_z
   12   2   1   1       0.93233962  p_x
   13   1   0   0       1.20298786  s
   13   2   1  -1       0.93164063  p_y
   13   2   1   0       0.93303357  p_z
   13   2   1   1       0.93234246  p_x
   14   1   0   0       1.20298194  s
   14   2   1  -1       0.93231394  p_y
   14   2   1   0       0.93236702  p_z
   14   2   1   1       0.93233962  p_x
   15   1   0   0       1.20298727  s
   15   2   1  -1       0.93236590  p_y
   15   2   1   0       0.93236590  p_z
   15   2   1   1       0.93233964  p_x
   16   1   0   0       1.20297639  s
   16   2   1  -1       0.93231402  p_y
   16   2   1   0       0.93231402  p_z
   16   2   1   1       0.93234083  p_x

Fermi level:                        -0.0459974949 H           -1.2517 eV
Band energy:                       -28.6336075619 H         -779.1601 eV
TS:                                  0.0000000000 H            0.0000 eV
Band free energy (E-TS):           -28.6336075619 H         -779.1601 eV
Extrapolated E(0K):                -28.6336075619 H         -779.1601 eV
Input / Output electrons (q):     64.0000000000     64.0000000000

Energy H0:                         -28.6336015106 H         -779.1599 eV
Energy SCC:                          0.0000004750 H            0.0000 eV
Total Electronic energy:           -28.6336010356 H         -779.1599 eV
Repulsive energy:                    0.8622442995 H           23.4629 eV
Total energy:                      -27.7713567361 H         -755.6971 eV
Extrapolated to 0:                 -27.7713567361 H         -755.6971 eV
Total Mermin free energy:          -27.7713567361 H         -755.6971 eV
Force related energy:              -27.7713567361 H         -755.6971 eV

Non-constrained calculation

SCC converged

Total Forces
    1     -0.000185084562     -0.006942463497     -0.006942463497
    2      0.000000838007      0.000888977499      0.000888977498
    3      0.000450105437     -0.000314798726      0.000437127859
    4     -0.000452669757      0.000437821906     -0.000312146173
    5      0.000450105437      0.000437127860     -0.000314798725
    6     -0.000452669759     -0.000312146172      0.000437821906
    7     -0.000000224492     -0.000013910853     -0.000013910853
    8     -0.000000036401      0.000036117977      0.000036117977
    9      0.001031828237      0.002053869559      0.002053869559
   10     -0.000854872285      0.001884525200      0.001884525199
   11      0.000006181818      0.001025950908      0.001027311464
   12      0.000000080934     -0.000071976512     -0.000072222815
   13      0.000006181818      0.001027311464      0.001025950907
   14      0.000000080934     -0.000072222816     -0.000071976511
   15     -0.000039937278     -0.000032026084     -0.000032026084
   16      0.000040091914     -0.000032157713     -0.000032157713

Total stress tensor
     -0.000138787946      0.000003119046      0.000003119046
      0.000003119046     -0.000138886710      0.000000394323
      0.000003119046      0.000000394323     -0.000138886710

Total lattice derivs
     -0.006589460723      0.006434313326      0.006434313326
      0.006306024288     -0.006470146598      0.006186710160
      0.006306024288      0.006186710160     -0.006470146597

Maximal derivative component:        0.694246E-02 au

Volume:                              0.612542E+03 au^3
Pressure:                           -0.138854E-03 au    -0.408522E+10 Pa

Warning: dipole moment is not defined absolutely!
Dipole moment:   -0.00006309   -0.00799064   -0.00799064 au
Dipole moment:   -0.00016037   -0.02031019   -0.02031019 Debye


