 Fermi distribution function

Calculation with static geometry


********************************************************************************
 iSCC Total electronic   Diff electronic      SCC error    
    1   -0.14316763E+02    0.00000000E+00    0.62172489E-14
********************************************************************************

 Total charge:    -0.00000000

 Atomic gross charges (e)
 Atom           Charge
    1      -0.00000000
    2      -0.00000000
    3      -0.00000000
    4      -0.00000000
    5      -0.00000000
    6      -0.00000000
    7      -0.00000000
    8      -0.00000000

Nr. of electrons (up):     32.00000000
Atom populations (up)
 Atom       Population
    1       4.00000000
    2       4.00000000
    3       4.00000000
    4       4.00000000
    5       4.00000000
    6       4.00000000
    7       4.00000000
    8       4.00000000

l-shell populations (up)
 Atom Sh.   l       Population
    1   1   0       1.20297833
    1   2   1       2.79702167
    2   1   0       1.20297833
    2   2   1       2.79702167
    3   1   0       1.20297833
    3   2   1       2.79702167
    4   1   0       1.20297833
    4   2   1       2.79702167
    5   1   0       1.20297833
    5   2   1       2.79702167
    6   1   0       1.20297833
    6   2   1       2.79702167
    7   1   0       1.20297833
    7   2   1       2.79702167
    8   1   0       1.20297833
    8   2   1       2.79702167

Orbital populations (up)
 Atom Sh.   l   m       Population  Label
    1   1   0   0       1.20297833  s
    1   2   1  -1       0.93234056  p_y
    1   2   1   0       0.93234056  p_z
    1   2   1   1       0.93234056  p_x
    2   1   0   0       1.20297833  s
    2   2   1  -1       0.93234056  p_y
    2   2   1   0       0.93234056  p_z
    2   2   1   1       0.93234056  p_x
    3   1   0   0       1.20297833  s
    3   2   1  -1       0.93234056  p_y
    3   2   1   0       0.93234056  p_z
    3   2   1   1       0.93234056  p_x
    4   1   0   0       1.20297833  s
    4   2   1  -1       0.93234056  p_y
    4   2   1   0       0.93234056  p_z
    4   2   1   1       0.93234056  p_x
    5   1   0   0       1.20297833  s
    5   2   1  -1       0.93234056  p_y
    5   2   1   0       0.93234056  p_z
    5   2   1   1       0.93234056  p_x
    6   1   0   0       1.20297833  s
    6   2   1  -1       0.93234056  p_y
    6   2   1   0       0.93234056  p_z
    6   2   1   1       0.93234056  p_x
    7   1   0   0       1.20297833  s
    7   2   1  -1       0.93234056  p_y
    7   2   1   0       0.93234056  p_z
    7   2   1   1       0.93234056  p_x
    8   1   0   0       1.20297833  s
    8   2   1  -1       0.93234056  p_y
    8   2   1   0       0.93234056  p_z
    8   2   1   1       0.93234056  p_x

Fermi level:                        -0.0456737539 H           -1.2428 eV
Band energy:                       -14.3167626248 H         -389.5789 eV
TS:                                  0.0000000000 H            0.0000 eV
Band free energy (E-TS):           -14.3167626248 H         -389.5789 eV
Extrapolated E(0K):                -14.3167626248 H         -389.5789 eV
Input / Output electrons (q):     32.0000000000     32.0000000000

Energy H0:                         -14.3167626248 H         -389.5789 eV
Energy SCC:                         -0.0000000000 H           -0.0000 eV
Total Electronic energy:           -14.3167626248 H         -389.5789 eV
Repulsive energy:                    0.4310973787 H           11.7308 eV
Total energy:                      -13.8856652461 H         -377.8482 eV
Extrapolated to 0:                 -13.8856652461 H         -377.8482 eV
Total Mermin free energy:          -13.8856652461 H         -377.8482 eV
Force related energy:              -13.8856652461 H         -377.8482 eV

Non-constrained calculation

SCC converged

Total Forces
    1     -0.000000000000     -0.000000000000     -0.000000000000
    2      0.000000000000      0.000000000000      0.000000000000
    3      0.000000000000     -0.000000000000     -0.000000000000
    4     -0.000000000000      0.000000000000      0.000000000000
    5     -0.000000000000      0.000000000000     -0.000000000000
    6      0.000000000000     -0.000000000000      0.000000000000
    7     -0.000000000001     -0.000000000001      0.000000000000
    8      0.000000000001      0.000000000001     -0.000000000000

Total stress tensor
     -0.000138910884      0.000000000000      0.000000000000
      0.000000000000     -0.000138910884      0.000000000000
      0.000000000000      0.000000000000     -0.000138910884

Total lattice derivs
      0.006311610132     -0.000000000000     -0.000000000000
     -0.000000000000      0.006311610132     -0.000000000000
     -0.000000000000     -0.000000000000      0.006311610132

Maximal derivative component:        0.908547E-12 au

Volume:                              0.306271E+03 au^3
Pressure:                           -0.138911E-03 au    -0.408690E+10 Pa

Warning: dipole moment is not defined absolutely!
Dipole moment:   -0.00000000   -0.00000000   -0.00000000 au
Dipole moment:   -0.00000000   -0.00000000   -0.00000000 Debye


