|===============================================================================
|
|  DFTB+ development version (commit: a23bfb2)
|
|  Copyright (C) 2006 - 2025  DFTB+ developers group
|
|===============================================================================
|
|  When publishing results obtained with DFTB+, please cite the following
|  reference:
|
|    Recent Developments in DFTB+, a Software Package for Efficient Atomistic
|    Quantum Mechanical Simulations, J. Phys. Chem. A 129, 5373−5390 (2025).
|    [https://doi.org/10.1021/acs.jpca.5c01146]
|
|  You should also cite additional publications crediting the parametrization
|  data you use. Please consult the documentation of the SK-files for the
|  references.
|
|===============================================================================

Reading input file 'dftb_in.hsd'
Parser version: 14

--------------------------------------------------------------------------------
Reading SK-files:
./skf/C-C.skf
Done.


Processed input in HSD format written to 'dftb_pin.hsd'

Starting initialization...
--------------------------------------------------------------------------------
WARNING!
-> Dipole printed for extended system : value printed is not well defined
OpenMP threads:              1
Chosen random seed:          31029384
Current stacksize:           8 [Mb] (recommended: unlimited)
WARNING!
-> Current stacksize not set to unlimited or hard limit, which might cause
   random crashes (e.g. segmentation faults). It is advised to unlimit the
   stacksize by issuing 'ulimit -s unlimited' (Linux) or setting it to the 
   hard limit by 'ulimit -s hard' (Mac) in advance.
Mode:                        Static calculation
Self consistent charges:     Yes
SCC-tolerance:                 0.100000E-04
Max. scc iterations:                    100
Shell resolved Hubbard:      No
Spin polarisation:           No
Nr. of up electrons:            16.000000
Nr. of down electrons:          16.000000
Periodic boundaries:         Yes
Electronic solver:           Relatively robust
Mixer:                       Broyden mixer
Mixing parameter:                  0.200000
Nr. of chrg. vec. in memory:            100
Max. SCC-cycles:                        100
Electronic temperature:              0.100000E-07 H      0.272114E-06 eV
Initial charges:             Set automatically (system chrg:   0.000E+00)
Included shells:             C:  s, p
K-points and weights:           1:  0.000000  0.000000  0.000000     0.015625
                                2:  0.000000  0.000000  0.250000     0.031250
                                3:  0.000000  0.000000  0.500000     0.015625
                                4:  0.000000  0.250000  0.000000     0.031250
                                5:  0.000000  0.250000  0.250000     0.031250
                                6:  0.000000  0.250000  0.500000     0.031250
                                7:  0.000000  0.250000  0.750000     0.031250
                                8:  0.000000  0.500000  0.000000     0.015625
                                9:  0.000000  0.500000  0.250000     0.031250
                               10:  0.000000  0.500000  0.500000     0.015625
                               11:  0.250000  0.000000  0.000000     0.031250
                               12:  0.250000  0.000000  0.250000     0.031250
                               13:  0.250000  0.000000  0.500000     0.031250
                               14:  0.250000  0.000000  0.750000     0.031250
                               15:  0.250000  0.250000  0.000000     0.031250
                               16:  0.250000  0.250000  0.250000     0.031250
                               17:  0.250000  0.250000  0.500000     0.031250
                               18:  0.250000  0.250000  0.750000     0.031250
                               19:  0.250000  0.500000  0.000000     0.031250
                               20:  0.250000  0.500000  0.250000     0.031250
                               21:  0.250000  0.500000  0.500000     0.031250
                               22:  0.250000  0.500000  0.750000     0.031250
                               23:  0.250000  0.750000  0.000000     0.031250
                               24:  0.250000  0.750000  0.250000     0.031250
                               25:  0.250000  0.750000  0.500000     0.031250
                               26:  0.250000  0.750000  0.750000     0.031250
                               27:  0.500000  0.000000  0.000000     0.015625
                               28:  0.500000  0.000000  0.250000     0.031250
                               29:  0.500000  0.000000  0.500000     0.015625
                               30:  0.500000  0.250000  0.000000     0.031250
                               31:  0.500000  0.250000  0.250000     0.031250
                               32:  0.500000  0.250000  0.500000     0.031250
                               33:  0.500000  0.250000  0.750000     0.031250
                               34:  0.500000  0.500000  0.000000     0.015625
                               35:  0.500000  0.500000  0.250000     0.031250
                               36:  0.500000  0.500000  0.500000     0.015625

K-points in absolute space:     1:  0.000000  0.000000  0.000000
                                2:  0.000000  0.000000  0.037088
                                3:  0.000000  0.000000  0.074177
                                4:  0.000000  0.037088  0.000000
                                5:  0.000000  0.037088  0.037088
                                6:  0.000000  0.037088  0.074177
                                7:  0.000000  0.037088  0.111265
                                8:  0.000000  0.074177  0.000000
                                9:  0.000000  0.074177  0.037088
                               10:  0.000000  0.074177  0.074177
                               11:  0.037088  0.000000  0.000000
                               12:  0.037088  0.000000  0.037088
                               13:  0.037088  0.000000  0.074177
                               14:  0.037088  0.000000  0.111265
                               15:  0.037088  0.037088  0.000000
                               16:  0.037088  0.037088  0.037088
                               17:  0.037088  0.037088  0.074177
                               18:  0.037088  0.037088  0.111265
                               19:  0.037088  0.074177  0.000000
                               20:  0.037088  0.074177  0.037088
                               21:  0.037088  0.074177  0.074177
                               22:  0.037088  0.074177  0.111265
                               23:  0.037088  0.111265  0.000000
                               24:  0.037088  0.111265  0.037088
                               25:  0.037088  0.111265  0.074177
                               26:  0.037088  0.111265  0.111265
                               27:  0.074177  0.000000  0.000000
                               28:  0.074177  0.000000  0.037088
                               29:  0.074177  0.000000  0.074177
                               30:  0.074177  0.037088  0.000000
                               31:  0.074177  0.037088  0.037088
                               32:  0.074177  0.037088  0.074177
                               33:  0.074177  0.037088  0.111265
                               34:  0.074177  0.074177  0.000000
                               35:  0.074177  0.074177  0.037088
                               36:  0.074177  0.074177  0.074177

Extra options:
                             Mulliken analysis
                             Force calculation
Force type                   original

--------------------------------------------------------------------------------

***  Geometry step: 0

 iSCC Total electronic   Diff electronic      SCC error    
>> Charges saved for restart in charges.bin
    1   -0.14316763E+02    0.00000000E+00    0.62172489E-14

Total Energy:                      -13.8856652461 H         -377.8482 eV
Extrapolated to 0K:                -13.8856652461 H         -377.8482 eV
Total Mermin free energy:          -13.8856652461 H         -377.8482 eV
Force related energy:              -13.8856652461 H         -377.8482 eV

Volume:                              0.306271E+03 au^3   0.453847E+02 A^3
Pressure:                           -0.138911E-03 au    -0.408690E+10 Pa

--------------------------------------------------------------------------------
DFTB+ running times                          cpu [s]             wall clock [s]
--------------------------------------------------------------------------------
SCC                                    +       0.04 ( 59.2%)       0.04 ( 59.1%)
Post-SCC processing                    +       0.02 ( 32.6%)       0.02 ( 31.8%)
--------------------------------------------------------------------------------
Missing                                +       0.01 (  8.2%)       0.01 (  9.1%)
Total                                  =       0.07 (100.0%)       0.07 (100.0%)
--------------------------------------------------------------------------------
