 Fermi distribution function

Calculation with static geometry


********************************************************************************
 iSCC Total electronic   Diff electronic      SCC error    
    1   -0.14321540E+02    0.00000000E+00    0.31086245E-14
********************************************************************************

 Total charge:     0.00000000

 Atomic gross charges (e)
 Atom           Charge
    1       0.00000000
    2      -0.00000000
    3       0.00000000
    4      -0.00000000
    5       0.00000000
    6       0.00000000
    7       0.00000000
    8       0.00000000

Nr. of electrons (up):     32.00000000
Atom populations (up)
 Atom       Population
    1       4.00000000
    2       4.00000000
    3       4.00000000
    4       4.00000000
    5       4.00000000
    6       4.00000000
    7       4.00000000
    8       4.00000000

l-shell populations (up)
 Atom Sh.   l       Population
    1   1   0       1.20099160
    1   2   1       2.79900840
    2   1   0       1.20099160
    2   2   1       2.79900840
    3   1   0       1.20099160
    3   2   1       2.79900840
    4   1   0       1.20099160
    4   2   1       2.79900840
    5   1   0       1.20099160
    5   2   1       2.79900840
    6   1   0       1.20099160
    6   2   1       2.79900840
    7   1   0       1.20099160
    7   2   1       2.79900840
    8   1   0       1.20099160
    8   2   1       2.79900840

Orbital populations (up)
 Atom Sh.   l   m       Population  Label
    1   1   0   0       1.20099160  s
    1   2   1  -1       0.93238766  p_y
    1   2   1   0       0.93238766  p_z
    1   2   1   1       0.93423308  p_x
    2   1   0   0       1.20099160  s
    2   2   1  -1       0.93238766  p_y
    2   2   1   0       0.93238766  p_z
    2   2   1   1       0.93423308  p_x
    3   1   0   0       1.20099160  s
    3   2   1  -1       0.93238766  p_y
    3   2   1   0       0.93238766  p_z
    3   2   1   1       0.93423308  p_x
    4   1   0   0       1.20099160  s
    4   2   1  -1       0.93238766  p_y
    4   2   1   0       0.93238766  p_z
    4   2   1   1       0.93423308  p_x
    5   1   0   0       1.20099160  s
    5   2   1  -1       0.93238766  p_y
    5   2   1   0       0.93238766  p_z
    5   2   1   1       0.93423308  p_x
    6   1   0   0       1.20099160  s
    6   2   1  -1       0.93238766  p_y
    6   2   1   0       0.93238766  p_z
    6   2   1   1       0.93423308  p_x
    7   1   0   0       1.20099160  s
    7   2   1  -1       0.93238766  p_y
    7   2   1   0       0.93238766  p_z
    7   2   1   1       0.93423308  p_x
    8   1   0   0       1.20099160  s
    8   2   1  -1       0.93238766  p_y
    8   2   1   0       0.93238766  p_z
    8   2   1   1       0.93423308  p_x

Fermi level:                        -0.0450460569 H           -1.2258 eV
Band energy:                       -14.3215403388 H         -389.7089 eV
TS:                                  0.0000000000 H            0.0000 eV
Band free energy (E-TS):           -14.3215403388 H         -389.7089 eV
Extrapolated E(0K):                -14.3215403388 H         -389.7089 eV
Input / Output electrons (q):     32.0000000000     32.0000000000

Energy H0:                         -14.3215403388 H         -389.7089 eV
Energy SCC:                         -0.0000000000 H           -0.0000 eV
Total Electronic energy:           -14.3215403388 H         -389.7089 eV
Repulsive energy:                    0.4358107702 H           11.8590 eV
Total energy:                      -13.8857295686 H         -377.8499 eV
Extrapolated to 0:                 -13.8857295686 H         -377.8499 eV
Total Mermin free energy:          -13.8857295686 H         -377.8499 eV
Force related energy:              -13.8857295686 H         -377.8499 eV

Non-constrained calculation

SCC converged

Total Forces
    1      0.000000000000     -0.000000000001     -0.000000000001
    2      0.000000000000     -0.000000000000     -0.000000000000
    3     -0.000000000000      0.000000000000      0.000000000000
    4      0.000000000000      0.000000000001      0.000000000000
    5      0.000000000000     -0.000000000000      0.000000000000
    6     -0.000000000000     -0.000000000001      0.000000000001
    7      0.000000000000      0.000000000000     -0.000000000000
    8     -0.000000000000      0.000000000001     -0.000000000001

Total stress tensor
      0.000055565002      0.000000000000      0.000000000000
      0.000000000000     -0.000104313810      0.000000000000
      0.000000000000      0.000000000000     -0.000104313810

Total lattice derivs
     -0.002524673526     -0.000000000000     -0.000000000000
     -0.000000000000      0.004715945499     -0.000000000000
     -0.000000000000     -0.000000000000      0.004715945499

Maximal derivative component:        0.114860E-11 au

Volume:                              0.304740E+03 au^3
Pressure:                           -0.510209E-04 au    -0.150109E+10 Pa

Warning: dipole moment is not defined absolutely!
Dipole moment:    0.00000000    0.00000000    0.00000000 au
Dipole moment:    0.00000000    0.00000000    0.00000000 Debye


