9
 energy: -11.391281579235 gnorm: 0.020837227039 xtb: 6.7.1 (edcfbbe)
C           -1.02138069248849       -0.01020250527961       -0.08404474227014
C            0.44000695032991        0.09281385741993        0.29688146951883
O            1.23571576616998       -0.29763521524409       -0.81219510328640
H           -1.66411037167463        0.28429850367878        0.75024507576473
H           -1.24215560597585        0.63101495199797       -0.94381120323334
H           -1.27200522458222       -1.03459112669263       -0.37885536191530
H            0.66417413049350       -0.56631942623547        1.14089162552725
H            0.69442558400994        1.12172163749725        0.56832208728897
H            2.16532946371788       -0.22110067714236       -0.53743384739486
9
 energy: -11.391777786991 gnorm: 0.009213247425 xtb: 6.7.1 (edcfbbe)
C           -1.02079698153850       -0.01186848828869       -0.08892586252041
C            0.44049448642191        0.09320154022327        0.29804933690235
O            1.23193728954685       -0.29814859743960       -0.81390831111890
H           -1.65458468871415        0.28236119943695        0.74503651945648
H           -1.22805483074263        0.63449318622198       -0.94073478419078
H           -1.25799088002011       -1.03593237258123       -0.37414403564660
H            0.64906808229036       -0.56214882536389        1.15415234204043
H            0.67933965977124        1.12696492654888        0.58121980001736
H            2.16058786298505       -0.22892256875788       -0.56074500494017
9
 energy: -11.391857963564 gnorm: 0.003076417220 xtb: 6.7.1 (edcfbbe)
C           -1.02331968849851       -0.01272090913426       -0.09157283514560
C            0.44131458078206        0.09342011006862        0.29873735629301
O            1.23057129953577       -0.29696024066073       -0.81047700306064
H           -1.65393348240107        0.28138489992878        0.74219169698013
H           -1.22529415221780        0.63393518479685       -0.94043544177930
H           -1.25521057548032       -1.03539659675035       -0.37421511425605
H            0.64794719172066       -0.55939165015073        1.15954943752570
H            0.67818985143733        1.12809649293870        0.58716864036587
H            2.15973497512190       -0.23236729103709       -0.57094673692337
9
 energy: -11.391866038314 gnorm: 0.001287966753 xtb: 6.7.1 (edcfbbe)
C           -1.02375805111479       -0.01277551542551       -0.09175695844833
C            0.44184575248058        0.09351651589250        0.29904987677305
O            1.22936756308740       -0.29634150327124       -0.80871642198223
H           -1.65436919720823        0.28140646734203        0.74223162165268
H           -1.22426514824082        0.63376945187671       -0.94099202711743
H           -1.25418318623178       -1.03563678199164       -0.37474612283445
H            0.64763351660175       -0.55907519954566        1.16055862070993
H            0.67787725016845        1.12846919555111        0.58815886590633
H            2.15985150045746       -0.23333263042852       -0.57378745465979
9
 energy: -11.391867234789 gnorm: 0.000402955315 xtb: 6.7.1 (edcfbbe)
C           -1.02347331003271       -0.01272383211626       -0.09158949170842
C            0.44254560826521        0.09352054800760        0.29909912321117
O            1.22861816292338       -0.29596220730484       -0.80763770045897
H           -1.65469677622716        0.28142655664243        0.74227255241711
H           -1.22425140834625        0.63360037068004       -0.94142797524842
H           -1.25416908500885       -1.03576829906554       -0.37519437791580
H            0.64746745408703       -0.55887765068157        1.16093480309584
H            0.67770902747027        1.12854635212603        0.58857602724603
H            2.16025032686911       -0.23376183828809       -0.57503296063878
