 Fermi distribution function

Calculation with static geometry


********************************************************************************
 iSCC Total electronic   Diff electronic      SCC error    
    6   -0.57660776E+01   -0.16724253E-07    0.24336384E-06
********************************************************************************

 Total charge:    -0.00000000

 Atomic gross charges (e)
 Atom           Charge
    1      -0.17834305
    2      -0.20130398
    3       0.06321604
    4       0.06321589
    5       0.06321589
    6       0.06333316
    7       0.06333303
    8       0.06333303

Nr. of electrons (up):     14.00000000
Atom populations (up)
 Atom       Population
    1       4.17834305
    2       4.20130398
    3       0.93678396
    4       0.93678411
    5       0.93678411
    6       0.93666684
    7       0.93666697
    8       0.93666697

l-shell populations (up)
 Atom Sh.   l       Population
    1   1   0       1.24451375
    1   2   1       2.93382930
    2   1   0       1.23650669
    2   2   1       2.96479729
    3   1   0       0.93678396
    4   1   0       0.93678411
    5   1   0       0.93678411
    6   1   0       0.93666684
    7   1   0       0.93666697
    8   1   0       0.93666697

Orbital populations (up)
 Atom Sh.   l   m       Population  Label
    1   1   0   0       1.24451375  s
    1   2   1  -1       0.98846512  p_y
    1   2   1   0       0.95689910  p_z
    1   2   1   1       0.98846509  p_x
    2   1   0   0       1.23650669  s
    2   2   1  -1       1.00909169  p_y
    2   2   1   0       0.94661392  p_z
    2   2   1   1       1.00909168  p_x
    3   1   0   0       0.93678396  s
    4   1   0   0       0.93678411  s
    5   1   0   0       0.93678411  s
    6   1   0   0       0.93666684  s
    7   1   0   0       0.93666697  s
    8   1   0   0       0.93666697  s

Fermi level:                        -0.0019719763 H           -0.0537 eV
Band energy:                        -5.5846848280 H         -151.9670 eV
TS:                                  0.0000000000 H            0.0000 eV
Band free energy (E-TS):            -5.5846848280 H         -151.9670 eV
Extrapolated E(0K):                 -5.5846848280 H         -151.9670 eV
Input / Output electrons (q):     14.0000000000     14.0000000000

Energy H0:                          -5.7678796885 H         -156.9520 eV
Energy SCC:                          0.0018020696 H            0.0490 eV
Total Electronic energy:            -5.7660776189 H         -156.9030 eV
Repulsive energy:                    0.0702630957 H            1.9120 eV
Total energy:                       -5.6958145232 H         -154.9910 eV
Extrapolated to 0:                  -5.6958145232 H         -154.9910 eV
Total Mermin free energy:           -5.6958145232 H         -154.9910 eV
Force related energy:               -5.6958145232 H         -154.9910 eV

Non-constrained calculation

SCC converged

Total Forces
    1     -0.000000003029     -0.000000343004      0.009363291858
    2      0.000000104879      0.000000299244     -0.017250934515
    3      0.000732886460      0.002936321844      0.001806129403
    4     -0.002909129149     -0.000833299107      0.001806012703
    5      0.002176242883     -0.002102695044      0.001806012784
    6     -0.007478359458     -0.023198883908      0.000823073972
    7     -0.016351478846      0.018075672343      0.000823207144
    8      0.023829736261      0.005122927632      0.000823206652

Maximal derivative component:        0.238297E-01 au

Dipole moment:   -0.00000003    0.00000005    0.00574631 au
Dipole moment:   -0.00000008    0.00000012    0.01460566 Debye


